Archive member included to satisfy reference by file (symbol)

../../mAbassi/Platform/lib\lib_mAbassi_EVAL_GCC_AR5_CY5.a(mAbassi_EVAL_A9_GCC_2_NR.o)
                              Shell.o (TSKgetID)
../../mAbassi/Platform/lib\lib_mAbassi_EVAL_GCC_AR5_CY5.a(mAbassi_EVAL_GCC_AR5_CY5_NR.o)
                              (_vector_table)
../../mAbassi/Platform/lib\lib_mAbassi_EVAL_GCC_AR5_CY5.a(ARMv7_SMP_L1_L2_GCC_AR5_CY5.o)
                              ../../mAbassi/Platform/lib\lib_mAbassi_EVAL_GCC_AR5_CY5.a(mAbassi_EVAL_GCC_AR5_CY5_NR.o) (COREcacheON)
c:/intelfpga/18.0/embedded/host_tools/mentor/gnu/arm/baremetal/bin/../lib/gcc/arm-altera-eabi/6.2.0/../../../../arm-altera-eabi/lib\libcs3.a(start_c.o)
                              (__cs3_start_c)
c:/intelfpga/18.0/embedded/host_tools/mentor/gnu/arm/baremetal/bin/../lib/gcc/arm-altera-eabi/6.2.0/../../../../arm-altera-eabi/lib\libcs3unhosted.a(unhosted-start.o)
                              ../../mAbassi/Platform/lib\lib_mAbassi_EVAL_GCC_AR5_CY5.a(mAbassi_EVAL_GCC_AR5_CY5_NR.o) (_start)
c:/intelfpga/18.0/embedded/host_tools/mentor/gnu/arm/baremetal/bin/../lib/gcc/arm-altera-eabi/6.2.0\libgcc.a(_udivsi3.o)
                              arm_pl330.o (__aeabi_uidiv)
c:/intelfpga/18.0/embedded/host_tools/mentor/gnu/arm/baremetal/bin/../lib/gcc/arm-altera-eabi/6.2.0\libgcc.a(_divsi3.o)
                              arm_pl330.o (__aeabi_idiv)
c:/intelfpga/18.0/embedded/host_tools/mentor/gnu/arm/baremetal/bin/../lib/gcc/arm-altera-eabi/6.2.0\libgcc.a(_dvmd_tls.o)
                              c:/intelfpga/18.0/embedded/host_tools/mentor/gnu/arm/baremetal/bin/../lib/gcc/arm-altera-eabi/6.2.0\libgcc.a(_udivsi3.o) (__aeabi_idiv0)
c:/intelfpga/18.0/embedded/host_tools/mentor/gnu/arm/baremetal/bin/../lib/gcc/arm-altera-eabi/6.2.0\libgcc.a(_aeabi_ldivmod.o)
                              Media_FatFS.o (__aeabi_ldivmod)
c:/intelfpga/18.0/embedded/host_tools/mentor/gnu/arm/baremetal/bin/../lib/gcc/arm-altera-eabi/6.2.0\libgcc.a(_aeabi_uldivmod.o)
                              ff.o (__aeabi_uldivmod)
c:/intelfpga/18.0/embedded/host_tools/mentor/gnu/arm/baremetal/bin/../lib/gcc/arm-altera-eabi/6.2.0\libgcc.a(_udivmoddi4.o)
                              c:/intelfpga/18.0/embedded/host_tools/mentor/gnu/arm/baremetal/bin/../lib/gcc/arm-altera-eabi/6.2.0\libgcc.a(_aeabi_ldivmod.o) (__udivmoddi4)
c:/intelfpga/18.0/embedded/host_tools/mentor/gnu/arm/baremetal/bin/../lib/gcc/arm-altera-eabi/6.2.0\libgcc.a(_clzdi2.o)
                              c:/intelfpga/18.0/embedded/host_tools/mentor/gnu/arm/baremetal/bin/../lib/gcc/arm-altera-eabi/6.2.0\libgcc.a(_udivmoddi4.o) (__clzdi2)
c:/intelfpga/18.0/embedded/host_tools/mentor/gnu/arm/baremetal/bin/../lib/gcc/arm-altera-eabi/6.2.0\libgcc.a(_clzsi2.o)
                              c:/intelfpga/18.0/embedded/host_tools/mentor/gnu/arm/baremetal/bin/../lib/gcc/arm-altera-eabi/6.2.0\libgcc.a(_clzdi2.o) (__clzsi2)
c:/intelfpga/18.0/embedded/host_tools/mentor/gnu/arm/baremetal/bin/../lib/gcc/arm-altera-eabi/6.2.0/../../../../arm-altera-eabi/lib\libc.a(lib_a-calloc.o)
                              queue.o (calloc)
c:/intelfpga/18.0/embedded/host_tools/mentor/gnu/arm/baremetal/bin/../lib/gcc/arm-altera-eabi/6.2.0/../../../../arm-altera-eabi/lib\libc.a(lib_a-callocr.o)
                              c:/intelfpga/18.0/embedded/host_tools/mentor/gnu/arm/baremetal/bin/../lib/gcc/arm-altera-eabi/6.2.0/../../../../arm-altera-eabi/lib\libc.a(lib_a-calloc.o) (_calloc_r)
c:/intelfpga/18.0/embedded/host_tools/mentor/gnu/arm/baremetal/bin/../lib/gcc/arm-altera-eabi/6.2.0/../../../../arm-altera-eabi/lib\libc.a(lib_a-errno.o)
                              SysCall_CY5.o (__errno)
c:/intelfpga/18.0/embedded/host_tools/mentor/gnu/arm/baremetal/bin/../lib/gcc/arm-altera-eabi/6.2.0/../../../../arm-altera-eabi/lib\libc.a(lib_a-getreent.o)
                              Main_mAbassi.o (__getreent)
c:/intelfpga/18.0/embedded/host_tools/mentor/gnu/arm/baremetal/bin/../lib/gcc/arm-altera-eabi/6.2.0/../../../../arm-altera-eabi/lib\libc.a(lib_a-impure.o)
                              SysCall_FatFS.o (_impure_ptr)
c:/intelfpga/18.0/embedded/host_tools/mentor/gnu/arm/baremetal/bin/../lib/gcc/arm-altera-eabi/6.2.0/../../../../arm-altera-eabi/lib\libc.a(lib_a-init.o)
                              c:/intelfpga/18.0/embedded/host_tools/mentor/gnu/arm/baremetal/bin/../lib/gcc/arm-altera-eabi/6.2.0/../../../../arm-altera-eabi/lib\libcs3.a(start_c.o) (__libc_init_array)
c:/intelfpga/18.0/embedded/host_tools/mentor/gnu/arm/baremetal/bin/../lib/gcc/arm-altera-eabi/6.2.0/../../../../arm-altera-eabi/lib\libc.a(lib_a-lcltime.o)
                              MyApp_MTL.o (localtime)
c:/intelfpga/18.0/embedded/host_tools/mentor/gnu/arm/baremetal/bin/../lib/gcc/arm-altera-eabi/6.2.0/../../../../arm-altera-eabi/lib\libc.a(lib_a-lcltime_r.o)
[...]
Memory Configuration

Name             Origin             Length             Attributes
ram              0x02000000         0x1e000000         xrw
uram             0xffff0000         0x00010000         xrw
*default*        0x00000000         0xffffffff

Linker script and memory map

LOAD c:/intelfpga/18.0/embedded/host_tools/mentor/gnu/arm/baremetal/bin/../lib/gcc/arm-altera-eabi/6.2.0/crti.o
LOAD c:/intelfpga/18.0/embedded/host_tools/mentor/gnu/arm/baremetal/bin/../lib/gcc/arm-altera-eabi/6.2.0/crtbegin.o
LOAD Main_mAbassi.o
LOAD MyApp_MTL.o
LOAD TIMERinit.o
LOAD alt_gpio.o
LOAD arm_acp.o
LOAD arm_pl330.o
LOAD dw_i2c.o
LOAD dw_uart.o
LOAD MediaIF.o
LOAD SysCall_CY5.o
LOAD dw_sdmmc.o
LOAD ff.o
LOAD ffunicode.o
LOAD Abassi_FatFS.o
LOAD Media_FatFS.o
LOAD SysCall_FatFS.o
LOAD tahomabold_20.o
LOAD tahomabold_32.o
LOAD geometry.o
LOAD gesture.o
LOAD gui_vpg.o
LOAD gui.o
LOAD vip_fr.o
LOAD simple_graphics.o
LOAD simple_text.o
LOAD debug.o
LOAD multi_touch.o
LOAD queue.o
LOAD alt_generalpurpose_io.o
LOAD alt_globaltmr.o
LOAD alt_clock_manager.o
LOAD mAbassiCfgA9.o
LOAD Shell.o
LOAD SubShell.o
LOAD ../../mAbassi/Platform/lib\lib_mAbassi_EVAL_GCC_AR5_CY5.a
LOAD c:/intelfpga/18.0/embedded/host_tools/mentor/gnu/arm/baremetal/bin/../lib/gcc/arm-altera-eabi/6.2.0/../../../../arm-altera-eabi/lib\libcs3.a
LOAD c:/intelfpga/18.0/embedded/host_tools/mentor/gnu/arm/baremetal/bin/../lib/gcc/arm-altera-eabi/6.2.0/../../../../arm-altera-eabi/lib\libcs3unhosted.a
LOAD c:/intelfpga/18.0/embedded/host_tools/mentor/gnu/arm/baremetal/bin/../lib/gcc/arm-altera-eabi/6.2.0/../../../../arm-altera-eabi/lib\libcs3arm.a
LOAD c:/intelfpga/18.0/embedded/host_tools/mentor/gnu/arm/baremetal/bin/../lib/gcc/arm-altera-eabi/6.2.0\libgcc.a
LOAD c:/intelfpga/18.0/embedded/host_tools/mentor/gnu/arm/baremetal/bin/../lib/gcc/arm-altera-eabi/6.2.0/../../../../arm-altera-eabi/lib\libc.a
LOAD c:/intelfpga/18.0/embedded/host_tools/mentor/gnu/arm/baremetal/bin/../lib/gcc/arm-altera-eabi/6.2.0/../../../../arm-altera-eabi/lib\libstdc++.a
LOAD c:/intelfpga/18.0/embedded/host_tools/mentor/gnu/arm/baremetal/bin/../lib/gcc/arm-altera-eabi/6.2.0/../../../../arm-altera-eabi/lib\libm.a
START GROUP
LOAD c:/intelfpga/18.0/embedded/host_tools/mentor/gnu/arm/baremetal/bin/../lib/gcc/arm-altera-eabi/6.2.0\libgcc.a
LOAD c:/intelfpga/18.0/embedded/host_tools/mentor/gnu/arm/baremetal/bin/../lib/gcc/arm-altera-eabi/6.2.0/../../../../arm-altera-eabi/lib\libc.a
END GROUP
LOAD c:/intelfpga/18.0/embedded/host_tools/mentor/gnu/arm/baremetal/bin/../lib/gcc/arm-altera-eabi/6.2.0/crtend.o
LOAD c:/intelfpga/18.0/embedded/host_tools/mentor/gnu/arm/baremetal/bin/../lib/gcc/arm-altera-eabi/6.2.0/crtn.o
                0x00002000                _STACK_SIZE = DEFINED (_STACK_SIZE)?_STACK_SIZE:0x2000
                0x10000000                _MDRV_SIZE = DEFINED (_MDRV_SIZE)?_MDRV_SIZE:0x10000000
                0x00000800                _SUPERVISOR_STACK_SIZE = DEFINED (_SUPERVISOR_STACK_SIZE)?_SUPERVISOR_STACK_SIZE:0x800
                0x00000800                _ABORT_STACK_SIZE = DEFINED (_ABORT_STACK_SIZE)?_ABORT_STACK_SIZE:0x800
                0x00000800                _FIQ_STACK_SIZE = DEFINED (_FIQ_STACK_SIZE)?_FIQ_STACK_SIZE:0x800
                0x00002000                _IRQ_STACK_SIZE = DEFINED (_IRQ_STACK_SIZE)?_IRQ_STACK_SIZE:0x2000
                0x00000800                _UNDEF_STACK_SIZE = DEFINED (_UNDEF_STACK_SIZE)?_UNDEF_STACK_SIZE:0x800
                0x00000001                PROVIDE (__cs3_region_num, ((__cs3_regions_end - __cs3_regions) / 0x14))
                0x0208a1ac                __libc_fini = _fini

.text           0x02000000    0x39674
 CREATE_OBJECT_SYMBOLS
                0x02000000                __cs3_region_start_ram = .
                0x02000000                _ftext = .
 *(.cs3.region-head.ram)
                0x00000001                ASSERT ((. == __cs3_region_start_ram), .cs3.region-head.ram not permitted)
                0x02000000                __cs3_interrupt_vector = __cs3_interrupt_vector_arm
 *(.cs3.interrupt_vector)
 .cs3.interrupt_vector
                0x02000000       0x3c ../../mAbassi/Platform/lib\lib_mAbassi_EVAL_GCC_AR5_CY5.a(mAbassi_EVAL_GCC_AR5_CY5_NR.o)
                0x02000000                Vectors
                0x02000000                __cs3_interrupt_vector_arm
                0x02000000                _vector_table
 *(.vectors)
                0x020292c8                PROVIDE (__cs3_reset, __cs3_reset_generic)
 *(.cs3.reset)
                [0x020000d0]                _start = DEFINED (__cs3_start_asm)?__cs3_start_asm:_start
 *(.text.cs3.init)
 .text.cs3.init
                0x0200003c       0x94 c:/intelfpga/18.0/embedded/host_tools/mentor/gnu/arm/baremetal/bin/../lib/gcc/arm-altera-eabi/6.2.0/../../../../arm-altera-eabi/lib\libcs3.a(start_c.o)
                0x0200003c                __cs3_start_c
 .text.cs3.init
                0x020000d0        0xc c:/intelfpga/18.0/embedded/host_tools/mentor/gnu/arm/baremetal/bin/../lib/gcc/arm-altera-eabi/6.2.0/../../../../arm-altera-eabi/lib\libcs3unhosted.a(unhosted-start.o)
 *(.text .text.* .gnu.linkonce.t.*)
 .text          0x020000dc      0x108 c:/intelfpga/18.0/embedded/host_tools/mentor/gnu/arm/baremetal/bin/../lib/gcc/arm-altera-eabi/6.2.0/crtbegin.o
 .text.startup.main
                0x020001e4      0x338 Main_mAbassi.o
                0x020001e4                main
 .text.TIMcallBack
                0x0200051c        0x4 Main_mAbassi.o
                0x0200051c                TIMcallBack
 .text.spi_CallbackInterrupt
                0x02000520       0x5c MyApp_MTL.o
                0x02000520                spi_CallbackInterrupt
 .text.mtc_CallbackInterrupt
                0x0200057c       0x48 MyApp_MTL.o
                0x0200057c                mtc_CallbackInterrupt
 .text.button_CallbackInterrupt
                0x020005c4       0x74 MyApp_MTL.o
                0x020005c4                button_CallbackInterrupt
 .text.Task_DisplayFile
                0x02000638      0x218 MyApp_MTL.o
                0x02000638                Task_DisplayFile
 .text.Task_FPGA_Led
                0x02000850       0x48 MyApp_MTL.o
                0x02000850                Task_FPGA_Led
 .text.Task_FPGA_Button
                0x02000898       0xb0 MyApp_MTL.o
                0x02000898                Task_FPGA_Button
 .text.setup_hps_gpio
                0x02000948       0x78 MyApp_MTL.o
                0x02000948                setup_hps_gpio
 .text.Task_HPS_Led
                0x020009c0      0x170 MyApp_MTL.o
                0x020009c0                Task_HPS_Led
 .text.cmd_ls   0x02000b30      0x2f0 MyApp_MTL.o
                0x02000b30                cmd_ls
 .text.Task_MTL
                0x02000e20      0x14c MyApp_MTL.o
                0x02000e20                Task_MTL
 .text.TIMERinit
                0x02000f6c       0x28 TIMERinit.o
                0x02000f6c                TIMERinit
 .text.gpio_init
                0x02000f94       0x54 alt_gpio.o
                0x02000f94                gpio_init
 .text.DMAasm   0x02000fe8      0x288 arm_pl330.o
 .text.dma_start_X.constprop.9
                0x02001270      0x1e0 arm_pl330.o
 .text.dma_cleanup.part.0.constprop.10
                0x02001450      0x528 arm_pl330.o
 .text.dma_kill_X
                0x02001978      0x270 arm_pl330.o
 .text.dma_done
                0x02001be8      0x124 arm_pl330.o
                0x02001be8                dma_done
 .text.dma_kill
                0x02001d0c       0x2c arm_pl330.o
                0x02001d0c                dma_kill
 .text.dma_start
                0x02001d38      0x1ac arm_pl330.o
                0x02001d38                dma_start
 .text.dma_wait
                0x02001ee4      0x45c arm_pl330.o
                0x02001ee4                dma_wait
 .text.dma_xfer
                0x02002340     0x1c64 arm_pl330.o
                0x02002340                dma_xfer
 *fill*         0x02003fa4        0x4 
 .text.dma_init
                0x02003fa8      0x340 arm_pl330.o
                0x02003fa8                dma_init
 .text.DMAintHndl_0
                0x020042e8      0x140 arm_pl330.o
                0x020042e8                DMAintHndl_0
 .text.DMAintHndl_1
                0x02004428      0x148 arm_pl330.o
                0x02004428                DMAintHndl_1
 .text.DMAintHndl_2
                0x02004570      0x148 arm_pl330.o
                0x02004570                DMAintHndl_2
 .text.DMAintHndl_3
                0x020046b8      0x14c arm_pl330.o
                0x020046b8                DMAintHndl_3
 .text.DMAintHndl_4
                0x02004804      0x148 arm_pl330.o
                0x02004804                DMAintHndl_4
 .text.DMAintHndl_5
                0x0200494c      0x14c arm_pl330.o
                0x0200494c                DMAintHndl_5
 .text.DMAintHndl_6
                0x02004a98      0x148 arm_pl330.o
                0x02004a98                DMAintHndl_6
 .text.DMAintHndl_7
                0x02004be0      0x14c arm_pl330.o
                0x02004be0                DMAintHndl_7
 .text.i2c_init
                0x02004d2c      0x598 dw_i2c.o
                0x02004d2c                i2c_init
 .text.i2c_send
                0x020052c4      0x7b4 dw_i2c.o
                0x020052c4                i2c_send
 .text.i2c_recv
                0x02005a78      0xae0 dw_i2c.o
                0x02005a78                i2c_recv
 .text.uart_send
                0x02006558      0x8a8 dw_uart.o
                0x02006558                uart_send
 .text.uart_recv
                0x02006e00      0x794 dw_uart.o
                0x02006e00                uart_recv
 .text.uart_filt
                0x02007594       0x90 dw_uart.o
                0x02007594                uart_filt
 .text.uart_init
                0x02007624      0x3f4 dw_uart.o
                0x02007624                uart_init
 .text.UARTintHndl_0
                0x02007a18      0x1a0 dw_uart.o
                0x02007a18                UARTintHndl_0
 .text.UARTintHndl_1
                0x02007bb8      0x1a0 dw_uart.o
                0x02007bb8                UARTintHndl_1
 .text.MEDIAstatus
                0x02007d58       0x50 MediaIF.o
                0x02007d58                MEDIAstatus
 .text.MEDIAinit
                0x02007da8       0xe0 MediaIF.o
                0x02007da8                MEDIAinit
 .text.MEDIAread
                0x02007e88      0x1b8 MediaIF.o
                0x02007e88                MEDIAread
 .text.MEDIAwrite
                0x02008040      0x1b0 MediaIF.o
                0x02008040                MEDIAwrite
 .text.MEDIAsize
                0x020081f0       0x64 MediaIF.o
                0x020081f0                MEDIAsize
 .text.MEDIAblksize
                0x02008254       0x50 MediaIF.o
                0x02008254                MEDIAblksize
 .text.MEDIAsectsz
                0x020082a4       0x48 MediaIF.o
                0x020082a4                MEDIAsectsz
 .text.MEDIAinfo
                0x020082ec       0x2c MediaIF.o
                0x020082ec                MEDIAinfo
 .text.mmc_sendcmd.constprop.5
                0x02008318      0x3f0 dw_sdmmc.o
 .text.SDprepData.isra.1.constprop.6
                0x02008708      0x16c dw_sdmmc.o
 .text.mmc_sendcmd.constprop.3
                0x02008874      0x48c dw_sdmmc.o
 .text.mmc_sendcmd.constprop.2
                0x02008d00      0x48c dw_sdmmc.o
 .text.mmc_sendstatus
                0x0200918c      0x38c dw_sdmmc.o
                0x0200918c                mmc_sendstatus
 .text.mmc_read
                0x02009518      0x384 dw_sdmmc.o
                0x02009518                mmc_read
 .text.mmc_write
                0x0200989c      0x378 dw_sdmmc.o
                0x0200989c                mmc_write
 *fill*         0x02009c14        0x4 
 .text.mmc_init
                0x02009c18     0x13d0 dw_sdmmc.o
                0x02009c18                mmc_init
 .text.mmc_blklen
                0x0200afe8       0x10 dw_sdmmc.o
                0x0200afe8                mmc_blklen
 .text.mmc_capacity
                0x0200aff8       0x10 dw_sdmmc.o
                0x0200aff8                mmc_capacity
 .text.MMCintHndl_0
                0x0200b008       0xa8 dw_sdmmc.o
                0x0200b008                MMCintHndl_0
 .text.init_alloc_info.isra.5
                0x0200b0b0       0xd0 ff.o
 .text.get_fileinfo
                0x0200b180      0x554 ff.o
 .text.move_window
                0x0200b6d4       0xbc ff.o
 .text.get_fat  0x0200b790      0x274 ff.o
 .text.dir_next.constprop.16
                0x0200ba04      0x124 ff.o
 .text.sync_fs  0x0200bb28      0x16c ff.o
 .text.dir_clear
                0x0200bc94      0x1bc ff.o
 .text.check_fs
                0x0200be50      0x18c ff.o
 .text.find_volume
                0x0200bfdc      0x964 ff.o
 .text.load_xdir
                0x0200c940      0x354 ff.o
 .text.dir_read.constprop.15
                0x0200cc94      0x72c ff.o
 .text.put_fat.part.9
                0x0200d3c0      0x444 ff.o
 .text.create_chain
                0x0200d804      0x850 ff.o
 .text.remove_chain
                0x0200e054      0x778 ff.o
 .text.dir_sdi  0x0200e7cc      0x564 ff.o
 .text.dir_alloc
                0x0200ed30      0x2fc ff.o
 .text.store_xdir
                0x0200f02c      0x318 ff.o
 .text.dir_find
                0x0200f344      0x68c ff.o
 .text.dir_register
                0x0200f9d0      0xec0 ff.o
 .text.follow_path
                0x02010890      0x73c ff.o
 .text.f_mount  0x02010fcc      0x1b4 ff.o
                0x02010fcc                f_mount
 .text.f_open   0x02011180      0xa94 ff.o
                0x02011180                f_open
 .text.f_read   0x02011c14      0x730 ff.o
                0x02011c14                f_read
 .text.f_write  0x02012344      0x784 ff.o
                0x02012344                f_write
 .text.f_sync   0x02012ac8      0x4a8 ff.o
                0x02012ac8                f_sync
 .text.f_close  0x02012f70      0x5f4 ff.o
                0x02012f70                f_close
 .text.f_lseek  0x02013564      0x550 ff.o
                0x02013564                f_lseek
 .text.f_opendir
                0x02013ab4      0x454 ff.o
                0x02013ab4                f_opendir
 .text.f_closedir
                0x02013f08      0x10c ff.o
                0x02013f08                f_closedir
 .text.f_readdir
                0x02014014      0x150 ff.o
                0x02014014                f_readdir
 .text.f_stat   0x02014164       0xe8 ff.o
                0x02014164                f_stat
 .text.f_truncate
                0x0201424c      0x20c ff.o
                0x0201424c                f_truncate
 .text.f_chmod  0x02014458      0x14c ff.o
                0x02014458                f_chmod
 .text.ff_uni2oem
                0x020145a4       0x68 ffunicode.o
                0x020145a4                ff_uni2oem
 .text.ff_oem2uni
                0x0201460c       0x3c ffunicode.o
                0x0201460c                ff_oem2uni
 .text.ff_wtoupper
                0x02014648      0x134 ffunicode.o
                0x02014648                ff_wtoupper
 .text.ff_cre_syncobj
                0x0201477c       0xc0 Abassi_FatFS.o
                0x0201477c                ff_cre_syncobj
 .text.ff_del_syncobj
                0x0201483c       0x14 Abassi_FatFS.o
                0x0201483c                ff_del_syncobj
 .text.ff_req_grant
                0x02014850       0x20 Abassi_FatFS.o
                0x02014850                ff_req_grant
 .text.ff_rel_grant
                0x02014870       0x10 Abassi_FatFS.o
                0x02014870                ff_rel_grant
 .text.ff_memalloc
                0x02014880       0x50 Abassi_FatFS.o
                0x02014880                ff_memalloc
 .text.ff_memfree
                0x020148d0       0x4c Abassi_FatFS.o
                0x020148d0                ff_memfree
 .text.disk_status
                0x0201491c       0x24 Media_FatFS.o
                0x0201491c                disk_status
 .text.disk_initialize
                0x02014940       0x20 Media_FatFS.o
                0x02014940                disk_initialize
 .text.disk_read
                0x02014960       0x38 Media_FatFS.o
                0x02014960                disk_read
 .text.disk_write
                0x02014998       0x38 Media_FatFS.o
                0x02014998                disk_write
 .text.media_info_FatFS
                0x020149d0        0x4 Media_FatFS.o
                0x020149d0                media_info_FatFS
 .text.disk_ioctl
                0x020149d4       0xbc Media_FatFS.o
                0x020149d4                disk_ioctl
 .text.LogPath  0x02014a90      0x2f4 SysCall_FatFS.o
 .text.RealPath
                0x02014d84      0x220 SysCall_FatFS.o
 .text.SysCallInit
                0x02014fa4       0xbc SysCall_FatFS.o
                0x02014fa4                SysCallInit
 .text._open_r  0x02015060      0x57c SysCall_FatFS.o
                0x02015060                _open_r
 .text._read_r  0x020155dc      0x2d8 SysCall_FatFS.o
                0x020155dc                _read_r
 .text._write_r
                0x020158b4      0x240 SysCall_FatFS.o
                0x020158b4                _write_r
 .text._lseek_r
                0x02015af4      0x144 SysCall_FatFS.o
                0x02015af4                _lseek_r
 .text.getcwd   0x02015c38      0x230 SysCall_FatFS.o
                0x02015c38                getcwd
 .text._stat_r  0x02015e68      0x610 SysCall_FatFS.o
                0x02015e68                _stat_r
 .text._fstat_r
                0x02016478       0xbc SysCall_FatFS.o
                0x02016478                _fstat_r
 .text.chmod    0x02016534      0x278 SysCall_FatFS.o
                0x02016534                chmod
 .text._close_r
                0x020167ac      0x144 SysCall_FatFS.o
                0x020167ac                _close_r
 .text.mount    0x020168f0      0x314 SysCall_FatFS.o
                0x020168f0                mount
 *fill*         0x02016c04        0x4 
 .text.opendir  0x02016c08      0x44c SysCall_FatFS.o
                0x02016c08                opendir
 .text.closedir
                0x02017054       0x78 SysCall_FatFS.o
                0x02017054                closedir
 .text.readdir  0x020170cc      0x270 SysCall_FatFS.o
                0x020170cc                readdir
 .text._isatty_r
                0x0201733c       0x44 SysCall_FatFS.o
                0x0201733c                _isatty_r
 .text.GetKey   0x02017380       0x3c SysCall_FatFS.o
                0x02017380                GetKey
 .text.media_info
                0x020173bc        0x4 SysCall_FatFS.o
                0x020173bc                media_info
 .text.IsPtInRect
                0x020173c0       0x48 geometry.o
                0x020173c0                IsPtInRect
 .text.PtSet    0x02017408        0x8 geometry.o
                0x02017408                PtSet
 .text.RectSet  0x02017410        0xc geometry.o
                0x02017410                RectSet
 .text.RectInflate
                0x0201741c       0x34 geometry.o
                0x0201741c                RectInflate
 .text.RectOffset
                0x02017450       0x34 geometry.o
                0x02017450                RectOffset
 .text.RectCopy
                0x02017484       0x28 geometry.o
                0x02017484                RectCopy
 .text.RectHeight
                0x020174ac       0x10 geometry.o
                0x020174ac                RectHeight
 .text.GUI_DeskDraw
                0x020174bc      0x228 gui.o
                0x020174bc                GUI_DeskDraw
 *fill*         0x020176e4        0x4 
 .text.GUI      0x020176e8      0x6b4 gui.o
                0x020176e8                GUI
 .text.VIPFR_Init
                0x02017d9c       0x98 vip_fr.o
                0x02017d9c                VIPFR_Init
 .text.VIPFR_Go
                0x02017e34        0xc vip_fr.o
                0x02017e34                VIPFR_Go
 .text.VIPFR_GetDrawFrame
                0x02017e40       0x1c vip_fr.o
                0x02017e40                VIPFR_GetDrawFrame
 .text.VIPFR_ActiveDrawFrame
                0x02017e5c       0x1c vip_fr.o
                0x02017e5c                VIPFR_ActiveDrawFrame
 .text.vid_set_pixel
                0x02017e78       0xa8 simple_graphics.o
                0x02017e78                vid_set_pixel
 .text.vid_paint_block
                0x02017f20      0x5a4 simple_graphics.o
                0x02017f20                vid_paint_block
 .text.vid_clean_screen
                0x020184c4       0x30 simple_graphics.o
                0x020184c4                vid_clean_screen
 .text.vid_draw_horiz_line
                0x020184f4      0x5d0 simple_graphics.o
                0x020184f4                vid_draw_horiz_line
 .text.vid_draw_sloped_line
                0x02018ac4      0x2d8 simple_graphics.o
                0x02018ac4                vid_draw_sloped_line
 .text.vid_draw_box
                0x02018d9c      0x128 simple_graphics.o
                0x02018d9c                vid_draw_box
 .text.vid_round_corner_points.constprop.1
                0x02018ec4      0x5b8 simple_graphics.o
 .text.vid_draw_circle
                0x0201947c      0xf10 simple_graphics.o
                0x0201947c                vid_draw_circle
 .text.read_from_frame
                0x0201a38c      0x10c simple_text.o
                0x0201a38c                read_from_frame
 .text.vid_print_char_alpha
                0x0201a498      0x330 simple_text.o
                0x0201a498                vid_print_char_alpha
 .text.vid_print_string_alpha
                0x0201a7c8      0x118 simple_text.o
                0x0201a7c8                vid_print_string_alpha
 .text.mtc_QueryData
                0x0201a8e0       0xc0 multi_touch.o
                0x0201a8e0                mtc_QueryData
 .text.MTC_Init
                0x0201a9a0       0x3c multi_touch.o
                0x0201a9a0                MTC_Init
 .text.MTC_GetStatus
                0x0201a9dc       0x78 multi_touch.o
                0x0201a9dc                MTC_GetStatus
 .text.MTC_ClearEvent
                0x0201aa54        0x8 multi_touch.o
                0x0201aa54                MTC_ClearEvent
 .text.QUEUE_New
                0x0201aa5c       0x20 queue.o
                0x0201aa5c                QUEUE_New
 .text.QUEUE_IsEmpty
                0x0201aa7c       0x18 queue.o
                0x0201aa7c                QUEUE_IsEmpty
 .text.QUEUE_IsFull
                0x0201aa94       0x2c queue.o
                0x0201aa94                QUEUE_IsFull
 .text.QUEUE_Push
                0x0201aac0       0x38 queue.o
                0x0201aac0                QUEUE_Push
 .text.QUEUE_Pop
                0x0201aaf8       0x38 queue.o
                0x0201aaf8                QUEUE_Pop
 .text.QUEUE_Empty
                0x0201ab30       0x10 queue.o
                0x0201ab30                QUEUE_Empty
 .text.alt_gpio_init
                0x0201ab40       0x28 alt_generalpurpose_io.o
                0x0201ab40                alt_gpio_init
 .text.alt_gpio_port_data_write
                0x0201ab68       0x70 alt_generalpurpose_io.o
                0x0201ab68                alt_gpio_port_data_write
 .text.alt_gpio_group_config
                0x0201abd8      0x41c alt_generalpurpose_io.o
                0x0201abd8                alt_gpio_group_config
 .text.alt_gpio_bit_to_pid
                0x0201aff4       0x30 alt_generalpurpose_io.o
                0x0201aff4                alt_gpio_bit_to_pid
 .text.alt_gpio_bit_to_port_pin
                0x0201b024       0x30 alt_generalpurpose_io.o
                0x0201b024                alt_gpio_bit_to_port_pin
 .text.PrtResult
                0x0201b054      0x298 Shell.o
 .text.CmdLog   0x0201b2ec       0x18 Shell.o
 .text.CmdEdit  0x0201b304       0x88 Shell.o
 .text.CmdMblk  0x0201b38c      0x160 Shell.o
 .text.CmdGrp   0x0201b4ec      0x864 Shell.o
 .text.CmdSys   0x0201bd50      0x5dc Shell.o
 .text.CmdHelp  0x0201c32c      0x2d0 Shell.o
 .text.CmdEvt   0x0201c5fc      0x208 Shell.o
 .text.CmdMtx   0x0201c804     0x1100 Shell.o
 .text.CmdSem   0x0201d904     0x1190 Shell.o
 .text.CmdMbx   0x0201ea94     0x15d0 Shell.o
 .text.CmdTim   0x02020064     0x1d28 Shell.o
 .text.CmdTask  0x02021d8c     0x246c Shell.o
 .text.OSshell  0x020241f8      0xf70 Shell.o
                0x020241f8                OSshell
 .text.ShellGets
                0x02025168      0x2a0 Shell.o
                0x02025168                ShellGets
 .text.CmdMem   0x02025408      0x530 Shell.o
 .text.TSKcreate.constprop.0
                0x02025938       0xf0 ../../mAbassi/Platform/lib\lib_mAbassi_EVAL_GCC_AR5_CY5.a(mAbassi_EVAL_A9_GCC_2_NR.o)
 .text.TSKgetID
                0x02025a28       0x60 ../../mAbassi/Platform/lib\lib_mAbassi_EVAL_GCC_AR5_CY5.a(mAbassi_EVAL_A9_GCC_2_NR.o)
                0x02025a28                TSKgetID
 .text.TSKstkChk
                0x02025a88       0x60 ../../mAbassi/Platform/lib\lib_mAbassi_EVAL_GCC_AR5_CY5.a(mAbassi_EVAL_A9_GCC_2_NR.o)
                0x02025a88                TSKstkChk
 .text.Abassi   0x02025ae8     0x2850 ../../mAbassi/Platform/lib\lib_mAbassi_EVAL_GCC_AR5_CY5.a(mAbassi_EVAL_A9_GCC_2_NR.o)
                0x02025ae8                Abassi
 .text.TSKcreate
                0x02028338      0x350 ../../mAbassi/Platform/lib\lib_mAbassi_EVAL_GCC_AR5_CY5.a(mAbassi_EVAL_A9_GCC_2_NR.o)
                0x02028338                TSKcreate
 .text.OSstart  0x02028688      0x17c ../../mAbassi/Platform/lib\lib_mAbassi_EVAL_GCC_AR5_CY5.a(mAbassi_EVAL_A9_GCC_2_NR.o)
                0x02028688                OSstart
 .text.TSKstart
                0x02028804       0x60 ../../mAbassi/Platform/lib\lib_mAbassi_EVAL_GCC_AR5_CY5.a(mAbassi_EVAL_A9_GCC_2_NR.o)
                0x02028804                TSKstart
 .text.SEM__open
                0x02028864      0x144 ../../mAbassi/Platform/lib\lib_mAbassi_EVAL_GCC_AR5_CY5.a(mAbassi_EVAL_A9_GCC_2_NR.o)
                0x02028864                SEM__open
 .text.MBX__open
                0x020289a8      0x154 ../../mAbassi/Platform/lib\lib_mAbassi_EVAL_GCC_AR5_CY5.a(mAbassi_EVAL_A9_GCC_2_NR.o)
                0x020289a8                MBX__open
 .text.MBXget   0x02028afc      0x128 ../../mAbassi/Platform/lib\lib_mAbassi_EVAL_GCC_AR5_CY5.a(mAbassi_EVAL_A9_GCC_2_NR.o)
                0x02028afc                MBXget
 .text.MBXput   0x02028c24       0xd8 ../../mAbassi/Platform/lib\lib_mAbassi_EVAL_GCC_AR5_CY5.a(mAbassi_EVAL_A9_GCC_2_NR.o)
                0x02028c24                MBXput
 .text.GroupRm  0x02028cfc       0xb4 ../../mAbassi/Platform/lib\lib_mAbassi_EVAL_GCC_AR5_CY5.a(mAbassi_EVAL_A9_GCC_2_NR.o)
                0x02028cfc                GroupRm
 .text.OSalloc  0x02028db0       0x68 ../../mAbassi/Platform/lib\lib_mAbassi_EVAL_GCC_AR5_CY5.a(mAbassi_EVAL_A9_GCC_2_NR.o)
                0x02028db0                OSalloc
 .text.TIMtick  0x02028e18      0x4a0 ../../mAbassi/Platform/lib\lib_mAbassi_EVAL_GCC_AR5_CY5.a(mAbassi_EVAL_A9_GCC_2_NR.o)
                0x02028e18                TIMtick
 .text          0x020292b8      0xb48 ../../mAbassi/Platform/lib\lib_mAbassi_EVAL_GCC_AR5_CY5.a(mAbassi_EVAL_GCC_AR5_CY5_NR.o)
                0x020292c8                __cs3_reset_generic
                0x020292c8                Reset_Handler
                0x020292c8                boot
                0x020292c8                _prestart
                0x02029670                _exit
                0x02029678                _sbrk_r
                0x020296b0                OStrap
                0x020296c8                __cs3_isr_swi
                0x020296c8                mySWI
                0x02029710                SWI_Handler
                0x02029714                OScontext
                0x02029734                CoreContext
                0x02029748                OSstack
                0x020297a4                OSintCtrl
                0x020297c4                OSintBack
                0x020297d4                OSintOff
                0x020297e0                OSintOn
                0x020297e8                OSisrInfo
                0x020297f8                __cs3_isr_irq
                0x020297f8                ISRdispatch
                0x0202992c                OSinvalidISR
                0x02029934                COREgetPeriph
                0x0202993c                COREgetID
                0x02029948                GICinit
                0x020299ec                GICenable
                0x02029b2c                COREstart1
                0x02029b38                COREstart2
                0x02029b44                COREstart3
                0x02029b50                COREstart0
                0x02029b5c                CoreIdle
                0x02029b8c                COREsafeGetID
                0x02029bb0                COREsendISR
                0x02029be4                COREwakeISR
                0x02029c10                COREisInISR
                0x02029c24                COREtaskNow
                0x02029c48                COREchkRedo
                0x02029ca8                CORElock
                0x02029cd8                COREunlock
                0x02029cec                SPINlock
                0x02029cfc                SPINtrylock
                0x02029d0c                SPIN_lock
                0x02029d94                SPINunlock
 .text          0x02029e00      0x798 ../../mAbassi/Platform/lib\lib_mAbassi_EVAL_GCC_AR5_CY5.a(ARMv7_SMP_L1_L2_GCC_AR5_CY5.o)
                0x02029e00                COREcacheON
                0x0202a28c                DCacheInvalRange
                0x0202a3a0                DCacheFlushRange
                0x0202a4b4                MMUlog2Phy
                0x0202a514                MMUphy2Log
 .text          0x0202a598       0x4c c:/intelfpga/18.0/embedded/host_tools/mentor/gnu/arm/baremetal/bin/../lib/gcc/arm-altera-eabi/6.2.0/../../../../arm-altera-eabi/lib\libcs3.a(start_c.o)
                0x0202a598                __cs3_premain
 .text          0x0202a5e4      0x114 c:/intelfpga/18.0/embedded/host_tools/mentor/gnu/arm/baremetal/bin/../lib/gcc/arm-altera-eabi/6.2.0\libgcc.a(_udivsi3.o)
                0x0202a5e4                __aeabi_uidiv
                0x0202a5e4                __udivsi3
                0x0202a6d8                __aeabi_uidivmod
 .text          0x0202a6f8      0x148 c:/intelfpga/18.0/embedded/host_tools/mentor/gnu/arm/baremetal/bin/../lib/gcc/arm-altera-eabi/6.2.0\libgcc.a(_divsi3.o)
                0x0202a6f8                __divsi3
                0x0202a6f8                __aeabi_idiv
                0x0202a820                __aeabi_idivmod
 .text          0x0202a840        0x4 c:/intelfpga/18.0/embedded/host_tools/mentor/gnu/arm/baremetal/bin/../lib/gcc/arm-altera-eabi/6.2.0\libgcc.a(_dvmd_tls.o)
                0x0202a840                __aeabi_idiv0
                0x0202a840                __aeabi_ldiv0
 .text          0x0202a844       0xd4 c:/intelfpga/18.0/embedded/host_tools/mentor/gnu/arm/baremetal/bin/../lib/gcc/arm-altera-eabi/6.2.0\libgcc.a(_aeabi_ldivmod.o)
                0x0202a844                __aeabi_ldivmod
 .text          0x0202a918       0x3c c:/intelfpga/18.0/embedded/host_tools/mentor/gnu/arm/baremetal/bin/../lib/gcc/arm-altera-eabi/6.2.0\libgcc.a(_aeabi_uldivmod.o)
                0x0202a918                __aeabi_uldivmod
 .text          0x0202a954      0x12c c:/intelfpga/18.0/embedded/host_tools/mentor/gnu/arm/baremetal/bin/../lib/gcc/arm-altera-eabi/6.2.0\libgcc.a(_udivmoddi4.o)
                0x0202a954                __udivmoddi4
 .text          0x0202aa80       0x28 c:/intelfpga/18.0/embedded/host_tools/mentor/gnu/arm/baremetal/bin/../lib/gcc/arm-altera-eabi/6.2.0\libgcc.a(_clzdi2.o)
                0x0202aa80                __clzdi2
 .text          0x0202aaa8       0x48 c:/intelfpga/18.0/embedded/host_tools/mentor/gnu/arm/baremetal/bin/../lib/gcc/arm-altera-eabi/6.2.0\libgcc.a(_clzsi2.o)
                0x0202aaa8                __clzsi2
 .text          0x0202aaf0       0x24 c:/intelfpga/18.0/embedded/host_tools/mentor/gnu/arm/baremetal/bin/../lib/gcc/arm-altera-eabi/6.2.0/../../../../arm-altera-eabi/lib\libc.a(lib_a-calloc.o)
                0x0202aaf0                calloc
 .text          0x0202ab14       0x98 c:/intelfpga/18.0/embedded/host_tools/mentor/gnu/arm/baremetal/bin/../lib/gcc/arm-altera-eabi/6.2.0/../../../../arm-altera-eabi/lib\libc.a(lib_a-callocr.o)
                0x0202ab14                _calloc_r
 .text          0x0202abac       0x10 c:/intelfpga/18.0/embedded/host_tools/mentor/gnu/arm/baremetal/bin/../lib/gcc/arm-altera-eabi/6.2.0/../../../../arm-altera-eabi/lib\libc.a(lib_a-getreent.o)
                0x0202abac                __getreent
 .text          0x0202abbc       0x80 c:/intelfpga/18.0/embedded/host_tools/mentor/gnu/arm/baremetal/bin/../lib/gcc/arm-altera-eabi/6.2.0/../../../../arm-altera-eabi/lib\libc.a(lib_a-init.o)
                0x0202abbc                __libc_init_array
 .text          0x0202ac3c       0x20 c:/intelfpga/18.0/embedded/host_tools/mentor/gnu/arm/baremetal/bin/../lib/gcc/arm-altera-eabi/6.2.0/../../../../arm-altera-eabi/lib\libc.a(lib_a-lcltime.o)
                0x0202ac3c                localtime
 .text          0x0202ac5c      0x384 c:/intelfpga/18.0/embedded/host_tools/mentor/gnu/arm/baremetal/bin/../lib/gcc/arm-altera-eabi/6.2.0/../../../../arm-altera-eabi/lib\libc.a(lib_a-lcltime_r.o)
                0x0202ac5c                localtime_r
 .text          0x0202afe0       0xf4 c:/intelfpga/18.0/embedded/host_tools/mentor/gnu/arm/baremetal/bin/../lib/gcc/arm-altera-eabi/6.2.0/../../../../arm-altera-eabi/lib\libc.a(lib_a-locale.o)
                0x0202b004                _setlocale_r
                0x0202b06c                __locale_mb_cur_max
                0x0202b094                __locale_ctype_ptr_l
                0x0202b09c                __locale_ctype_ptr
                0x0202b0b4                setlocale
 .text          0x0202b0d4       0x38 c:/intelfpga/18.0/embedded/host_tools/mentor/gnu/arm/baremetal/bin/../lib/gcc/arm-altera-eabi/6.2.0/../../../../arm-altera-eabi/lib\libc.a(lib_a-malloc.o)
                0x0202b0d4                malloc
                0x0202b0f0                free
 .text          0x0202b10c      0x750 c:/intelfpga/18.0/embedded/host_tools/mentor/gnu/arm/baremetal/bin/../lib/gcc/arm-altera-eabi/6.2.0/../../../../arm-altera-eabi/lib\libc.a(lib_a-mallocr.o)
                0x0202b10c                _malloc_r
 .text          0x0202b85c       0xa0 c:/intelfpga/18.0/embedded/host_tools/mentor/gnu/arm/baremetal/bin/../lib/gcc/arm-altera-eabi/6.2.0/../../../../arm-altera-eabi/lib\libc.a(lib_a-mbtowc_r.o)
                0x0202b85c                _mbtowc_r
                0x0202b8b0                __ascii_mbtowc
 .text          0x0202b8fc      0x114 c:/intelfpga/18.0/embedded/host_tools/mentor/gnu/arm/baremetal/bin/../lib/gcc/arm-altera-eabi/6.2.0/../../../../arm-altera-eabi/lib\libc.a(lib_a-memcpy-stub.o)
                0x0202b8fc                memcpy
 .text          0x0202ba10      0x148 c:/intelfpga/18.0/embedded/host_tools/mentor/gnu/arm/baremetal/bin/../lib/gcc/arm-altera-eabi/6.2.0/../../../../arm-altera-eabi/lib\libc.a(lib_a-memmove.o)
                0x0202ba10                memmove
 .text          0x0202bb58      0x114 c:/intelfpga/18.0/embedded/host_tools/mentor/gnu/arm/baremetal/bin/../lib/gcc/arm-altera-eabi/6.2.0/../../../../arm-altera-eabi/lib\libc.a(lib_a-memset.o)
                0x0202bb58                memset
 .text          0x0202bc6c      0x848 c:/intelfpga/18.0/embedded/host_tools/mentor/gnu/arm/baremetal/bin/../lib/gcc/arm-altera-eabi/6.2.0/../../../../arm-altera-eabi/lib\libc.a(lib_a-mktime.o)
                0x0202bfa8                mktime
 .text          0x0202c4b4       0x30 c:/intelfpga/18.0/embedded/host_tools/mentor/gnu/arm/baremetal/bin/../lib/gcc/arm-altera-eabi/6.2.0/../../../../arm-altera-eabi/lib\libc.a(lib_a-mlock.o)
                0x0202c4b4                __malloc_lock
                0x0202c4cc                __malloc_unlock
 .text.startup  0x0202c4e4       0x18 c:/intelfpga/18.0/embedded/host_tools/mentor/gnu/arm/baremetal/bin/../lib/gcc/arm-altera-eabi/6.2.0/../../../../arm-altera-eabi/lib\libc.a(lib_a-mlock.o)
 .text          0x0202c4fc       0x6c c:/intelfpga/18.0/embedded/host_tools/mentor/gnu/arm/baremetal/bin/../lib/gcc/arm-altera-eabi/6.2.0/../../../../arm-altera-eabi/lib\libc.a(lib_a-printf.o)
                0x0202c4fc                _printf_r
                0x0202c530                printf
 .text          0x0202c568      0x12c c:/intelfpga/18.0/embedded/host_tools/mentor/gnu/arm/baremetal/bin/../lib/gcc/arm-altera-eabi/6.2.0/../../../../arm-altera-eabi/lib\libc.a(lib_a-puts.o)
                0x0202c568                _puts_r
                0x0202c67c                puts
 .text          0x0202c694      0x258 c:/intelfpga/18.0/embedded/host_tools/mentor/gnu/arm/baremetal/bin/../lib/gcc/arm-altera-eabi/6.2.0/../../../../arm-altera-eabi/lib\libc.a(lib_a-setvbuf.o)
                0x0202c694                setvbuf
 .text          0x0202c8ec       0x74 c:/intelfpga/18.0/embedded/host_tools/mentor/gnu/arm/baremetal/bin/../lib/gcc/arm-altera-eabi/6.2.0/../../../../arm-altera-eabi/lib\libc.a(lib_a-stpcpy.o)
                0x0202c8ec                stpcpy
 .text          0x0202c960       0x70 c:/intelfpga/18.0/embedded/host_tools/mentor/gnu/arm/baremetal/bin/../lib/gcc/arm-altera-eabi/6.2.0/../../../../arm-altera-eabi/lib\libc.a(lib_a-strcasecmp.o)
                0x0202c960                strcasecmp
 .text          0x0202c9d0      0x224 c:/intelfpga/18.0/embedded/host_tools/mentor/gnu/arm/baremetal/bin/../lib/gcc/arm-altera-eabi/6.2.0/../../../../arm-altera-eabi/lib\libc.a(lib_a-strcmp.o)
                0x0202c9d0                strcmp
 .text          0x0202cbf4       0xf0 c:/intelfpga/18.0/embedded/host_tools/mentor/gnu/arm/baremetal/bin/../lib/gcc/arm-altera-eabi/6.2.0/../../../../arm-altera-eabi/lib\libc.a(lib_a-strcpy.o)
                0x0202cbf4                strcpy
 .text          0x0202cce4       0x60 c:/intelfpga/18.0/embedded/host_tools/mentor/gnu/arm/baremetal/bin/../lib/gcc/arm-altera-eabi/6.2.0/../../../../arm-altera-eabi/lib\libc.a(lib_a-strlen-stub.o)
                0x0202cce4                strlen
 .text          0x0202cd44       0x94 c:/intelfpga/18.0/embedded/host_tools/mentor/gnu/arm/baremetal/bin/../lib/gcc/arm-altera-eabi/6.2.0/../../../../arm-altera-eabi/lib\libc.a(lib_a-strncasecmp.o)
                0x0202cd44                strncasecmp
 .text          0x0202cdd8       0xa0 c:/intelfpga/18.0/embedded/host_tools/mentor/gnu/arm/baremetal/bin/../lib/gcc/arm-altera-eabi/6.2.0/../../../../arm-altera-eabi/lib\libc.a(lib_a-strncat.o)
                0x0202cdd8                strncat
 .text          0x0202ce78      0x110 c:/intelfpga/18.0/embedded/host_tools/mentor/gnu/arm/baremetal/bin/../lib/gcc/arm-altera-eabi/6.2.0/../../../../arm-altera-eabi/lib\libc.a(lib_a-strncmp.o)
                0x0202ce78                strncmp
 .text          0x0202cf88       0xdc c:/intelfpga/18.0/embedded/host_tools/mentor/gnu/arm/baremetal/bin/../lib/gcc/arm-altera-eabi/6.2.0/../../../../arm-altera-eabi/lib\libc.a(lib_a-strncpy.o)
                0x0202cf88                strncpy
 .text          0x0202d064       0x54 c:/intelfpga/18.0/embedded/host_tools/mentor/gnu/arm/baremetal/bin/../lib/gcc/arm-altera-eabi/6.2.0/../../../../arm-altera-eabi/lib\libc.a(lib_a-strrchr.o)
                0x0202d064                strrchr
 .text          0x0202d0b8      0x834 c:/intelfpga/18.0/embedded/host_tools/mentor/gnu/arm/baremetal/bin/../lib/gcc/arm-altera-eabi/6.2.0/../../../../arm-altera-eabi/lib\libc.a(lib_a-strstr.o)
                0x0202d574                strstr
 .text          0x0202d8ec      0x308 c:/intelfpga/18.0/embedded/host_tools/mentor/gnu/arm/baremetal/bin/../lib/gcc/arm-altera-eabi/6.2.0/../../../../arm-altera-eabi/lib\libc.a(lib_a-strtol.o)
                0x0202db0c                _strtol_r
                0x0202db60                strtol_l
                0x0202db9c                strtol
 .text          0x0202dbf4      0x3c8 c:/intelfpga/18.0/embedded/host_tools/mentor/gnu/arm/baremetal/bin/../lib/gcc/arm-altera-eabi/6.2.0/../../../../arm-altera-eabi/lib\libc.a(lib_a-strtoll.o)
                0x0202ded4                _strtoll_r
                0x0202df28                strtoll_l
                0x0202df64                strtoll
 .text          0x0202dfbc      0x2d0 c:/intelfpga/18.0/embedded/host_tools/mentor/gnu/arm/baremetal/bin/../lib/gcc/arm-altera-eabi/6.2.0/../../../../arm-altera-eabi/lib\libc.a(lib_a-strtoul.o)
                0x0202e1a4                _strtoul_r
                0x0202e1f8                strtoul_l
                0x0202e234                strtoul
 *fill*         0x0202e28c        0x4 
 .text          0x0202e290      0x360 c:/intelfpga/18.0/embedded/host_tools/mentor/gnu/arm/baremetal/bin/../lib/gcc/arm-altera-eabi/6.2.0/../../../../arm-altera-eabi/lib\libc.a(lib_a-strtoull.o)
                0x0202e508                _strtoull_r
                0x0202e55c                strtoull_l
                0x0202e598                strtoull
 .text          0x0202e5f0       0x1c c:/intelfpga/18.0/embedded/host_tools/mentor/gnu/arm/baremetal/bin/../lib/gcc/arm-altera-eabi/6.2.0/../../../../arm-altera-eabi/lib\libc.a(lib_a-sysclose.o)
                0x0202e5f0                close
 .text          0x0202e60c       0x40 c:/intelfpga/18.0/embedded/host_tools/mentor/gnu/arm/baremetal/bin/../lib/gcc/arm-altera-eabi/6.2.0/../../../../arm-altera-eabi/lib\libc.a(lib_a-sysopen.o)
                0x0202e60c                open
 .text          0x0202e64c       0x2c c:/intelfpga/18.0/embedded/host_tools/mentor/gnu/arm/baremetal/bin/../lib/gcc/arm-altera-eabi/6.2.0/../../../../arm-altera-eabi/lib\libc.a(lib_a-sysread.o)
                0x0202e64c                read
 .text          0x0202e678       0x24 c:/intelfpga/18.0/embedded/host_tools/mentor/gnu/arm/baremetal/bin/../lib/gcc/arm-altera-eabi/6.2.0/../../../../arm-altera-eabi/lib\libc.a(lib_a-sysstat.o)
                0x0202e678                stat
 .text          0x0202e69c      0x238 c:/intelfpga/18.0/embedded/host_tools/mentor/gnu/arm/baremetal/bin/../lib/gcc/arm-altera-eabi/6.2.0/../../../../arm-altera-eabi/lib\libc.a(lib_a-tzcalc_limits.o)
                0x0202e69c                __tzcalc_limits
 .text          0x0202e8d4       0x30 c:/intelfpga/18.0/embedded/host_tools/mentor/gnu/arm/baremetal/bin/../lib/gcc/arm-altera-eabi/6.2.0/../../../../arm-altera-eabi/lib\libc.a(lib_a-tzlock.o)
                0x0202e8d4                __tz_lock
                0x0202e8ec                __tz_unlock
 .text.startup  0x0202e904       0x18 c:/intelfpga/18.0/embedded/host_tools/mentor/gnu/arm/baremetal/bin/../lib/gcc/arm-altera-eabi/6.2.0/../../../../arm-altera-eabi/lib\libc.a(lib_a-tzlock.o)
 .text          0x0202e91c       0x30 c:/intelfpga/18.0/embedded/host_tools/mentor/gnu/arm/baremetal/bin/../lib/gcc/arm-altera-eabi/6.2.0/../../../../arm-altera-eabi/lib\libc.a(lib_a-tzset.o)
                0x0202e91c                _tzset_unlocked
                0x0202e930                tzset
 .text          0x0202e94c      0x4b4 c:/intelfpga/18.0/embedded/host_tools/mentor/gnu/arm/baremetal/bin/../lib/gcc/arm-altera-eabi/6.2.0/../../../../arm-altera-eabi/lib\libc.a(lib_a-tzset_r.o)
                0x0202e94c                _tzset_unlocked_r
                0x0202ede0                _tzset_r
 .text          0x0202ee00     0x22ec c:/intelfpga/18.0/embedded/host_tools/mentor/gnu/arm/baremetal/bin/../lib/gcc/arm-altera-eabi/6.2.0/../../../../arm-altera-eabi/lib\libc.a(lib_a-vfprintf.o)
                0x0202ee00                _vfprintf_r
                0x02030ff4                vfprintf
 .text          0x020310ec      0x154 c:/intelfpga/18.0/embedded/host_tools/mentor/gnu/arm/baremetal/bin/../lib/gcc/arm-altera-eabi/6.2.0/../../../../arm-altera-eabi/lib\libc.a(lib_a-wbuf.o)
                0x020310ec                __swbuf_r
                0x02031220                __swbuf
 .text          0x02031240       0x74 c:/intelfpga/18.0/embedded/host_tools/mentor/gnu/arm/baremetal/bin/../lib/gcc/arm-altera-eabi/6.2.0/../../../../arm-altera-eabi/lib\libc.a(lib_a-wctomb_r.o)
                0x02031240                _wctomb_r
                0x0203128c                __ascii_wctomb
 .text          0x020312b4      0x158 c:/intelfpga/18.0/embedded/host_tools/mentor/gnu/arm/baremetal/bin/../lib/gcc/arm-altera-eabi/6.2.0/../../../../arm-altera-eabi/lib\libc.a(lib_a-wsetup.o)
                0x020312b4                __swsetup_r
 .text          0x0203140c       0x64 c:/intelfpga/18.0/embedded/host_tools/mentor/gnu/arm/baremetal/bin/../lib/gcc/arm-altera-eabi/6.2.0/../../../../arm-altera-eabi/lib\libc.a(lib_a-div.o)
                0x0203140c                div
 .text          0x02031470     0x181c c:/intelfpga/18.0/embedded/host_tools/mentor/gnu/arm/baremetal/bin/../lib/gcc/arm-altera-eabi/6.2.0/../../../../arm-altera-eabi/lib\libc.a(lib_a-dtoa.o)
                0x02031650                _dtoa_r
 .text          0x02032c8c      0x314 c:/intelfpga/18.0/embedded/host_tools/mentor/gnu/arm/baremetal/bin/../lib/gcc/arm-altera-eabi/6.2.0/../../../../arm-altera-eabi/lib\libc.a(lib_a-fflush.o)
                0x02032c8c                __sflush_r
                0x02032ec8                _fflush_r
                0x02032f64                fflush
 .text          0x02032fa0      0x3e4 c:/intelfpga/18.0/embedded/host_tools/mentor/gnu/arm/baremetal/bin/../lib/gcc/arm-altera-eabi/6.2.0/../../../../arm-altera-eabi/lib\libc.a(lib_a-findfp.o)
                0x02032fa0                _cleanup_r
                0x020330ac                __sfmoreglue
                0x020330fc                _cleanup
                0x02033120                __sinit
                0x020331b4                __sfp
                0x020332d4                __sfp_lock_acquire
                0x020332ec                __sfp_lock_release
                0x02033304                __sinit_lock_acquire
                0x0203331c                __sinit_lock_release
                0x02033334                __fp_lock_all
                0x0203335c                __fp_unlock_all
 .text.startup  0x02033384       0x30 c:/intelfpga/18.0/embedded/host_tools/mentor/gnu/arm/baremetal/bin/../lib/gcc/arm-altera-eabi/6.2.0/../../../../arm-altera-eabi/lib\libc.a(lib_a-findfp.o)
 .text          0x020333b4      0x3e0 c:/intelfpga/18.0/embedded/host_tools/mentor/gnu/arm/baremetal/bin/../lib/gcc/arm-altera-eabi/6.2.0/../../../../arm-altera-eabi/lib\libc.a(lib_a-freer.o)
                0x020333b4                _malloc_trim_r
                0x020334b4                _free_r
 .text          0x02033794      0x4dc c:/intelfpga/18.0/embedded/host_tools/mentor/gnu/arm/baremetal/bin/../lib/gcc/arm-altera-eabi/6.2.0/../../../../arm-altera-eabi/lib\libc.a(lib_a-fvwrite.o)
                0x02033794                __sfvwrite_r
 .text          0x02033c70      0x110 c:/intelfpga/18.0/embedded/host_tools/mentor/gnu/arm/baremetal/bin/../lib/gcc/arm-altera-eabi/6.2.0/../../../../arm-altera-eabi/lib\libc.a(lib_a-fwalk.o)
                0x02033c70                _fwalk
                0x02033cf4                _fwalk_reent
 .text          0x02033d80       0xec c:/intelfpga/18.0/embedded/host_tools/mentor/gnu/arm/baremetal/bin/../lib/gcc/arm-altera-eabi/6.2.0/../../../../arm-altera-eabi/lib\libc.a(lib_a-getenv_r.o)
                0x02033d80                _findenv_r
                0x02033e50                _getenv_r
 .text          0x02033e6c        0xc c:/intelfpga/18.0/embedded/host_tools/mentor/gnu/arm/baremetal/bin/../lib/gcc/arm-altera-eabi/6.2.0/../../../../arm-altera-eabi/lib\libc.a(lib_a-gettzinfo.o)
                0x02033e6c                __gettzinfo
 .text          0x02033e78      0x260 c:/intelfpga/18.0/embedded/host_tools/mentor/gnu/arm/baremetal/bin/../lib/gcc/arm-altera-eabi/6.2.0/../../../../arm-altera-eabi/lib\libc.a(lib_a-gmtime_r.o)
                0x02033e78                gmtime_r
 .text          0x020340d8       0x58 c:/intelfpga/18.0/embedded/host_tools/mentor/gnu/arm/baremetal/bin/../lib/gcc/arm-altera-eabi/6.2.0/../../../../arm-altera-eabi/lib\libc.a(lib_a-localeconv.o)
                0x020340d8                __localeconv_l
                0x020340e0                _localeconv_r
                0x02034108                localeconv
 .text          0x02034130      0x18c c:/intelfpga/18.0/embedded/host_tools/mentor/gnu/arm/baremetal/bin/../lib/gcc/arm-altera-eabi/6.2.0/../../../../arm-altera-eabi/lib\libc.a(lib_a-makebuf.o)
                0x02034130                __swhatbuf_r
                0x020341d0                __smakebuf_r
 .text          0x020342bc      0x110 c:/intelfpga/18.0/embedded/host_tools/mentor/gnu/arm/baremetal/bin/../lib/gcc/arm-altera-eabi/6.2.0/../../../../arm-altera-eabi/lib\libc.a(lib_a-memchr-stub.o)
                0x020342bc                memchr
 .text          0x020343cc       0xf0 c:/intelfpga/18.0/embedded/host_tools/mentor/gnu/arm/baremetal/bin/../lib/gcc/arm-altera-eabi/6.2.0/../../../../arm-altera-eabi/lib\libc.a(lib_a-memcmp.o)
                0x020343cc                memcmp
 .text          0x020344bc      0xd98 c:/intelfpga/18.0/embedded/host_tools/mentor/gnu/arm/baremetal/bin/../lib/gcc/arm-altera-eabi/6.2.0/../../../../arm-altera-eabi/lib\libc.a(lib_a-mprec.o)
                0x020344bc                _Balloc
                0x02034548                _Bfree
                0x02034564                __multadd
                0x02034640                __s2b
                0x02034730                __hi0bits
                0x02034788                __lo0bits
                0x02034828                __i2b
                0x0203484c                __multiply
                0x02034a1c                __pow5mult
                0x02034b20                __lshift
                0x02034c08                __mcmp
                0x02034c68                __mdiff
                0x02034e10                __ulp
                0x02034e78                __b2d
                0x02034f64                __d2b
                0x02035074                __ratio
                0x02035104                _mprec_log10
                0x02035164                __copybits
                0x020351d4                __any_on
 .text          0x02035254      0x4d4 c:/intelfpga/18.0/embedded/host_tools/mentor/gnu/arm/baremetal/bin/../lib/gcc/arm-altera-eabi/6.2.0/../../../../arm-altera-eabi/lib\libc.a(lib_a-reallocr.o)
                0x02035254                _realloc_r
 .text          0x02035728       0xf4 c:/intelfpga/18.0/embedded/host_tools/mentor/gnu/arm/baremetal/bin/../lib/gcc/arm-altera-eabi/6.2.0/../../../../arm-altera-eabi/lib\libc.a(lib_a-siscanf.o)
                0x02035728                siscanf
                0x0203579c                _siscanf_r
 .text          0x0203581c       0xd8 c:/intelfpga/18.0/embedded/host_tools/mentor/gnu/arm/baremetal/bin/../lib/gcc/arm-altera-eabi/6.2.0/../../../../arm-altera-eabi/lib\libc.a(lib_a-stdio.o)
                0x0203581c                __sread
                0x02035850                __seofread
                0x02035858                __swrite
                0x020358b0                __sseek
                0x020358e0                __sclose
 .text          0x020358f4      0x1ac c:/intelfpga/18.0/embedded/host_tools/mentor/gnu/arm/baremetal/bin/../lib/gcc/arm-altera-eabi/6.2.0/../../../../arm-altera-eabi/lib\libc.a(lib_a-strchr.o)
                0x020358f4                strchr
 .text          0x02035aa0     0x11ac c:/intelfpga/18.0/embedded/host_tools/mentor/gnu/arm/baremetal/bin/../lib/gcc/arm-altera-eabi/6.2.0/../../../../arm-altera-eabi/lib\libc.a(lib_a-svfiscanf.o)
                0x02035aa0                _sungetc_r
                0x02035b90                __ssrefill_r
                0x02035bfc                _sfread_r
                0x02035ccc                __ssvfiscanf_r
 .text          0x02036c4c      0x2f0 c:/intelfpga/18.0/embedded/host_tools/mentor/gnu/arm/baremetal/bin/../lib/gcc/arm-altera-eabi/6.2.0/../../../../arm-altera-eabi/lib\libc.a(lib_a-ungetc.o)
                0x02036c4c                __submore
                0x02036cfc                _ungetc_r
                0x02036f1c                ungetc
 .text          0x02036f3c     0x14c4 c:/intelfpga/18.0/embedded/host_tools/mentor/gnu/arm/baremetal/bin/../lib/gcc/arm-altera-eabi/6.2.0/../../../../arm-altera-eabi/lib\libc.a(lib_a-vfiprintf.o)
                0x02036fec                __sprint_r
                0x02037004                _vfiprintf_r
                0x02038308                vfiprintf
 .text          0x02038400       0x30 c:/intelfpga/18.0/embedded/host_tools/mentor/gnu/arm/baremetal/bin/../lib/gcc/arm-altera-eabi/6.2.0/../../../../arm-altera-eabi/lib\libc.a(lib_a-envlock.o)
                0x02038400                __env_lock
                0x02038418                __env_unlock
 .text.startup  0x02038430       0x18 c:/intelfpga/18.0/embedded/host_tools/mentor/gnu/arm/baremetal/bin/../lib/gcc/arm-altera-eabi/6.2.0/../../../../arm-altera-eabi/lib\libc.a(lib_a-envlock.o)
 .text          0x02038448      0x180 c:/intelfpga/18.0/embedded/host_tools/mentor/gnu/arm/baremetal/bin/../lib/gcc/arm-altera-eabi/6.2.0/../../../../arm-altera-eabi/lib\libc.a(lib_a-fclose.o)
                0x02038448                _fclose_r
                0x020385b0                fclose
 .text          0x020385c8      0x204 c:/intelfpga/18.0/embedded/host_tools/mentor/gnu/arm/baremetal/bin/../lib/gcc/arm-altera-eabi/6.2.0/../../../../arm-altera-eabi/lib\libc.a(lib_a-fputwc.o)
                0x020385c8                __fputwc
                0x020386d8                _fputwc_r
                0x02038794                fputwc
 .text          0x020387cc       0x30 c:/intelfpga/18.0/embedded/host_tools/mentor/gnu/arm/baremetal/bin/../lib/gcc/arm-altera-eabi/6.2.0/../../../../arm-altera-eabi/lib\libc.a(lib_a-iswspace.o)
                0x020387cc                iswspace
 .text          0x020387fc      0x170 c:/intelfpga/18.0/embedded/host_tools/mentor/gnu/arm/baremetal/bin/../lib/gcc/arm-altera-eabi/6.2.0/../../../../arm-altera-eabi/lib\libc.a(lib_a-mbrtowc.o)
                0x020387fc                _mbrtowc_r
                0x020388b0                mbrtowc
 .text          0x0203896c       0xd0 c:/intelfpga/18.0/embedded/host_tools/mentor/gnu/arm/baremetal/bin/../lib/gcc/arm-altera-eabi/6.2.0/../../../../arm-altera-eabi/lib\libc.a(lib_a-sccl.o)
                0x0203896c                __sccl
 .text          0x02038a3c      0x150 c:/intelfpga/18.0/embedded/host_tools/mentor/gnu/arm/baremetal/bin/../lib/gcc/arm-altera-eabi/6.2.0/../../../../arm-altera-eabi/lib\libc.a(lib_a-wcrtomb.o)
                0x02038a3c                _wcrtomb_r
                0x02038ae0                wcrtomb
 .text          0x02038b8c      0x41c c:/intelfpga/18.0/embedded/host_tools/mentor/gnu/arm/baremetal/bin/../lib/gcc/arm-altera-eabi/6.2.0\libgcc.a(_arm_addsubdf3.o)
                0x02038b8c                __aeabi_drsub
                0x02038b94                __aeabi_dsub
                0x02038b94                __subdf3
                0x02038b98                __aeabi_dadd
                0x02038b98                __adddf3
                0x02038ea8                __floatunsidf
                0x02038ea8                __aeabi_ui2d
                0x02038ecc                __floatsidf
                0x02038ecc                __aeabi_i2d
                0x02038ef4                __aeabi_f2d
                0x02038ef4                __extendsfdf2
                0x02038f34                __floatundidf
                0x02038f34                __aeabi_ul2d
                0x02038f48                __floatdidf
                0x02038f48                __aeabi_l2d
 .text          0x02038fa8      0x49c c:/intelfpga/18.0/embedded/host_tools/mentor/gnu/arm/baremetal/bin/../lib/gcc/arm-altera-eabi/6.2.0\libgcc.a(_arm_muldivdf3.o)
                0x02038fa8                __aeabi_dmul
                0x02038fa8                __muldf3
                0x02039238                __divdf3
                0x02039238                __aeabi_ddiv
 .text          0x02039444      0x144 c:/intelfpga/18.0/embedded/host_tools/mentor/gnu/arm/baremetal/bin/../lib/gcc/arm-altera-eabi/6.2.0\libgcc.a(_arm_cmpdf2.o)
                0x02039444                __gtdf2
                0x02039444                __gedf2
                0x0203944c                __ltdf2
                0x0203944c                __ledf2
                0x02039454                __nedf2
                0x02039454                __eqdf2
                0x02039454                __cmpdf2
                0x020394dc                __aeabi_cdrcmple
                0x020394f8                __aeabi_cdcmpeq
                0x020394f8                __aeabi_cdcmple
                0x02039510                __aeabi_dcmpeq
                0x02039528                __aeabi_dcmplt
                0x02039540                __aeabi_dcmple
                0x02039558                __aeabi_dcmpge
                0x02039570                __aeabi_dcmpgt
 .text          0x02039588       0x38 c:/intelfpga/18.0/embedded/host_tools/mentor/gnu/arm/baremetal/bin/../lib/gcc/arm-altera-eabi/6.2.0\libgcc.a(_arm_unorddf2.o)
                0x02039588                __unorddf2
                0x02039588                __aeabi_dcmpun
 .text          0x020395c0       0x5c c:/intelfpga/18.0/embedded/host_tools/mentor/gnu/arm/baremetal/bin/../lib/gcc/arm-altera-eabi/6.2.0\libgcc.a(_arm_fixdfsi.o)
                0x020395c0                __aeabi_d2iz
                0x020395c0                __fixdfsi
 .text          0x0203961c       0x58 c:/intelfpga/18.0/embedded/host_tools/mentor/gnu/arm/baremetal/bin/../lib/gcc/arm-altera-eabi/6.2.0\libgcc.a(gthr-generic.o)
                0x0203961c                __generic_gxx_active_p
                0x02039624                __generic_gxx_key_create
                0x0203962c                __generic_gxx_once
                0x02039630                __generic_gxx_key_delete
                0x02039638                __generic_gxx_getspecific
                0x02039640                __generic_gxx_setspecific
                0x02039648                __generic_gxx_recursive_mutex_init_function
                0x0203964c                __generic_gxx_mutex_init_function
                0x02039650                __generic_gxx_recursive_mutex_destroy
                0x02039658                __generic_gxx_recursive_mutex_unlock
                0x0203965c                __generic_gxx_recursive_mutex_trylock
                0x02039660                __generic_gxx_recursive_mutex_lock
                0x02039664                __generic_gxx_mutex_unlock
                0x02039668                __generic_gxx_mutex_trylock
                0x0203966c                __generic_gxx_mutex_lock
                0x02039670                __generic_gxx_mutex_destroy
 *(.plt)
 *(.gnu.warning)
 *(.glue_7t)
 .glue_7t       0x02039674        0x0 linker stubs
 *(.glue_7)
 .glue_7        0x02039674        0x0 linker stubs
 *(.vfp11_veneer)
 .vfp11_veneer  0x02039674        0x0 linker stubs
 *(.ARM.extab* .gnu.linkonce.armextab.*)
 *(.gcc_except_table)

.v4_bx          0x02039674        0x0
 .v4_bx         0x02039674        0x0 linker stubs

.iplt           0x02039674        0x0
 .iplt          0x02039674        0x0 c:/intelfpga/18.0/embedded/host_tools/mentor/gnu/arm/baremetal/bin/../lib/gcc/arm-altera-eabi/6.2.0/crtbegin.o

.eh_frame_hdr
 *(.eh_frame_hdr)
 *(.eh_frame_entry .eh_frame_entry.*)

.eh_frame       0x02039674        0x4
 *(.eh_frame)
 .eh_frame      0x02039674        0x0 c:/intelfpga/18.0/embedded/host_tools/mentor/gnu/arm/baremetal/bin/../lib/gcc/arm-altera-eabi/6.2.0/crtbegin.o
 .eh_frame      0x02039674        0x4 c:/intelfpga/18.0/embedded/host_tools/mentor/gnu/arm/baremetal/bin/../lib/gcc/arm-altera-eabi/6.2.0/crtend.o
 *(.eh_frame.*)
                [!provide]                PROVIDE (__exidx_start, .)

.ARM.exidx      0x02039678        0x8
 *(.ARM.exidx* .gnu.linkonce.armexidx.*)
 .ARM.exidx     0x02039678        0x8 c:/intelfpga/18.0/embedded/host_tools/mentor/gnu/arm/baremetal/bin/../lib/gcc/arm-altera-eabi/6.2.0\libgcc.a(_udivmoddi4.o)
                [!provide]                PROVIDE (__exidx_end, .)

.rel.dyn        0x02039680        0x0
 .rel.iplt      0x02039680        0x0 c:/intelfpga/18.0/embedded/host_tools/mentor/gnu/arm/baremetal/bin/../lib/gcc/arm-altera-eabi/6.2.0/crtbegin.o

.rodata         0x02039680    0x50b60
 *(.rodata .rodata.* .gnu.linkonce.r.*)
 .rodata.main.str1.4
                0x02039680       0x56 Main_mAbassi.o
 *fill*         0x020396d6        0x2 
 .rodata        0x020396d8        0xc MyApp_MTL.o
 .rodata.Task_FPGA_Button.str1.4
                0x020396e4       0x4e MyApp_MTL.o
 *fill*         0x02039732        0x2 
 .rodata.Task_HPS_Led.str1.4
                0x02039734       0x5d MyApp_MTL.o
 *fill*         0x02039791        0x3 
 .rodata.Task_MTL.str1.4
                0x02039794       0x65 MyApp_MTL.o
                                 0x69 (size before relaxing)
 *fill*         0x020397f9        0x3 
 .rodata.button_CallbackInterrupt.str1.4
                0x020397fc       0x1e MyApp_MTL.o
 *fill*         0x0203981a        0x2 
 .rodata.cmd_ls.str1.4
                0x0203981c       0x94 MyApp_MTL.o
 .rodata.setup_hps_gpio.str1.4
                0x020398b0       0x2d MyApp_MTL.o
 *fill*         0x020398dd        0x3 
 .rodata.theFileName.9901
                0x020398e0        0xe MyApp_MTL.o
 *fill*         0x020398ee        0x2 
 .rodata.dma_init.str1.4
                0x020398f0        0x4 arm_pl330.o
 *fill*         0x020398f4        0x4 
 .rodata.g_DmaNames
                0x020398f8        0x5 arm_pl330.o
 *fill*         0x020398fd        0x3 
 .rodata.g_SemNames
                0x02039900       0x38 arm_pl330.o
 .rodata.g_DMAchan
                0x02039938       0x20 dw_i2c.o
 .rodata.g_DevReMap
                0x02039958       0x10 dw_i2c.o
 .rodata.g_HWaddr
                0x02039968       0x10 dw_i2c.o
 .rodata.g_MuxIO
                0x02039978       0xc0 dw_i2c.o
 .rodata.g_Names
                0x02039a38       0x40 dw_i2c.o
 .rodata.BSecho.7309
                0x02039a78        0x2 dw_uart.o
 *fill*         0x02039a7a        0x6 
 .rodata.g_DevReMap
                0x02039a80        0x8 dw_uart.o
 .rodata.g_HWaddr
                0x02039a88        0x8 dw_uart.o
 .rodata.g_Names
                0x02039a90       0x40 dw_uart.o
 .rodata.MEDIAinfo.str1.4
                0x02039ad0       0x10 MediaIF.o
 .rodata.MEDIAinit.str1.4
                0x02039ae0       0x7b MediaIF.o
 *fill*         0x02039b5b        0x1 
 .rodata.MEDIAread.str1.4
                0x02039b5c       0x8b MediaIF.o
 *fill*         0x02039be7        0x1 
 .rodata.MEDIAwrite.str1.4
                0x02039be8       0x90 MediaIF.o
 .rodata.SDprepData.isra.1.constprop.6.str1.4
                0x02039c78       0x9e dw_sdmmc.o
 *fill*         0x02039d16        0x2 
 .rodata.g_FreqBase
                0x02039d18       0x10 dw_sdmmc.o
 .rodata.g_Names
                0x02039d28        0x8 dw_sdmmc.o
 .rodata.g_SpeedMult
                0x02039d30       0x40 dw_sdmmc.o
 .rodata.mmc_init.str1.4
                0x02039d70      0x53e dw_sdmmc.o
 *fill*         0x0203a2ae        0x2 
 .rodata.mmc_sendcmd.constprop.3.str1.4
                0x0203a2b0       0x8f dw_sdmmc.o
 *fill*         0x0203a33f        0x1 
 .rodata.mmc_sendcmd.constprop.5.str1.4
                0x0203a340      0x159 dw_sdmmc.o
 *fill*         0x0203a499        0x3 
 .rodata.mmc_sendstatus.str1.4
                0x0203a49c       0x67 dw_sdmmc.o
 *fill*         0x0203a503        0x5 
 .rodata.ExCvt  0x0203a508       0x80 ff.o
 .rodata.LfnOfs
                0x0203a588        0xd ff.o
 *fill*         0x0203a595        0x3 
 .rodata.follow_path.str1.4
                0x0203a598       0x13 ff.o
 *fill*         0x0203a5ab        0x5 
 .rodata.cvt1.7491
                0x0203a5b0      0x1f2 ffunicode.o
 *fill*         0x0203a7a2        0x6 
 .rodata.cvt2.7492
                0x0203a7a8       0xbc ffunicode.o
 *fill*         0x0203a864        0x4 
 .rodata.uc437  0x0203a868      0x100 ffunicode.o
 .rodata.g_Names
                0x0203a968       0x10 Abassi_FatFS.o
 .rodata.disk_status.str1.4
                0x0203a978       0x13 Media_FatFS.o
                                  0x6 (size before relaxing)
 .rodata.LogPath.str1.4
                0x0203a978        0x4 SysCall_FatFS.o
                                  0x8 (size before relaxing)
 .rodata.RealPath.str1.4
                0x0203a97c       0x15 SysCall_FatFS.o
 *fill*         0x0203a991        0x3 
 .rodata.SysCallInit.str1.4
                0x0203a994       0x27 SysCall_FatFS.o
 *fill*         0x0203a9bb        0x1 
 .rodata.fstatfs.str1.4
                0x0203a9bc       0x1e SysCall_FatFS.o
                                 0x25 (size before relaxing)
 *fill*         0x0203a9da        0x2 
 .rodata.getcwd.str1.4
                0x0203a9dc        0x2 SysCall_FatFS.o
 *fill*         0x0203a9de        0x2 
 .rodata.tahomabold_20_100
                0x0203a9e0      0x152 tahomabold_20.o
 *fill*         0x0203ab32        0x6 
 .rodata.tahomabold_20_101
                0x0203ab38      0x138 tahomabold_20.o
 .rodata.tahomabold_20_102
                0x0203ac70       0xd0 tahomabold_20.o
 .rodata.tahomabold_20_103
                0x0203ad40      0x152 tahomabold_20.o
 *fill*         0x0203ae92        0x6 
 .rodata.tahomabold_20_104
                0x0203ae98      0x152 tahomabold_20.o
 *fill*         0x0203afea        0x6 
 .rodata.tahomabold_20_105
                0x0203aff0       0x9c tahomabold_20.o
 *fill*         0x0203b08c        0x4 
 .rodata.tahomabold_20_106
                0x0203b090       0xea tahomabold_20.o
 *fill*         0x0203b17a        0x6 
 .rodata.tahomabold_20_107
                0x0203b180      0x138 tahomabold_20.o
 .rodata.tahomabold_20_108
                0x0203b2b8       0x9c tahomabold_20.o
 *fill*         0x0203b354        0x4 
 .rodata.tahomabold_20_109
                0x0203b358      0x1ee tahomabold_20.o
 *fill*         0x0203b546        0x2 
 .rodata.tahomabold_20_110
                0x0203b548      0x152 tahomabold_20.o
 *fill*         0x0203b69a        0x6 
 .rodata.tahomabold_20_111
                0x0203b6a0      0x138 tahomabold_20.o
 .rodata.tahomabold_20_112
                0x0203b7d8      0x152 tahomabold_20.o
 *fill*         0x0203b92a        0x6 
 .rodata.tahomabold_20_113
                0x0203b930      0x152 tahomabold_20.o
 *fill*         0x0203ba82        0x6 
 .rodata.tahomabold_20_114
                0x0203ba88       0xea tahomabold_20.o
 *fill*         0x0203bb72        0x6 
 .rodata.tahomabold_20_115
                0x0203bb78      0x104 tahomabold_20.o
 *fill*         0x0203bc7c        0x4 
 .rodata.tahomabold_20_116
                0x0203bc80       0xd0 tahomabold_20.o
 .rodata.tahomabold_20_117
                0x0203bd50      0x152 tahomabold_20.o
 *fill*         0x0203bea2        0x6 
 .rodata.tahomabold_20_118
                0x0203bea8      0x138 tahomabold_20.o
 .rodata.tahomabold_20_119
                0x0203bfe0      0x1d4 tahomabold_20.o
 *fill*         0x0203c1b4        0x4 
 .rodata.tahomabold_20_120
                0x0203c1b8      0x138 tahomabold_20.o
 .rodata.tahomabold_20_121
                0x0203c2f0      0x138 tahomabold_20.o
 .rodata.tahomabold_20_122
                0x0203c428      0x11e tahomabold_20.o
 *fill*         0x0203c546        0x2 
 .rodata.tahomabold_20_123
                0x0203c548      0x138 tahomabold_20.o
 .rodata.tahomabold_20_124
                0x0203c680      0x152 tahomabold_20.o
 *fill*         0x0203c7d2        0x6 
 .rodata.tahomabold_20_125
                0x0203c7d8      0x138 tahomabold_20.o
 .rodata.tahomabold_20_126
                0x0203c910      0x1a0 tahomabold_20.o
 .rodata.tahomabold_20_33
                0x0203cab0       0xb6 tahomabold_20.o
 *fill*         0x0203cb66        0x2 
 .rodata.tahomabold_20_34
                0x0203cb68      0x104 tahomabold_20.o
 *fill*         0x0203cc6c        0x4 
 .rodata.tahomabold_20_35
                0x0203cc70      0x1a0 tahomabold_20.o
 .rodata.tahomabold_20_36
                0x0203ce10      0x152 tahomabold_20.o
 *fill*         0x0203cf62        0x6 
 .rodata.tahomabold_20_37
                0x0203cf68      0x270 tahomabold_20.o
 .rodata.tahomabold_20_38
                0x0203d1d8      0x1ba tahomabold_20.o
 *fill*         0x0203d392        0x6 
 .rodata.tahomabold_20_39
                0x0203d398       0x9c tahomabold_20.o
 *fill*         0x0203d434        0x4 
 .rodata.tahomabold_20_40
                0x0203d438       0xea tahomabold_20.o
 *fill*         0x0203d522        0x6 
 .rodata.tahomabold_20_41
                0x0203d528       0xea tahomabold_20.o
 *fill*         0x0203d612        0x6 
 .rodata.tahomabold_20_42
                0x0203d618      0x152 tahomabold_20.o
 *fill*         0x0203d76a        0x6 
 .rodata.tahomabold_20_43
                0x0203d770      0x1a0 tahomabold_20.o
 .rodata.tahomabold_20_44
                0x0203d910       0x9c tahomabold_20.o
 *fill*         0x0203d9ac        0x4 
 .rodata.tahomabold_20_45
                0x0203d9b0       0xea tahomabold_20.o
 *fill*         0x0203da9a        0x6 
 .rodata.tahomabold_20_46
                0x0203daa0       0x9c tahomabold_20.o
 *fill*         0x0203db3c        0x4 
 .rodata.tahomabold_20_47
                0x0203db40      0x138 tahomabold_20.o
 .rodata.tahomabold_20_48
                0x0203dc78      0x152 tahomabold_20.o
 *fill*         0x0203ddca        0x6 
 .rodata.tahomabold_20_49
                0x0203ddd0      0x152 tahomabold_20.o
 *fill*         0x0203df22        0x6 
 .rodata.tahomabold_20_50
                0x0203df28      0x152 tahomabold_20.o
 *fill*         0x0203e07a        0x6 
 .rodata.tahomabold_20_51
                0x0203e080      0x152 tahomabold_20.o
 *fill*         0x0203e1d2        0x6 
 .rodata.tahomabold_20_52
                0x0203e1d8      0x152 tahomabold_20.o
 *fill*         0x0203e32a        0x6 
 .rodata.tahomabold_20_53
                0x0203e330      0x152 tahomabold_20.o
 *fill*         0x0203e482        0x6 
 .rodata.tahomabold_20_54
                0x0203e488      0x152 tahomabold_20.o
 *fill*         0x0203e5da        0x6 
 .rodata.tahomabold_20_55
                0x0203e5e0      0x152 tahomabold_20.o
 *fill*         0x0203e732        0x6 
 .rodata.tahomabold_20_56
                0x0203e738      0x152 tahomabold_20.o
 *fill*         0x0203e88a        0x6 
 .rodata.tahomabold_20_57
                0x0203e890      0x152 tahomabold_20.o
 *fill*         0x0203e9e2        0x6 
 .rodata.tahomabold_20_58
                0x0203e9e8       0xb6 tahomabold_20.o
 *fill*         0x0203ea9e        0x2 
 .rodata.tahomabold_20_59
                0x0203eaa0       0xb6 tahomabold_20.o
 *fill*         0x0203eb56        0x2 
 .rodata.tahomabold_20_60
                0x0203eb58      0x1a0 tahomabold_20.o
 .rodata.tahomabold_20_61
                0x0203ecf8      0x1a0 tahomabold_20.o
 .rodata.tahomabold_20_62
                0x0203ee98      0x1a0 tahomabold_20.o
 .rodata.tahomabold_20_63
                0x0203f038      0x11e tahomabold_20.o
 *fill*         0x0203f156        0x2 
 .rodata.tahomabold_20_64
                0x0203f158      0x1d4 tahomabold_20.o
 *fill*         0x0203f32c        0x4 
 .rodata.tahomabold_20_65
                0x0203f330      0x16c tahomabold_20.o
 *fill*         0x0203f49c        0x4 
 .rodata.tahomabold_20_66
                0x0203f4a0      0x16c tahomabold_20.o
 *fill*         0x0203f60c        0x4 
 .rodata.tahomabold_20_67
                0x0203f610      0x152 tahomabold_20.o
 *fill*         0x0203f762        0x6 
 .rodata.tahomabold_20_68
                0x0203f768      0x186 tahomabold_20.o
 *fill*         0x0203f8ee        0x2 
 .rodata.tahomabold_20_69
                0x0203f8f0      0x138 tahomabold_20.o
 .rodata.tahomabold_20_70
                0x0203fa28      0x138 tahomabold_20.o
 .rodata.tahomabold_20_71
                0x0203fb60      0x186 tahomabold_20.o
 *fill*         0x0203fce6        0x2 
 .rodata.tahomabold_20_72
                0x0203fce8      0x186 tahomabold_20.o
 *fill*         0x0203fe6e        0x2 
 .rodata.tahomabold_20_73
                0x0203fe70      0x104 tahomabold_20.o
 *fill*         0x0203ff74        0x4 
 .rodata.tahomabold_20_74
                0x0203ff78      0x104 tahomabold_20.o
 *fill*         0x0204007c        0x4 
 .rodata.tahomabold_20_75
                0x02040080      0x16c tahomabold_20.o
 *fill*         0x020401ec        0x4 
 .rodata.tahomabold_20_76
                0x020401f0      0x11e tahomabold_20.o
 *fill*         0x0204030e        0x2 
 .rodata.tahomabold_20_77
                0x02040310      0x1d4 tahomabold_20.o
 *fill*         0x020404e4        0x4 
 .rodata.tahomabold_20_78
                0x020404e8      0x186 tahomabold_20.o
 *fill*         0x0204066e        0x2 
 .rodata.tahomabold_20_79
                0x02040670      0x186 tahomabold_20.o
 *fill*         0x020407f6        0x2 
 .rodata.tahomabold_20_80
                0x020407f8      0x152 tahomabold_20.o
 *fill*         0x0204094a        0x6 
 .rodata.tahomabold_20_81
                0x02040950      0x186 tahomabold_20.o
 *fill*         0x02040ad6        0x2 
 .rodata.tahomabold_20_82
                0x02040ad8      0x186 tahomabold_20.o
 *fill*         0x02040c5e        0x2 
 .rodata.tahomabold_20_83
                0x02040c60      0x152 tahomabold_20.o
 *fill*         0x02040db2        0x6 
 .rodata.tahomabold_20_84
                0x02040db8      0x138 tahomabold_20.o
 .rodata.tahomabold_20_85
                0x02040ef0      0x186 tahomabold_20.o
 *fill*         0x02041076        0x2 
 .rodata.tahomabold_20_86
                0x02041078      0x16c tahomabold_20.o
 *fill*         0x020411e4        0x4 
 .rodata.tahomabold_20_87
                0x020411e8      0x222 tahomabold_20.o
 *fill*         0x0204140a        0x6 
 .rodata.tahomabold_20_88
                0x02041410      0x16c tahomabold_20.o
 *fill*         0x0204157c        0x4 
 .rodata.tahomabold_20_89
                0x02041580      0x16c tahomabold_20.o
 *fill*         0x020416ec        0x4 
 .rodata.tahomabold_20_90
                0x020416f0      0x138 tahomabold_20.o
 .rodata.tahomabold_20_91
                0x02041828       0xea tahomabold_20.o
 *fill*         0x02041912        0x6 
 .rodata.tahomabold_20_92
                0x02041918      0x138 tahomabold_20.o
 .rodata.tahomabold_20_93
                0x02041a50       0xea tahomabold_20.o
 *fill*         0x02041b3a        0x6 
 .rodata.tahomabold_20_94
                0x02041b40      0x1a0 tahomabold_20.o
 .rodata.tahomabold_20_95
                0x02041ce0      0x152 tahomabold_20.o
 *fill*         0x02041e32        0x6 
 .rodata.tahomabold_20_96
                0x02041e38      0x11e tahomabold_20.o
 *fill*         0x02041f56        0x2 
 .rodata.tahomabold_20_97
                0x02041f58      0x138 tahomabold_20.o
 .rodata.tahomabold_20_98
                0x02042090      0x152 tahomabold_20.o
 *fill*         0x020421e2        0x6 
 .rodata.tahomabold_20_99
                0x020421e8      0x11e tahomabold_20.o
 *fill*         0x02042306        0x2 
 .rodata.gesture_bmp
                0x02042308    0x448f0 gesture.o
                0x02042308                gesture_bmp
 .rodata.CSWTCH.27
                0x02086bf8       0x72 gui.o
 *fill*         0x02086c6a        0x2 
 .rodata.GUI_DeskDraw.str1.4
                0x02086c6c       0x16 gui.o
                                 0x1e (size before relaxing)
 *fill*         0x02086c82        0x2 
 .rodata.G_ABORTstackSize
                0x02086c84        0x4 mAbassiCfgA9.o
                0x02086c84                G_ABORTstackSize
 .rodata.G_FIQstackSize
                0x02086c88        0x4 mAbassiCfgA9.o
                0x02086c88                G_FIQstackSize
 .rodata.G_IRQstackSize
                0x02086c8c        0x4 mAbassiCfgA9.o
                0x02086c8c                G_IRQstackSize
 .rodata.G_MMUnonCachedTbl
                0x02086c90        0xc mAbassiCfgA9.o
                0x02086c90                G_MMUnonCachedTbl
 *fill*         0x02086c9c        0x4 
 .rodata.G_MMUnonCprivTbl
                0x02086ca0       0x10 mAbassiCfgA9.o
                0x02086ca0                G_MMUnonCprivTbl
 .rodata.G_MMUprivateTbl
                0x02086cb0       0x10 mAbassiCfgA9.o
                0x02086cb0                G_MMUprivateTbl
 .rodata.G_MMUsharedTbl
                0x02086cc0        0xc mAbassiCfgA9.o
                0x02086cc0                G_MMUsharedTbl
 .rodata.G_SUPERstackSize
                0x02086ccc        0x4 mAbassiCfgA9.o
                0x02086ccc                G_SUPERstackSize
 .rodata.G_UNDEFstackSize
                0x02086cd0        0x4 mAbassiCfgA9.o
                0x02086cd0                G_UNDEFstackSize
 .rodata.CmdEdit.str1.4
                0x02086cd4      0x1a9 Shell.o
 *fill*         0x02086e7d        0x3 
 .rodata.CmdEvt.str1.4
                0x02086e80       0xf2 Shell.o
                                 0xf8 (size before relaxing)
 *fill*         0x02086f72        0x2 
 .rodata.CmdGrp.str1.4
                0x02086f74      0x38d Shell.o
                                0x391 (size before relaxing)
 *fill*         0x02087301        0x3 
 .rodata.CmdHelp.str1.4
                0x02087304      0x1ec Shell.o
 .rodata.CmdLog.str1.4
                0x020874f0       0x36 Shell.o
 *fill*         0x02087526        0x2 
 .rodata.CmdMblk.str1.4
                0x02087528       0xc2 Shell.o
 *fill*         0x020875ea        0x2 
 .rodata.CmdMbx.str1.4
                0x020875ec      0x50f Shell.o
                                0x514 (size before relaxing)
 *fill*         0x02087afb        0x1 
 .rodata.CmdMem.str1.4
                0x02087afc      0x188 Shell.o
 .rodata.CmdMtx.str1.4
                0x02087c84      0x4e6 Shell.o
                                0x50a (size before relaxing)
 *fill*         0x0208816a        0x2 
 .rodata.CmdSem.str1.4
                0x0208816c      0x431 Shell.o
 *fill*         0x0208859d        0x3 
 .rodata.CmdSys.str1.4
                0x020885a0      0x11c Shell.o
                                0x120 (size before relaxing)
 .rodata.CmdTask.str1.4
                0x020886bc      0xc82 Shell.o
                                0xc9a (size before relaxing)
 *fill*         0x0208933e        0x2 
 .rodata.CmdTim.str1.4
                0x02089340      0x785 Shell.o
                                0x78d (size before relaxing)
 *fill*         0x02089ac5        0x3 
 .rodata.CommandLst
                0x02089ac8       0x70 Shell.o
 .rodata.OSshell.str1.4
                0x02089b38       0x55 Shell.o
 *fill*         0x02089b8d        0x3 
 .rodata.PrtResult.str1.4
                0x02089b90      0x1b1 Shell.o
 *fill*         0x02089d41        0x7 
 .rodata.G_OSnoName
                0x02089d48        0x4 ../../mAbassi/Platform/lib\lib_mAbassi_EVAL_GCC_AR5_CY5.a(mAbassi_EVAL_A9_GCC_2_NR.o)
                0x02089d48                G_OSnoName
 *fill*         0x02089d4c        0x4 
 .rodata.G_OSprivName
                0x02089d50        0x5 ../../mAbassi/Platform/lib\lib_mAbassi_EVAL_GCC_AR5_CY5.a(mAbassi_EVAL_A9_GCC_2_NR.o)
                0x02089d50                G_OSprivName
 *fill*         0x02089d55        0x3 
 .rodata.OSstart.str1.4
                0x02089d58       0x14 ../../mAbassi/Platform/lib\lib_mAbassi_EVAL_GCC_AR5_CY5.a(mAbassi_EVAL_A9_GCC_2_NR.o)
 *fill*         0x02089d6c        0x4 
 .rodata.g_OSMutexName
                0x02089d70        0x6 ../../mAbassi/Platform/lib\lib_mAbassi_EVAL_GCC_AR5_CY5.a(mAbassi_EVAL_A9_GCC_2_NR.o)
                0x02089d70                g_OSMutexName
 *fill*         0x02089d76        0x2 
 .rodata        0x02089d78        0x4 c:/intelfpga/18.0/embedded/host_tools/mentor/gnu/arm/baremetal/bin/../lib/gcc/arm-altera-eabi/6.2.0/../../../../arm-altera-eabi/lib\libc.a(lib_a-impure.o)
                0x02089d78                _global_impure_ptr
 .rodata.str1.4
                0x02089d7c        0xa c:/intelfpga/18.0/embedded/host_tools/mentor/gnu/arm/baremetal/bin/../lib/gcc/arm-altera-eabi/6.2.0/../../../../arm-altera-eabi/lib\libc.a(lib_a-locale.o)
                                 0x12 (size before relaxing)
 *fill*         0x02089d86        0x2 
 .rodata        0x02089d88       0x60 c:/intelfpga/18.0/embedded/host_tools/mentor/gnu/arm/baremetal/bin/../lib/gcc/arm-altera-eabi/6.2.0/../../../../arm-altera-eabi/lib\libc.a(lib_a-mktime.o)
 .rodata        0x02089de8       0x60 c:/intelfpga/18.0/embedded/host_tools/mentor/gnu/arm/baremetal/bin/../lib/gcc/arm-altera-eabi/6.2.0/../../../../arm-altera-eabi/lib\libc.a(lib_a-month_lengths.o)
                0x02089de8                __month_lengths
 .rodata.str1.4
                0x02089e48        0xa c:/intelfpga/18.0/embedded/host_tools/mentor/gnu/arm/baremetal/bin/../lib/gcc/arm-altera-eabi/6.2.0/../../../../arm-altera-eabi/lib\libc.a(lib_a-puts.o)
                                  0x2 (size before relaxing)
 .rodata.str1.4
                0x02089e48       0x53 c:/intelfpga/18.0/embedded/host_tools/mentor/gnu/arm/baremetal/bin/../lib/gcc/arm-altera-eabi/6.2.0/../../../../arm-altera-eabi/lib\libc.a(lib_a-tzset_r.o)
 .rodata.str1.4
                0x02089e9b        0x4 c:/intelfpga/18.0/embedded/host_tools/mentor/gnu/arm/baremetal/bin/../lib/gcc/arm-altera-eabi/6.2.0/../../../../arm-altera-eabi/lib\libc.a(lib_a-tzvars.o)
 *fill*         0x02089e9b        0x1 
 .rodata        0x02089e9c       0x20 c:/intelfpga/18.0/embedded/host_tools/mentor/gnu/arm/baremetal/bin/../lib/gcc/arm-altera-eabi/6.2.0/../../../../arm-altera-eabi/lib\libc.a(lib_a-vfprintf.o)
 .rodata.str1.4
                0x02089ebc       0x3f c:/intelfpga/18.0/embedded/host_tools/mentor/gnu/arm/baremetal/bin/../lib/gcc/arm-altera-eabi/6.2.0/../../../../arm-altera-eabi/lib\libc.a(lib_a-vfprintf.o)
                                 0x42 (size before relaxing)
 *fill*         0x02089efb        0x1 
 .rodata        0x02089efc      0x101 c:/intelfpga/18.0/embedded/host_tools/mentor/gnu/arm/baremetal/bin/../lib/gcc/arm-altera-eabi/6.2.0/../../../../arm-altera-eabi/lib\libc.a(lib_a-ctype_.o)
                0x02089efc                _ctype_
 *fill*         0x02089ffd        0x3 
 .rodata.str1.4
                0x0208a000       0x10 c:/intelfpga/18.0/embedded/host_tools/mentor/gnu/arm/baremetal/bin/../lib/gcc/arm-altera-eabi/6.2.0/../../../../arm-altera-eabi/lib\libc.a(lib_a-dtoa.o)
                                 0x12 (size before relaxing)
 .rodata        0x0208a010      0x128 c:/intelfpga/18.0/embedded/host_tools/mentor/gnu/arm/baremetal/bin/../lib/gcc/arm-altera-eabi/6.2.0/../../../../arm-altera-eabi/lib\libc.a(lib_a-mprec.o)
                0x0208a020                __mprec_tens
                0x0208a0e8                __mprec_tinytens
                0x0208a110                __mprec_bigtens
 .rodata        0x0208a138       0x22 c:/intelfpga/18.0/embedded/host_tools/mentor/gnu/arm/baremetal/bin/../lib/gcc/arm-altera-eabi/6.2.0/../../../../arm-altera-eabi/lib\libc.a(lib_a-svfiscanf.o)
 *fill*         0x0208a15a        0x2 
 .rodata        0x0208a15c       0x20 c:/intelfpga/18.0/embedded/host_tools/mentor/gnu/arm/baremetal/bin/../lib/gcc/arm-altera-eabi/6.2.0/../../../../arm-altera-eabi/lib\libc.a(lib_a-vfiprintf.o)
 .rodata.str1.4
                0x0208a17c       0x2f c:/intelfpga/18.0/embedded/host_tools/mentor/gnu/arm/baremetal/bin/../lib/gcc/arm-altera-eabi/6.2.0/../../../../arm-altera-eabi/lib\libc.a(lib_a-vfiprintf.o)
 .rodata.str1.4
                0x0208a17c        0x1 c:/intelfpga/18.0/embedded/host_tools/mentor/gnu/arm/baremetal/bin/../lib/gcc/arm-altera-eabi/6.2.0/../../../../arm-altera-eabi/lib\libc.a(lib_a-mbrtowc.o)
                0x0208a1ac                . = ALIGN (0x4)
 *(.init)
 .init          0x0208a17c        0xc c:/intelfpga/18.0/embedded/host_tools/mentor/gnu/arm/baremetal/bin/../lib/gcc/arm-altera-eabi/6.2.0/crti.o
                0x0208a17c                _init
 .init          0x0208a188        0xc c:/intelfpga/18.0/embedded/host_tools/mentor/gnu/arm/baremetal/bin/../lib/gcc/arm-altera-eabi/6.2.0/crtn.o
                0x0208a1ac                . = ALIGN (0x4)
                0x0208a1ac                __preinit_array_start = .
 *(.preinit_array)
                0x0208a1ac                __preinit_array_end = .
                0x0208a1ac                . = ALIGN (0x4)
                0x0208a1ac                __init_array_start = .
 *(SORT(.init_array.*))
 .init_array.00000
                0x0208a194        0x4 c:/intelfpga/18.0/embedded/host_tools/mentor/gnu/arm/baremetal/bin/../lib/gcc/arm-altera-eabi/6.2.0/../../../../arm-altera-eabi/lib\libc.a(lib_a-mlock.o)
 .init_array.00000
                0x0208a198        0x4 c:/intelfpga/18.0/embedded/host_tools/mentor/gnu/arm/baremetal/bin/../lib/gcc/arm-altera-eabi/6.2.0/../../../../arm-altera-eabi/lib\libc.a(lib_a-tzlock.o)
 .init_array.00000
                0x0208a19c        0x8 c:/intelfpga/18.0/embedded/host_tools/mentor/gnu/arm/baremetal/bin/../lib/gcc/arm-altera-eabi/6.2.0/../../../../arm-altera-eabi/lib\libc.a(lib_a-findfp.o)
 .init_array.00000
                0x0208a1a4        0x4 c:/intelfpga/18.0/embedded/host_tools/mentor/gnu/arm/baremetal/bin/../lib/gcc/arm-altera-eabi/6.2.0/../../../../arm-altera-eabi/lib\libc.a(lib_a-envlock.o)
 *(.init_array)
 .init_array    0x0208a1a8        0x4 c:/intelfpga/18.0/embedded/host_tools/mentor/gnu/arm/baremetal/bin/../lib/gcc/arm-altera-eabi/6.2.0/crtbegin.o
                0x0208a1ac                __init_array_end = .
                0x0208a1ac                . = ALIGN (0x4)
 *(.fini)
 .fini          0x0208a1ac        0xc c:/intelfpga/18.0/embedded/host_tools/mentor/gnu/arm/baremetal/bin/../lib/gcc/arm-altera-eabi/6.2.0/crti.o
                0x0208a1ac                _fini
 .fini          0x0208a1b8        0xc c:/intelfpga/18.0/embedded/host_tools/mentor/gnu/arm/baremetal/bin/../lib/gcc/arm-altera-eabi/6.2.0/crtn.o
                0x0208a1c4                . = ALIGN (0x4)
                0x0208a1c4                __fini_array_start = .
 *(.fini_array)
 .fini_array    0x0208a1c4        0x4 c:/intelfpga/18.0/embedded/host_tools/mentor/gnu/arm/baremetal/bin/../lib/gcc/arm-altera-eabi/6.2.0/crtbegin.o
 *(SORT(.fini_array.*))
                0x0208a1c8                __fini_array_end = .
                0x0208a1c8                . = ALIGN (0x4)
 *crtbegin.o(.ctors)
 *crtbegin?.o(.ctors)
 *(EXCLUDE_FILE(*crtend.o) .ctors)
 *(SORT(.ctors.*))
 *crtend.o(.ctors)
 *(.ctors)
                0x0208a1c8                . = ALIGN (0x4)
 *crtbegin.o(.dtors)
 *crtbegin?.o(.dtors)
 *(EXCLUDE_FILE(*crtend.o) .dtors)
 *(SORT(.dtors.*))
 *crtend.o(.dtors)
 *(.dtors)
                0x0208a1c8                . = ALIGN (0x4)
                0x0208a1c8                __cs3_regions = .
                0x0208a1c8        0x4 LONG 0x0
                0x0208a1cc        0x4 LONG 0x2000000 __cs3_region_init_ram
                0x0208a1d0        0x4 LONG 0x2000000 __cs3_region_start_ram
                0x0208a1d4        0x4 LONG 0x8b830 __cs3_region_init_size_ram
                0x0208a1d8        0x4 LONG 0x1003f048 __cs3_region_zero_size_ram
                0x0208a1dc                __cs3_regions_end = .
                0x0208a1e0                . = ALIGN (0x8)
 *fill*         0x0208a1dc        0x4 
                0x0208a1e0                _etext = .
                0x00000001                ASSERT (! ((__cs3_region_init_ram & 0x7)), __cs3_region_init_ram not aligned)
                0x00000001                ASSERT (! ((__cs3_region_start_ram & 0x7)), __cs3_region_start_ram not aligned)
                0x00000001                ASSERT (! ((__cs3_region_init_size_ram & 0x7)), __cs3_region_init_size_ram not aligned)
                0x00000001                ASSERT (! ((__cs3_region_zero_size_ram & 0x7)), __cs3_region_zero_size_ram not aligned)
                0x0208a1e0                __etext = .

.data           0x0208a1e0     0x1650
                0x0208a1e0                _fdata = .
                0x0208a1e0                __data_start__ = .
 *(vtable)
 *(.data*)
 .data.fpga_buttons
                0x0208a1e0        0x4 MyApp_MTL.o
                0x0208a1e0                fpga_buttons
 .data.fpga_i2c
                0x0208a1e4        0x4 MyApp_MTL.o
                0x0208a1e4                fpga_i2c
 .data.fpga_leds
                0x0208a1e8        0x4 MyApp_MTL.o
                0x0208a1e8                fpga_leds
 .data.fpga_mtc
                0x0208a1ec        0x4 MyApp_MTL.o
                0x0208a1ec                fpga_mtc
 .data.fpga_spi
                0x0208a1f0        0x4 MyApp_MTL.o
                0x0208a1f0                fpga_spi
 .data.tahomabold_20
                0x0208a1f4      0xbc0 tahomabold_20.o
                0x0208a1f4                tahomabold_20
 .data.InitFlag.8071
                0x0208adb4        0x4 gui.o
 .data.szPallete
                0x0208adb8       0x24 gui.o
                0x0208adb8                szPallete
 *fill*         0x0208addc        0x4 
 .data.ExpiryCnt.7521
                0x0208ade0        0x8 ../../mAbassi/Platform/lib\lib_mAbassi_EVAL_GCC_AR5_CY5.a(mAbassi_EVAL_A9_GCC_2_NR.o)
 .data.ExpiryPrv.7522
                0x0208ade8        0x8 ../../mAbassi/Platform/lib\lib_mAbassi_EVAL_GCC_AR5_CY5.a(mAbassi_EVAL_A9_GCC_2_NR.o)
 .data          0x0208adf0       0x3c ../../mAbassi/Platform/lib\lib_mAbassi_EVAL_GCC_AR5_CY5.a(mAbassi_EVAL_GCC_AR5_CY5_NR.o)
                0x0208adf4                DATAabort_Handler
                0x0208adf4                __cs3_isr_dabort
                0x0208ae08                FIQ_Handler
                0x0208ae08                __cs3_isr_fiq
                0x0208ae0c                __cs3_isr_pabort
                0x0208ae0c                PFabort_Handler
                0x0208ae1c                __cs3_isr_undef
                0x0208ae1c                Undef_Handler
 *fill*         0x0208ae2c        0x4 
 .data          0x0208ae30      0x430 c:/intelfpga/18.0/embedded/host_tools/mentor/gnu/arm/baremetal/bin/../lib/gcc/arm-altera-eabi/6.2.0/../../../../arm-altera-eabi/lib\libc.a(lib_a-impure.o)
                0x0208ae30                _impure_ptr
 .data          0x0208b260      0x16c c:/intelfpga/18.0/embedded/host_tools/mentor/gnu/arm/baremetal/bin/../lib/gcc/arm-altera-eabi/6.2.0/../../../../arm-altera-eabi/lib\libc.a(lib_a-locale.o)
                0x0208b260                __global_locale
 .data          0x0208b3cc      0x410 c:/intelfpga/18.0/embedded/host_tools/mentor/gnu/arm/baremetal/bin/../lib/gcc/arm-altera-eabi/6.2.0/../../../../arm-altera-eabi/lib\libc.a(lib_a-mallocr.o)
                0x0208b3cc                __malloc_av_
                0x0208b7d4                __malloc_sbrk_base
                0x0208b7d8                __malloc_trim_threshold
 .data          0x0208b7dc        0x8 c:/intelfpga/18.0/embedded/host_tools/mentor/gnu/arm/baremetal/bin/../lib/gcc/arm-altera-eabi/6.2.0/../../../../arm-altera-eabi/lib\libc.a(lib_a-tzvars.o)
                0x0208b7dc                _tzname
 .data          0x0208b7e4       0x40 c:/intelfpga/18.0/embedded/host_tools/mentor/gnu/arm/baremetal/bin/../lib/gcc/arm-altera-eabi/6.2.0/../../../../arm-altera-eabi/lib\libc.a(lib_a-gettzinfo.o)
 .data          0x0208b824        0x4 c:/intelfpga/18.0/embedded/host_tools/mentor/gnu/arm/baremetal/bin/../lib/gcc/arm-altera-eabi/6.2.0/../../../../arm-altera-eabi/lib\libc.a(lib_a-environ.o)
                0x0208b824                environ
 *(.jcr*)
 .jcr           0x0208b828        0x0 c:/intelfpga/18.0/embedded/host_tools/mentor/gnu/arm/baremetal/bin/../lib/gcc/arm-altera-eabi/6.2.0/crtbegin.o
 .jcr           0x0208b828        0x4 c:/intelfpga/18.0/embedded/host_tools/mentor/gnu/arm/baremetal/bin/../lib/gcc/arm-altera-eabi/6.2.0/crtend.o
                0x0208b830                . = ALIGN (0x8)
 *fill*         0x0208b82c        0x4 
                0x0208b830                __data_end__ = .
                0x0208b830                _edata = .

.tm_clone_table
                0x0208b830        0x0
 .tm_clone_table
                0x0208b830        0x0 c:/intelfpga/18.0/embedded/host_tools/mentor/gnu/arm/baremetal/bin/../lib/gcc/arm-altera-eabi/6.2.0/crtbegin.o
 .tm_clone_table
                0x0208b830        0x0 c:/intelfpga/18.0/embedded/host_tools/mentor/gnu/arm/baremetal/bin/../lib/gcc/arm-altera-eabi/6.2.0/crtend.o

.igot.plt       0x0208b830        0x0
 .igot.plt      0x0208b830        0x0 c:/intelfpga/18.0/embedded/host_tools/mentor/gnu/arm/baremetal/bin/../lib/gcc/arm-altera-eabi/6.2.0/crtbegin.o

.bss            0x0208b900    0x3ef78
                0x0208b900                _fbss = .
                0x0208b900                __bss_start__ = .
 *(.shbss)
 *(.bss .bss.* .gnu.linkonce.b.*)
 .bss           0x0208b900       0x1c c:/intelfpga/18.0/embedded/host_tools/mentor/gnu/arm/baremetal/bin/../lib/gcc/arm-altera-eabi/6.2.0/crtbegin.o
 .bss.G_UartDevErr
                0x0208b91c        0x4 Main_mAbassi.o
                0x0208b91c                G_UartDevErr
 .bss.G_UartDevIn
                0x0208b920        0x4 Main_mAbassi.o
                0x0208b920                G_UartDevIn
 .bss.G_UartDevOut
                0x0208b924        0x4 Main_mAbassi.o
                0x0208b924                G_UartDevOut
 *fill*         0x0208b928       0x18 
 .bss.g_Buffer  0x0208b940     0x2580 MyApp_MTL.o
 .bss.myFrameBuffer
                0x0208dec0        0x4 MyApp_MTL.o
                0x0208dec0                myFrameBuffer
 .bss.myTouch   0x0208dec4        0x4 MyApp_MTL.o
                0x0208dec4                myTouch
 .bss.g_GPIOinit
                0x0208dec8        0x4 alt_gpio.o
 .bss.g_CfgIsInit
                0x0208decc        0x4 arm_pl330.o
 .bss.g_DMAcfg  0x0208ded0     0x46a0 arm_pl330.o
                0x0208ded0                g_DMAcfg
 .bss.g_MyMutex
                0x02092570        0x4 arm_pl330.o
                0x02092570                g_MyMutex
 .bss.g_CfgIsInit
                0x02092574        0x4 dw_i2c.o
 .bss.g_DumVal  0x02092578       0x20 dw_i2c.o
 .bss.g_Dummy   0x02092598        0x4 dw_i2c.o
 .bss.g_I2Ccfg  0x0209259c      0x100 dw_i2c.o
 .bss.g_CfgIsInit