Archive member included to satisfy reference by file (symbol)

../../mAbassi/Platform/lib\lib_mAbassi_EVAL_GCC_AR5_CY5.a(mAbassi_EVAL_A9_GCC_2_NR.o)
                              Shell.o (TSKgetID)
../../mAbassi/Platform/lib\lib_mAbassi_EVAL_GCC_AR5_CY5.a(mAbassi_EVAL_GCC_AR5_CY5_NR.o)
                              (_vector_table)
../../mAbassi/Platform/lib\lib_mAbassi_EVAL_GCC_AR5_CY5.a(ARMv7_SMP_L1_L2_GCC_AR5_CY5.o)
                              ../../mAbassi/Platform/lib\lib_mAbassi_EVAL_GCC_AR5_CY5.a(mAbassi_EVAL_GCC_AR5_CY5_NR.o) (COREcacheON)
c:/intelfpga/18.1/embedded/host_tools/mentor/gnu/arm/baremetal/bin/../lib/gcc/arm-altera-eabi/6.2.0/../../../../arm-altera-eabi/lib\libcs3.a(start_c.o)
                              (__cs3_start_c)
c:/intelfpga/18.1/embedded/host_tools/mentor/gnu/arm/baremetal/bin/../lib/gcc/arm-altera-eabi/6.2.0/../../../../arm-altera-eabi/lib\libcs3unhosted.a(unhosted-start.o)
                              ../../mAbassi/Platform/lib\lib_mAbassi_EVAL_GCC_AR5_CY5.a(mAbassi_EVAL_GCC_AR5_CY5_NR.o) (_start)
c:/intelfpga/18.1/embedded/host_tools/mentor/gnu/arm/baremetal/bin/../lib/gcc/arm-altera-eabi/6.2.0\libgcc.a(_udivsi3.o)
                              MyApp_MTL2.o (__aeabi_uidiv)
c:/intelfpga/18.1/embedded/host_tools/mentor/gnu/arm/baremetal/bin/../lib/gcc/arm-altera-eabi/6.2.0\libgcc.a(_divsi3.o)
                              arm_pl330.o (__aeabi_idiv)
c:/intelfpga/18.1/embedded/host_tools/mentor/gnu/arm/baremetal/bin/../lib/gcc/arm-altera-eabi/6.2.0\libgcc.a(_dvmd_tls.o)
                              c:/intelfpga/18.1/embedded/host_tools/mentor/gnu/arm/baremetal/bin/../lib/gcc/arm-altera-eabi/6.2.0\libgcc.a(_udivsi3.o) (__aeabi_idiv0)
c:/intelfpga/18.1/embedded/host_tools/mentor/gnu/arm/baremetal/bin/../lib/gcc/arm-altera-eabi/6.2.0\libgcc.a(_aeabi_ldivmod.o)
                              Media_FatFS.o (__aeabi_ldivmod)
c:/intelfpga/18.1/embedded/host_tools/mentor/gnu/arm/baremetal/bin/../lib/gcc/arm-altera-eabi/6.2.0\libgcc.a(_aeabi_uldivmod.o)
                              ff.o (__aeabi_uldivmod)
c:/intelfpga/18.1/embedded/host_tools/mentor/gnu/arm/baremetal/bin/../lib/gcc/arm-altera-eabi/6.2.0\libgcc.a(_udivmoddi4.o)
                              c:/intelfpga/18.1/embedded/host_tools/mentor/gnu/arm/baremetal/bin/../lib/gcc/arm-altera-eabi/6.2.0\libgcc.a(_aeabi_ldivmod.o) (__udivmoddi4)
c:/intelfpga/18.1/embedded/host_tools/mentor/gnu/arm/baremetal/bin/../lib/gcc/arm-altera-eabi/6.2.0\libgcc.a(_clzdi2.o)
                              c:/intelfpga/18.1/embedded/host_tools/mentor/gnu/arm/baremetal/bin/../lib/gcc/arm-altera-eabi/6.2.0\libgcc.a(_udivmoddi4.o) (__clzdi2)
c:/intelfpga/18.1/embedded/host_tools/mentor/gnu/arm/baremetal/bin/../lib/gcc/arm-altera-eabi/6.2.0\libgcc.a(_clzsi2.o)
                              c:/intelfpga/18.1/embedded/host_tools/mentor/gnu/arm/baremetal/bin/../lib/gcc/arm-altera-eabi/6.2.0\libgcc.a(_clzdi2.o) (__clzsi2)
c:/intelfpga/18.1/embedded/host_tools/mentor/gnu/arm/baremetal/bin/../lib/gcc/arm-altera-eabi/6.2.0/../../../../arm-altera-eabi/lib\libc.a(lib_a-calloc.o)
                              queue.o (calloc)
c:/intelfpga/18.1/embedded/host_tools/mentor/gnu/arm/baremetal/bin/../lib/gcc/arm-altera-eabi/6.2.0/../../../../arm-altera-eabi/lib\libc.a(lib_a-callocr.o)
                              c:/intelfpga/18.1/embedded/host_tools/mentor/gnu/arm/baremetal/bin/../lib/gcc/arm-altera-eabi/6.2.0/../../../../arm-altera-eabi/lib\libc.a(lib_a-calloc.o) (_calloc_r)
c:/intelfpga/18.1/embedded/host_tools/mentor/gnu/arm/baremetal/bin/../lib/gcc/arm-altera-eabi/6.2.0/../../../../arm-altera-eabi/lib\libc.a(lib_a-errno.o)
                              SysCall_CY5.o (__errno)
c:/intelfpga/18.1/embedded/host_tools/mentor/gnu/arm/baremetal/bin/../lib/gcc/arm-altera-eabi/6.2.0/../../../../arm-altera-eabi/lib\libc.a(lib_a-getreent.o)
                              Main_mAbassi.o (__getreent)
c:/intelfpga/18.1/embedded/host_tools/mentor/gnu/arm/baremetal/bin/../lib/gcc/arm-altera-eabi/6.2.0/../../../../arm-altera-eabi/lib\libc.a(lib_a-impure.o)
                              SysCall_FatFS.o (_impure_ptr)
c:/intelfpga/18.1/embedded/host_tools/mentor/gnu/arm/baremetal/bin/../lib/gcc/arm-altera-eabi/6.2.0/../../../../arm-altera-eabi/lib\libc.a(lib_a-init.o)
                              c:/intelfpga/18.1/embedded/host_tools/mentor/gnu/arm/baremetal/bin/../lib/gcc/arm-altera-eabi/6.2.0/../../../../arm-altera-eabi/lib\libcs3.a(start_c.o) (__libc_init_array)
c:/intelfpga/18.1/embedded/host_tools/mentor/gnu/arm/baremetal/bin/../lib/gcc/arm-altera-eabi/6.2.0/../../../../arm-altera-eabi/lib\libc.a(lib_a-lcltime.o)
                              MyApp_MTL2.o (localtime)
c:/intelfpga/18.1/embedded/host_tools/mentor/gnu/arm/baremetal/bin/../lib/gcc/arm-altera-eabi/6.2.0/../../../../arm-altera-eabi/lib\libc.a(lib_a-lcltime_r.o)
[...]
Memory Configuration

Name             Origin             Length             Attributes
ram              0x02000000         0x1e000000         xrw
uram             0xffff0000         0x00010000         xrw
*default*        0x00000000         0xffffffff

Linker script and memory map

LOAD c:/intelfpga/18.1/embedded/host_tools/mentor/gnu/arm/baremetal/bin/../lib/gcc/arm-altera-eabi/6.2.0/crti.o
LOAD c:/intelfpga/18.1/embedded/host_tools/mentor/gnu/arm/baremetal/bin/../lib/gcc/arm-altera-eabi/6.2.0/crtbegin.o
LOAD Main_mAbassi.o
LOAD MyApp_MTL2.o
LOAD TIMERinit.o
LOAD alt_gpio.o
LOAD arm_acp.o
LOAD arm_pl330.o
LOAD dw_i2c.o
LOAD dw_uart.o
LOAD MediaIF.o
LOAD SysCall_CY5.o
LOAD dw_sdmmc.o
LOAD ff.o
LOAD ffunicode.o
LOAD Abassi_FatFS.o
LOAD Media_FatFS.o
LOAD SysCall_FatFS.o
LOAD tahomabold_20.o
LOAD tahomabold_32.o
LOAD geometry.o
LOAD gesture.o
LOAD gui_vpg.o
LOAD gui.o
LOAD vip_fr.o
LOAD simple_graphics.o
LOAD simple_text.o
LOAD debug.o
LOAD I2C_core.o
LOAD I2C.o
LOAD multi_touch2.o
LOAD queue.o
LOAD alt_generalpurpose_io.o
LOAD alt_globaltmr.o
LOAD alt_clock_manager.o
LOAD game.o
LOAD level.o
LOAD mAbassiCfgA9.o
LOAD Shell.o
LOAD SubShell.o
LOAD ../../mAbassi/Platform/lib\lib_mAbassi_EVAL_GCC_AR5_CY5.a
LOAD c:/intelfpga/18.1/embedded/host_tools/mentor/gnu/arm/baremetal/bin/../lib/gcc/arm-altera-eabi/6.2.0/../../../../arm-altera-eabi/lib\libcs3.a
LOAD c:/intelfpga/18.1/embedded/host_tools/mentor/gnu/arm/baremetal/bin/../lib/gcc/arm-altera-eabi/6.2.0/../../../../arm-altera-eabi/lib\libcs3unhosted.a
LOAD c:/intelfpga/18.1/embedded/host_tools/mentor/gnu/arm/baremetal/bin/../lib/gcc/arm-altera-eabi/6.2.0/../../../../arm-altera-eabi/lib\libcs3arm.a
LOAD c:/intelfpga/18.1/embedded/host_tools/mentor/gnu/arm/baremetal/bin/../lib/gcc/arm-altera-eabi/6.2.0\libgcc.a
LOAD c:/intelfpga/18.1/embedded/host_tools/mentor/gnu/arm/baremetal/bin/../lib/gcc/arm-altera-eabi/6.2.0/../../../../arm-altera-eabi/lib\libc.a
LOAD c:/intelfpga/18.1/embedded/host_tools/mentor/gnu/arm/baremetal/bin/../lib/gcc/arm-altera-eabi/6.2.0/../../../../arm-altera-eabi/lib\libstdc++.a
LOAD c:/intelfpga/18.1/embedded/host_tools/mentor/gnu/arm/baremetal/bin/../lib/gcc/arm-altera-eabi/6.2.0/../../../../arm-altera-eabi/lib\libm.a
START GROUP
LOAD c:/intelfpga/18.1/embedded/host_tools/mentor/gnu/arm/baremetal/bin/../lib/gcc/arm-altera-eabi/6.2.0\libgcc.a
LOAD c:/intelfpga/18.1/embedded/host_tools/mentor/gnu/arm/baremetal/bin/../lib/gcc/arm-altera-eabi/6.2.0/../../../../arm-altera-eabi/lib\libc.a
END GROUP
LOAD c:/intelfpga/18.1/embedded/host_tools/mentor/gnu/arm/baremetal/bin/../lib/gcc/arm-altera-eabi/6.2.0/crtend.o
LOAD c:/intelfpga/18.1/embedded/host_tools/mentor/gnu/arm/baremetal/bin/../lib/gcc/arm-altera-eabi/6.2.0/crtn.o
                0x00002000                _STACK_SIZE = DEFINED (_STACK_SIZE)?_STACK_SIZE:0x2000
                0x10000000                _MDRV_SIZE = DEFINED (_MDRV_SIZE)?_MDRV_SIZE:0x10000000
                0x00000800                _SUPERVISOR_STACK_SIZE = DEFINED (_SUPERVISOR_STACK_SIZE)?_SUPERVISOR_STACK_SIZE:0x800
                0x00000800                _ABORT_STACK_SIZE = DEFINED (_ABORT_STACK_SIZE)?_ABORT_STACK_SIZE:0x800
                0x00000800                _FIQ_STACK_SIZE = DEFINED (_FIQ_STACK_SIZE)?_FIQ_STACK_SIZE:0x800
                0x00002000                _IRQ_STACK_SIZE = DEFINED (_IRQ_STACK_SIZE)?_IRQ_STACK_SIZE:0x2000
                0x00000800                _UNDEF_STACK_SIZE = DEFINED (_UNDEF_STACK_SIZE)?_UNDEF_STACK_SIZE:0x800
                0x00000001                PROVIDE (__cs3_region_num, ((__cs3_regions_end - __cs3_regions) / 0x14))
                0x02047fc4                __libc_fini = _fini

.text           0x02000000    0x3ba6c
 CREATE_OBJECT_SYMBOLS
                0x02000000                __cs3_region_start_ram = .
                0x02000000                _ftext = .
 *(.cs3.region-head.ram)
                0x00000001                ASSERT ((. == __cs3_region_start_ram), .cs3.region-head.ram not permitted)
                0x02000000                __cs3_interrupt_vector = __cs3_interrupt_vector_arm
 *(.cs3.interrupt_vector)
 .cs3.interrupt_vector
                0x02000000       0x3c ../../mAbassi/Platform/lib\lib_mAbassi_EVAL_GCC_AR5_CY5.a(mAbassi_EVAL_GCC_AR5_CY5_NR.o)
                0x02000000                Vectors
                0x02000000                __cs3_interrupt_vector_arm
                0x02000000                _vector_table
 *(.vectors)
                0x0202b6c0                PROVIDE (__cs3_reset, __cs3_reset_generic)
 *(.cs3.reset)
                [0x020000d0]                _start = DEFINED (__cs3_start_asm)?__cs3_start_asm:_start
 *(.text.cs3.init)
 .text.cs3.init
                0x0200003c       0x94 c:/intelfpga/18.1/embedded/host_tools/mentor/gnu/arm/baremetal/bin/../lib/gcc/arm-altera-eabi/6.2.0/../../../../arm-altera-eabi/lib\libcs3.a(start_c.o)
                0x0200003c                __cs3_start_c
 .text.cs3.init
                0x020000d0        0xc c:/intelfpga/18.1/embedded/host_tools/mentor/gnu/arm/baremetal/bin/../lib/gcc/arm-altera-eabi/6.2.0/../../../../arm-altera-eabi/lib\libcs3unhosted.a(unhosted-start.o)
 *(.text .text.* .gnu.linkonce.t.*)
 .text          0x020000dc      0x108 c:/intelfpga/18.1/embedded/host_tools/mentor/gnu/arm/baremetal/bin/../lib/gcc/arm-altera-eabi/6.2.0/crtbegin.o
 .text.startup.main
                0x020001e4      0x338 Main_mAbassi.o
                0x020001e4                main
 .text.TIMcallBack
                0x0200051c        0x4 Main_mAbassi.o
                0x0200051c                TIMcallBack
 .text.spi_CallbackInterrupt
                0x02000520      0x12c MyApp_MTL2.o
                0x02000520                spi_CallbackInterrupt
 .text.mtc2_CallbackInterrupt
                0x0200064c       0x3c MyApp_MTL2.o
                0x0200064c                mtc2_CallbackInterrupt
 .text.button_CallbackInterrupt
                0x02000688       0x74 MyApp_MTL2.o
                0x02000688                button_CallbackInterrupt
 .text.delay_us
                0x020006fc       0x90 MyApp_MTL2.o
                0x020006fc                delay_us
 .text.Task_DisplayFile
                0x0200078c      0x234 MyApp_MTL2.o
                0x0200078c                Task_DisplayFile
 .text.Task_FPGA_Led
                0x020009c0       0x48 MyApp_MTL2.o
                0x020009c0                Task_FPGA_Led
 .text.Task_FPGA_Button
                0x02000a08       0xb0 MyApp_MTL2.o
                0x02000a08                Task_FPGA_Button
 .text.setup_hps_gpio
                0x02000ab8       0x78 MyApp_MTL2.o
                0x02000ab8                setup_hps_gpio
 .text.Task_HPS_Led
                0x02000b30      0x170 MyApp_MTL2.o
                0x02000b30                Task_HPS_Led
 .text.cmd_ls   0x02000ca0      0x2f0 MyApp_MTL2.o
                0x02000ca0                cmd_ls
 .text.Task_MTL2
                0x02000f90      0x244 MyApp_MTL2.o
                0x02000f90                Task_MTL2
 .text.TIMERinit
                0x020011d4       0x28 TIMERinit.o
                0x020011d4                TIMERinit
 .text.gpio_init
                0x020011fc       0x54 alt_gpio.o
                0x020011fc                gpio_init
 .text.DMAasm   0x02001250      0x288 arm_pl330.o
 .text.dma_start_X.constprop.9
                0x020014d8      0x1e0 arm_pl330.o
 .text.dma_cleanup.part.0.constprop.10
                0x020016b8      0x528 arm_pl330.o
 .text.dma_kill_X
                0x02001be0      0x270 arm_pl330.o
 .text.dma_done
                0x02001e50      0x124 arm_pl330.o
                0x02001e50                dma_done
 .text.dma_kill
                0x02001f74       0x2c arm_pl330.o
                0x02001f74                dma_kill
 .text.dma_start
                0x02001fa0      0x1ac arm_pl330.o
                0x02001fa0                dma_start
 .text.dma_wait
                0x0200214c      0x45c arm_pl330.o
                0x0200214c                dma_wait
 .text.dma_xfer
                0x020025a8     0x1c64 arm_pl330.o
                0x020025a8                dma_xfer
 *fill*         0x0200420c        0x4 
 .text.dma_init
                0x02004210      0x340 arm_pl330.o
                0x02004210                dma_init
 .text.DMAintHndl_0
                0x02004550      0x140 arm_pl330.o
                0x02004550                DMAintHndl_0
 .text.DMAintHndl_1
                0x02004690      0x148 arm_pl330.o
                0x02004690                DMAintHndl_1
 .text.DMAintHndl_2
                0x020047d8      0x148 arm_pl330.o
                0x020047d8                DMAintHndl_2
 .text.DMAintHndl_3
                0x02004920      0x14c arm_pl330.o
                0x02004920                DMAintHndl_3
 .text.DMAintHndl_4
                0x02004a6c      0x148 arm_pl330.o
                0x02004a6c                DMAintHndl_4
 .text.DMAintHndl_5
                0x02004bb4      0x14c arm_pl330.o
                0x02004bb4                DMAintHndl_5
 .text.DMAintHndl_6
                0x02004d00      0x148 arm_pl330.o
                0x02004d00                DMAintHndl_6
 .text.DMAintHndl_7
                0x02004e48      0x14c arm_pl330.o
                0x02004e48                DMAintHndl_7
 .text.i2c_init
                0x02004f94      0x598 dw_i2c.o
                0x02004f94                i2c_init
 .text.i2c_send
                0x0200552c      0x7b4 dw_i2c.o
                0x0200552c                i2c_send
 .text.i2c_recv
                0x02005ce0      0xae0 dw_i2c.o
                0x02005ce0                i2c_recv
 .text.uart_send
                0x020067c0      0x8a8 dw_uart.o
                0x020067c0                uart_send
 .text.uart_recv
                0x02007068      0x794 dw_uart.o
                0x02007068                uart_recv
 .text.uart_filt
                0x020077fc       0x90 dw_uart.o
                0x020077fc                uart_filt
 .text.uart_init
                0x0200788c      0x3f4 dw_uart.o
                0x0200788c                uart_init
 .text.UARTintHndl_0
                0x02007c80      0x1a0 dw_uart.o
                0x02007c80                UARTintHndl_0
 .text.UARTintHndl_1
                0x02007e20      0x1a0 dw_uart.o
                0x02007e20                UARTintHndl_1
 .text.MEDIAstatus
                0x02007fc0       0x50 MediaIF.o
                0x02007fc0                MEDIAstatus
 .text.MEDIAinit
                0x02008010       0xe0 MediaIF.o
                0x02008010                MEDIAinit
 .text.MEDIAread
                0x020080f0      0x1b8 MediaIF.o
                0x020080f0                MEDIAread
 .text.MEDIAwrite
                0x020082a8      0x1b0 MediaIF.o
                0x020082a8                MEDIAwrite
 .text.MEDIAsize
                0x02008458       0x64 MediaIF.o
                0x02008458                MEDIAsize
 .text.MEDIAblksize
                0x020084bc       0x50 MediaIF.o
                0x020084bc                MEDIAblksize
 .text.MEDIAsectsz
                0x0200850c       0x48 MediaIF.o
                0x0200850c                MEDIAsectsz
 .text.MEDIAinfo
                0x02008554       0x2c MediaIF.o
                0x02008554                MEDIAinfo
 .text.mmc_sendcmd.constprop.5
                0x02008580      0x3f0 dw_sdmmc.o
 .text.SDprepData.isra.1.constprop.6
                0x02008970      0x16c dw_sdmmc.o
 .text.mmc_sendcmd.constprop.3
                0x02008adc      0x48c dw_sdmmc.o
 .text.mmc_sendcmd.constprop.2
                0x02008f68      0x48c dw_sdmmc.o
 .text.mmc_sendstatus
                0x020093f4      0x38c dw_sdmmc.o
                0x020093f4                mmc_sendstatus
 .text.mmc_read
                0x02009780      0x384 dw_sdmmc.o
                0x02009780                mmc_read
 .text.mmc_write
                0x02009b04      0x378 dw_sdmmc.o
                0x02009b04                mmc_write
 *fill*         0x02009e7c        0x4 
 .text.mmc_init
                0x02009e80     0x13d0 dw_sdmmc.o
                0x02009e80                mmc_init
 .text.mmc_blklen
                0x0200b250       0x10 dw_sdmmc.o
                0x0200b250                mmc_blklen
 .text.mmc_capacity
                0x0200b260       0x10 dw_sdmmc.o
                0x0200b260                mmc_capacity
 .text.MMCintHndl_0
                0x0200b270       0xa8 dw_sdmmc.o
                0x0200b270                MMCintHndl_0
 .text.init_alloc_info.isra.5
                0x0200b318       0xd0 ff.o
 .text.get_fileinfo
                0x0200b3e8      0x554 ff.o
 .text.move_window
                0x0200b93c       0xbc ff.o
 .text.get_fat  0x0200b9f8      0x274 ff.o
 .text.dir_next.constprop.16
                0x0200bc6c      0x124 ff.o
 .text.sync_fs  0x0200bd90      0x16c ff.o
 .text.dir_clear
                0x0200befc      0x1bc ff.o
 .text.check_fs
                0x0200c0b8      0x18c ff.o
 .text.find_volume
                0x0200c244      0x964 ff.o
 .text.load_xdir
                0x0200cba8      0x354 ff.o
 .text.dir_read.constprop.15
                0x0200cefc      0x72c ff.o
 .text.put_fat.part.9
                0x0200d628      0x444 ff.o
 .text.create_chain
                0x0200da6c      0x850 ff.o
 .text.remove_chain
                0x0200e2bc      0x778 ff.o
 .text.dir_sdi  0x0200ea34      0x564 ff.o
 .text.dir_alloc
                0x0200ef98      0x2fc ff.o
 .text.store_xdir
                0x0200f294      0x318 ff.o
 .text.dir_find
                0x0200f5ac      0x68c ff.o
 .text.dir_register
                0x0200fc38      0xec0 ff.o
 .text.follow_path
                0x02010af8      0x73c ff.o
 .text.f_mount  0x02011234      0x1b4 ff.o
                0x02011234                f_mount
 .text.f_open   0x020113e8      0xa94 ff.o
                0x020113e8                f_open
 .text.f_read   0x02011e7c      0x730 ff.o
                0x02011e7c                f_read
 .text.f_write  0x020125ac      0x784 ff.o
                0x020125ac                f_write
 .text.f_sync   0x02012d30      0x4a8 ff.o
                0x02012d30                f_sync
 .text.f_close  0x020131d8      0x5f4 ff.o
                0x020131d8                f_close
 .text.f_lseek  0x020137cc      0x550 ff.o
                0x020137cc                f_lseek
 .text.f_opendir
                0x02013d1c      0x454 ff.o
                0x02013d1c                f_opendir
 .text.f_closedir
                0x02014170      0x10c ff.o
                0x02014170                f_closedir
 .text.f_readdir
                0x0201427c      0x150 ff.o
                0x0201427c                f_readdir
 .text.f_stat   0x020143cc       0xe8 ff.o
                0x020143cc                f_stat
 .text.f_truncate
                0x020144b4      0x20c ff.o
                0x020144b4                f_truncate
 .text.f_chmod  0x020146c0      0x14c ff.o
                0x020146c0                f_chmod
 .text.ff_uni2oem
                0x0201480c       0x68 ffunicode.o
                0x0201480c                ff_uni2oem
 .text.ff_oem2uni
                0x02014874       0x3c ffunicode.o
                0x02014874                ff_oem2uni
 .text.ff_wtoupper
                0x020148b0      0x134 ffunicode.o
                0x020148b0                ff_wtoupper
 .text.ff_cre_syncobj
                0x020149e4       0xc0 Abassi_FatFS.o
                0x020149e4                ff_cre_syncobj
 .text.ff_del_syncobj
                0x02014aa4       0x14 Abassi_FatFS.o
                0x02014aa4                ff_del_syncobj
 .text.ff_req_grant
                0x02014ab8       0x20 Abassi_FatFS.o
                0x02014ab8                ff_req_grant
 .text.ff_rel_grant
                0x02014ad8       0x10 Abassi_FatFS.o
                0x02014ad8                ff_rel_grant
 .text.ff_memalloc
                0x02014ae8       0x50 Abassi_FatFS.o
                0x02014ae8                ff_memalloc
 .text.ff_memfree
                0x02014b38       0x4c Abassi_FatFS.o
                0x02014b38                ff_memfree
 .text.disk_status
                0x02014b84       0x24 Media_FatFS.o
                0x02014b84                disk_status
 .text.disk_initialize
                0x02014ba8       0x20 Media_FatFS.o
                0x02014ba8                disk_initialize
 .text.disk_read
                0x02014bc8       0x38 Media_FatFS.o
                0x02014bc8                disk_read
 .text.disk_write
                0x02014c00       0x38 Media_FatFS.o
                0x02014c00                disk_write
 .text.media_info_FatFS
                0x02014c38        0x4 Media_FatFS.o
                0x02014c38                media_info_FatFS
 .text.disk_ioctl
                0x02014c3c       0xbc Media_FatFS.o
                0x02014c3c                disk_ioctl
 .text.LogPath  0x02014cf8      0x2f4 SysCall_FatFS.o
 .text.RealPath
                0x02014fec      0x220 SysCall_FatFS.o
 .text.SysCallInit
                0x0201520c       0xbc SysCall_FatFS.o
                0x0201520c                SysCallInit
 .text._open_r  0x020152c8      0x57c SysCall_FatFS.o
                0x020152c8                _open_r
 .text._read_r  0x02015844      0x2d8 SysCall_FatFS.o
                0x02015844                _read_r
 .text._write_r
                0x02015b1c      0x240 SysCall_FatFS.o
                0x02015b1c                _write_r
 .text._lseek_r
                0x02015d5c      0x144 SysCall_FatFS.o
                0x02015d5c                _lseek_r
 .text.getcwd   0x02015ea0      0x230 SysCall_FatFS.o
                0x02015ea0                getcwd
 .text._stat_r  0x020160d0      0x610 SysCall_FatFS.o
                0x020160d0                _stat_r
 .text._fstat_r
                0x020166e0       0xbc SysCall_FatFS.o
                0x020166e0                _fstat_r
 .text.chmod    0x0201679c      0x278 SysCall_FatFS.o
                0x0201679c                chmod
 .text._close_r
                0x02016a14      0x144 SysCall_FatFS.o
                0x02016a14                _close_r
 .text.mount    0x02016b58      0x314 SysCall_FatFS.o
                0x02016b58                mount
 *fill*         0x02016e6c        0x4 
 .text.opendir  0x02016e70      0x44c SysCall_FatFS.o
                0x02016e70                opendir
 .text.closedir
                0x020172bc       0x78 SysCall_FatFS.o
                0x020172bc                closedir
 .text.readdir  0x02017334      0x270 SysCall_FatFS.o
                0x02017334                readdir
 .text._isatty_r
                0x020175a4       0x44 SysCall_FatFS.o
                0x020175a4                _isatty_r
 .text.GetKey   0x020175e8       0x3c SysCall_FatFS.o
                0x020175e8                GetKey
 .text.media_info
                0x02017624        0x4 SysCall_FatFS.o
                0x02017624                media_info
 .text.IsPtInRect
                0x02017628       0x48 geometry.o
                0x02017628                IsPtInRect
 .text.PtSet    0x02017670        0x8 geometry.o
                0x02017670                PtSet
 .text.RectSet  0x02017678        0xc geometry.o
                0x02017678                RectSet
 .text.RectInflate
                0x02017684       0x34 geometry.o
                0x02017684                RectInflate
 .text.RectCopy
                0x020176b8       0x28 geometry.o
                0x020176b8                RectCopy
 .text.GUI_DeskInit
                0x020176e0       0x48 gui.o
                0x020176e0                GUI_DeskInit
 .text.GUI_DeskDraw
                0x02017728      0x61c gui.o
                0x02017728                GUI_DeskDraw
 .text.GUI      0x02017d44      0x7e8 gui.o
                0x02017d44                GUI
 .text.VIPFR_Init
                0x0201852c       0x98 vip_fr.o
                0x0201852c                VIPFR_Init
 .text.VIPFR_Go
                0x020185c4        0xc vip_fr.o
                0x020185c4                VIPFR_Go
 .text.VIPFR_GetDrawFrame
                0x020185d0       0x1c vip_fr.o
                0x020185d0                VIPFR_GetDrawFrame
 .text.VIPFR_ActiveDrawFrame
                0x020185ec       0x1c vip_fr.o
                0x020185ec                VIPFR_ActiveDrawFrame
 .text.vid_set_pixel
                0x02018608       0xa8 simple_graphics.o
                0x02018608                vid_set_pixel
 .text.vid_paint_block
                0x020186b0      0x5a4 simple_graphics.o
                0x020186b0                vid_paint_block
 .text.vid_clean_screen
                0x02018c54       0x30 simple_graphics.o
                0x02018c54                vid_clean_screen
 .text.vid_draw_horiz_line
                0x02018c84      0x5d0 simple_graphics.o
                0x02018c84                vid_draw_horiz_line
 .text.vid_draw_sloped_line
                0x02019254      0x2d8 simple_graphics.o
                0x02019254                vid_draw_sloped_line
 .text.vid_draw_box
                0x0201952c      0x150 simple_graphics.o
                0x0201952c                vid_draw_box
 .text.read_from_frame
                0x0201967c      0x10c simple_text.o
                0x0201967c                read_from_frame
 .text.vid_print_char_alpha
                0x02019788      0x330 simple_text.o
                0x02019788                vid_print_char_alpha
 .text.vid_print_string_alpha
                0x02019ab8      0x118 simple_text.o
                0x02019ab8                vid_print_string_alpha
 .text.oc_i2c_init
                0x02019bd0       0x68 I2C_core.o
                0x02019bd0                oc_i2c_init
 .text.OC_I2C_Read
                0x02019c38      0x1c0 I2C_core.o
                0x02019c38                OC_I2C_Read
 .text.mtc2_QueryData
                0x02019df8       0xf4 multi_touch2.o
                0x02019df8                mtc2_QueryData
 .text.MTC2_Init
                0x02019eec       0x3c multi_touch2.o
                0x02019eec                MTC2_Init
 .text.MTC2_GetStatus
                0x02019f28       0x60 multi_touch2.o
                0x02019f28                MTC2_GetStatus
 .text.MTC2_ClearEvent
                0x02019f88        0x8 multi_touch2.o
                0x02019f88                MTC2_ClearEvent
 .text.QUEUE_New
                0x02019f90       0x20 queue.o
                0x02019f90                QUEUE_New
 .text.QUEUE_IsEmpty
                0x02019fb0       0x18 queue.o
                0x02019fb0                QUEUE_IsEmpty
 .text.QUEUE_IsFull
                0x02019fc8       0x2c queue.o
                0x02019fc8                QUEUE_IsFull
 .text.QUEUE_Push
                0x02019ff4       0x38 queue.o
                0x02019ff4                QUEUE_Push
 .text.QUEUE_Pop
                0x0201a02c       0x38 queue.o
                0x0201a02c                QUEUE_Pop
 .text.QUEUE_Empty
                0x0201a064       0x10 queue.o
                0x0201a064                QUEUE_Empty
 .text.alt_gpio_init
                0x0201a074       0x28 alt_generalpurpose_io.o
                0x0201a074                alt_gpio_init
 .text.alt_gpio_port_data_write
                0x0201a09c       0x70 alt_generalpurpose_io.o
                0x0201a09c                alt_gpio_port_data_write
 .text.alt_gpio_group_config
                0x0201a10c      0x41c alt_generalpurpose_io.o
                0x0201a10c                alt_gpio_group_config
 .text.alt_gpio_bit_to_pid
                0x0201a528       0x30 alt_generalpurpose_io.o
                0x0201a528                alt_gpio_bit_to_pid
 .text.alt_gpio_bit_to_port_pin
                0x0201a558       0x30 alt_generalpurpose_io.o
                0x0201a558                alt_gpio_bit_to_port_pin
 .text.alt_globaltmr_init
                0x0201a588       0x3c alt_globaltmr.o
                0x0201a588                alt_globaltmr_init
 .text.alt_globaltmr_start
                0x0201a5c4       0x18 alt_globaltmr.o
                0x0201a5c4                alt_globaltmr_start
 .text.alt_globaltmr_get64
                0x0201a5dc       0x6c alt_globaltmr.o
                0x0201a5dc                alt_globaltmr_get64
 .text.alt_globaltmr_prescaler_get
                0x0201a648       0x10 alt_globaltmr.o
                0x0201a648                alt_globaltmr_prescaler_get
 .text.alt_clk_pll_vco_freq_get.constprop.4
                0x0201a658       0xa8 alt_clock_manager.o
 .text.alt_clk_pll_vco_freq_get
                0x0201a700      0x2a0 alt_clock_manager.o
                0x0201a700                alt_clk_pll_vco_freq_get
 .text.alt_clk_divider_get
                0x0201a9a0      0x480 alt_clock_manager.o
                0x0201a9a0                alt_clk_divider_get
 .text.alt_clk_freq_get
                0x0201ae20     0x1e38 alt_clock_manager.o
                0x0201ae20                alt_clk_freq_get
 .text.success  0x0201cc58       0xbc game.o
                0x0201cc58                success
 .text.pos_correlator
                0x0201cd14      0x3ac game.o
                0x0201cd14                pos_correlator
 .text.reset_lvl
                0x0201d0c0       0x70 level.o
                0x0201d0c0                reset_lvl
 .text.level    0x0201d130      0x318 level.o
                0x0201d130                level
 .text.PrtResult
                0x0201d448      0x298 Shell.o
 .text.CmdLog   0x0201d6e0       0x18 Shell.o
 .text.CmdEdit  0x0201d6f8       0x88 Shell.o
 .text.CmdMblk  0x0201d780      0x160 Shell.o
 .text.CmdGrp   0x0201d8e0      0x864 Shell.o
 .text.CmdSys   0x0201e144      0x5dc Shell.o
 .text.CmdHelp  0x0201e720      0x2d0 Shell.o
 .text.CmdEvt   0x0201e9f0      0x208 Shell.o
 .text.CmdMtx   0x0201ebf8     0x1100 Shell.o
 .text.CmdSem   0x0201fcf8     0x1190 Shell.o
 .text.CmdMbx   0x02020e88     0x15d0 Shell.o
 .text.CmdTim   0x02022458     0x1d28 Shell.o
 .text.CmdTask  0x02024180     0x246c Shell.o
 .text.OSshell  0x020265ec      0xf70 Shell.o
                0x020265ec                OSshell
 .text.ShellGets
                0x0202755c      0x2a0 Shell.o
                0x0202755c                ShellGets
 .text.CmdMem   0x020277fc      0x530 Shell.o
 .text.TSKcreate.constprop.0
                0x02027d2c       0xf0 ../../mAbassi/Platform/lib\lib_mAbassi_EVAL_GCC_AR5_CY5.a(mAbassi_EVAL_A9_GCC_2_NR.o)
 .text.TSKgetID
                0x02027e1c       0x60 ../../mAbassi/Platform/lib\lib_mAbassi_EVAL_GCC_AR5_CY5.a(mAbassi_EVAL_A9_GCC_2_NR.o)
                0x02027e1c                TSKgetID
 .text.TSKstkChk
                0x02027e7c       0x60 ../../mAbassi/Platform/lib\lib_mAbassi_EVAL_GCC_AR5_CY5.a(mAbassi_EVAL_A9_GCC_2_NR.o)
                0x02027e7c                TSKstkChk
 *fill*         0x02027edc        0x4 
 .text.Abassi   0x02027ee0     0x2850 ../../mAbassi/Platform/lib\lib_mAbassi_EVAL_GCC_AR5_CY5.a(mAbassi_EVAL_A9_GCC_2_NR.o)
                0x02027ee0                Abassi
 .text.TSKcreate
                0x0202a730      0x350 ../../mAbassi/Platform/lib\lib_mAbassi_EVAL_GCC_AR5_CY5.a(mAbassi_EVAL_A9_GCC_2_NR.o)
                0x0202a730                TSKcreate
 .text.OSstart  0x0202aa80      0x17c ../../mAbassi/Platform/lib\lib_mAbassi_EVAL_GCC_AR5_CY5.a(mAbassi_EVAL_A9_GCC_2_NR.o)
                0x0202aa80                OSstart
 .text.TSKstart
                0x0202abfc       0x60 ../../mAbassi/Platform/lib\lib_mAbassi_EVAL_GCC_AR5_CY5.a(mAbassi_EVAL_A9_GCC_2_NR.o)
                0x0202abfc                TSKstart
 .text.SEM__open
                0x0202ac5c      0x144 ../../mAbassi/Platform/lib\lib_mAbassi_EVAL_GCC_AR5_CY5.a(mAbassi_EVAL_A9_GCC_2_NR.o)
                0x0202ac5c                SEM__open
 .text.MBX__open
                0x0202ada0      0x154 ../../mAbassi/Platform/lib\lib_mAbassi_EVAL_GCC_AR5_CY5.a(mAbassi_EVAL_A9_GCC_2_NR.o)
                0x0202ada0                MBX__open
 .text.MBXget   0x0202aef4      0x128 ../../mAbassi/Platform/lib\lib_mAbassi_EVAL_GCC_AR5_CY5.a(mAbassi_EVAL_A9_GCC_2_NR.o)
                0x0202aef4                MBXget
 .text.MBXput   0x0202b01c       0xd8 ../../mAbassi/Platform/lib\lib_mAbassi_EVAL_GCC_AR5_CY5.a(mAbassi_EVAL_A9_GCC_2_NR.o)
                0x0202b01c                MBXput
 .text.GroupRm  0x0202b0f4       0xb4 ../../mAbassi/Platform/lib\lib_mAbassi_EVAL_GCC_AR5_CY5.a(mAbassi_EVAL_A9_GCC_2_NR.o)
                0x0202b0f4                GroupRm
 .text.OSalloc  0x0202b1a8       0x68 ../../mAbassi/Platform/lib\lib_mAbassi_EVAL_GCC_AR5_CY5.a(mAbassi_EVAL_A9_GCC_2_NR.o)
                0x0202b1a8                OSalloc
 .text.TIMtick  0x0202b210      0x4a0 ../../mAbassi/Platform/lib\lib_mAbassi_EVAL_GCC_AR5_CY5.a(mAbassi_EVAL_A9_GCC_2_NR.o)
                0x0202b210                TIMtick
 .text          0x0202b6b0      0xb48 ../../mAbassi/Platform/lib\lib_mAbassi_EVAL_GCC_AR5_CY5.a(mAbassi_EVAL_GCC_AR5_CY5_NR.o)
                0x0202b6c0                __cs3_reset_generic
                0x0202b6c0                Reset_Handler
                0x0202b6c0                boot
                0x0202b6c0                _prestart
                0x0202ba68                _exit
                0x0202ba70                _sbrk_r
                0x0202baa8                OStrap
                0x0202bac0                __cs3_isr_swi
                0x0202bac0                mySWI
                0x0202bb08                SWI_Handler
                0x0202bb0c                OScontext
                0x0202bb2c                CoreContext
                0x0202bb40                OSstack
                0x0202bb9c                OSintCtrl
                0x0202bbbc                OSintBack
                0x0202bbcc                OSintOff
                0x0202bbd8                OSintOn
                0x0202bbe0                OSisrInfo
                0x0202bbf0                __cs3_isr_irq
                0x0202bbf0                ISRdispatch
                0x0202bd24                OSinvalidISR
                0x0202bd2c                COREgetPeriph
                0x0202bd34                COREgetID
                0x0202bd40                GICinit
                0x0202bde4                GICenable
                0x0202bf24                COREstart1
                0x0202bf30                COREstart2
                0x0202bf3c                COREstart3
                0x0202bf48                COREstart0
                0x0202bf54                CoreIdle
                0x0202bf84                COREsafeGetID
                0x0202bfa8                COREsendISR
                0x0202bfdc                COREwakeISR
                0x0202c008                COREisInISR
                0x0202c01c                COREtaskNow
                0x0202c040                COREchkRedo
                0x0202c0a0                CORElock
                0x0202c0d0                COREunlock
                0x0202c0e4                SPINlock
                0x0202c0f4                SPINtrylock
                0x0202c104                SPIN_lock
                0x0202c18c                SPINunlock
 .text          0x0202c1f8      0x798 ../../mAbassi/Platform/lib\lib_mAbassi_EVAL_GCC_AR5_CY5.a(ARMv7_SMP_L1_L2_GCC_AR5_CY5.o)
                0x0202c1f8                COREcacheON
                0x0202c684                DCacheInvalRange
                0x0202c798                DCacheFlushRange
                0x0202c8ac                MMUlog2Phy
                0x0202c90c                MMUphy2Log
 .text          0x0202c990       0x4c c:/intelfpga/18.1/embedded/host_tools/mentor/gnu/arm/baremetal/bin/../lib/gcc/arm-altera-eabi/6.2.0/../../../../arm-altera-eabi/lib\libcs3.a(start_c.o)
                0x0202c990                __cs3_premain
 .text          0x0202c9dc      0x114 c:/intelfpga/18.1/embedded/host_tools/mentor/gnu/arm/baremetal/bin/../lib/gcc/arm-altera-eabi/6.2.0\libgcc.a(_udivsi3.o)
                0x0202c9dc                __aeabi_uidiv
                0x0202c9dc                __udivsi3
                0x0202cad0                __aeabi_uidivmod
 .text          0x0202caf0      0x148 c:/intelfpga/18.1/embedded/host_tools/mentor/gnu/arm/baremetal/bin/../lib/gcc/arm-altera-eabi/6.2.0\libgcc.a(_divsi3.o)
                0x0202caf0                __divsi3
                0x0202caf0                __aeabi_idiv
                0x0202cc18                __aeabi_idivmod
 .text          0x0202cc38        0x4 c:/intelfpga/18.1/embedded/host_tools/mentor/gnu/arm/baremetal/bin/../lib/gcc/arm-altera-eabi/6.2.0\libgcc.a(_dvmd_tls.o)
                0x0202cc38                __aeabi_idiv0
                0x0202cc38                __aeabi_ldiv0
 .text          0x0202cc3c       0xd4 c:/intelfpga/18.1/embedded/host_tools/mentor/gnu/arm/baremetal/bin/../lib/gcc/arm-altera-eabi/6.2.0\libgcc.a(_aeabi_ldivmod.o)
                0x0202cc3c                __aeabi_ldivmod
 .text          0x0202cd10       0x3c c:/intelfpga/18.1/embedded/host_tools/mentor/gnu/arm/baremetal/bin/../lib/gcc/arm-altera-eabi/6.2.0\libgcc.a(_aeabi_uldivmod.o)
                0x0202cd10                __aeabi_uldivmod
 .text          0x0202cd4c      0x12c c:/intelfpga/18.1/embedded/host_tools/mentor/gnu/arm/baremetal/bin/../lib/gcc/arm-altera-eabi/6.2.0\libgcc.a(_udivmoddi4.o)
                0x0202cd4c                __udivmoddi4
 .text          0x0202ce78       0x28 c:/intelfpga/18.1/embedded/host_tools/mentor/gnu/arm/baremetal/bin/../lib/gcc/arm-altera-eabi/6.2.0\libgcc.a(_clzdi2.o)
                0x0202ce78                __clzdi2
 .text          0x0202cea0       0x48 c:/intelfpga/18.1/embedded/host_tools/mentor/gnu/arm/baremetal/bin/../lib/gcc/arm-altera-eabi/6.2.0\libgcc.a(_clzsi2.o)
                0x0202cea0                __clzsi2
 .text          0x0202cee8       0x24 c:/intelfpga/18.1/embedded/host_tools/mentor/gnu/arm/baremetal/bin/../lib/gcc/arm-altera-eabi/6.2.0/../../../../arm-altera-eabi/lib\libc.a(lib_a-calloc.o)
                0x0202cee8                calloc
 .text          0x0202cf0c       0x98 c:/intelfpga/18.1/embedded/host_tools/mentor/gnu/arm/baremetal/bin/../lib/gcc/arm-altera-eabi/6.2.0/../../../../arm-altera-eabi/lib\libc.a(lib_a-callocr.o)
                0x0202cf0c                _calloc_r
 .text          0x0202cfa4       0x10 c:/intelfpga/18.1/embedded/host_tools/mentor/gnu/arm/baremetal/bin/../lib/gcc/arm-altera-eabi/6.2.0/../../../../arm-altera-eabi/lib\libc.a(lib_a-getreent.o)
                0x0202cfa4                __getreent
 .text          0x0202cfb4       0x80 c:/intelfpga/18.1/embedded/host_tools/mentor/gnu/arm/baremetal/bin/../lib/gcc/arm-altera-eabi/6.2.0/../../../../arm-altera-eabi/lib\libc.a(lib_a-init.o)
                0x0202cfb4                __libc_init_array
 .text          0x0202d034       0x20 c:/intelfpga/18.1/embedded/host_tools/mentor/gnu/arm/baremetal/bin/../lib/gcc/arm-altera-eabi/6.2.0/../../../../arm-altera-eabi/lib\libc.a(lib_a-lcltime.o)
                0x0202d034                localtime
 .text          0x0202d054      0x384 c:/intelfpga/18.1/embedded/host_tools/mentor/gnu/arm/baremetal/bin/../lib/gcc/arm-altera-eabi/6.2.0/../../../../arm-altera-eabi/lib\libc.a(lib_a-lcltime_r.o)
                0x0202d054                localtime_r
 .text          0x0202d3d8       0xf4 c:/intelfpga/18.1/embedded/host_tools/mentor/gnu/arm/baremetal/bin/../lib/gcc/arm-altera-eabi/6.2.0/../../../../arm-altera-eabi/lib\libc.a(lib_a-locale.o)
                0x0202d3fc                _setlocale_r
                0x0202d464                __locale_mb_cur_max
                0x0202d48c                __locale_ctype_ptr_l
                0x0202d494                __locale_ctype_ptr
                0x0202d4ac                setlocale
 .text          0x0202d4cc       0x38 c:/intelfpga/18.1/embedded/host_tools/mentor/gnu/arm/baremetal/bin/../lib/gcc/arm-altera-eabi/6.2.0/../../../../arm-altera-eabi/lib\libc.a(lib_a-malloc.o)
                0x0202d4cc                malloc
                0x0202d4e8                free
 .text          0x0202d504      0x750 c:/intelfpga/18.1/embedded/host_tools/mentor/gnu/arm/baremetal/bin/../lib/gcc/arm-altera-eabi/6.2.0/../../../../arm-altera-eabi/lib\libc.a(lib_a-mallocr.o)
                0x0202d504                _malloc_r
 .text          0x0202dc54       0xa0 c:/intelfpga/18.1/embedded/host_tools/mentor/gnu/arm/baremetal/bin/../lib/gcc/arm-altera-eabi/6.2.0/../../../../arm-altera-eabi/lib\libc.a(lib_a-mbtowc_r.o)
                0x0202dc54                _mbtowc_r
                0x0202dca8                __ascii_mbtowc
 .text          0x0202dcf4      0x114 c:/intelfpga/18.1/embedded/host_tools/mentor/gnu/arm/baremetal/bin/../lib/gcc/arm-altera-eabi/6.2.0/../../../../arm-altera-eabi/lib\libc.a(lib_a-memcpy-stub.o)
                0x0202dcf4                memcpy
 .text          0x0202de08      0x148 c:/intelfpga/18.1/embedded/host_tools/mentor/gnu/arm/baremetal/bin/../lib/gcc/arm-altera-eabi/6.2.0/../../../../arm-altera-eabi/lib\libc.a(lib_a-memmove.o)
                0x0202de08                memmove
 .text          0x0202df50      0x114 c:/intelfpga/18.1/embedded/host_tools/mentor/gnu/arm/baremetal/bin/../lib/gcc/arm-altera-eabi/6.2.0/../../../../arm-altera-eabi/lib\libc.a(lib_a-memset.o)
                0x0202df50                memset
 .text          0x0202e064      0x848 c:/intelfpga/18.1/embedded/host_tools/mentor/gnu/arm/baremetal/bin/../lib/gcc/arm-altera-eabi/6.2.0/../../../../arm-altera-eabi/lib\libc.a(lib_a-mktime.o)
                0x0202e3a0                mktime
 .text          0x0202e8ac       0x30 c:/intelfpga/18.1/embedded/host_tools/mentor/gnu/arm/baremetal/bin/../lib/gcc/arm-altera-eabi/6.2.0/../../../../arm-altera-eabi/lib\libc.a(lib_a-mlock.o)
                0x0202e8ac                __malloc_lock
                0x0202e8c4                __malloc_unlock
 .text.startup  0x0202e8dc       0x18 c:/intelfpga/18.1/embedded/host_tools/mentor/gnu/arm/baremetal/bin/../lib/gcc/arm-altera-eabi/6.2.0/../../../../arm-altera-eabi/lib\libc.a(lib_a-mlock.o)
 .text          0x0202e8f4       0x6c c:/intelfpga/18.1/embedded/host_tools/mentor/gnu/arm/baremetal/bin/../lib/gcc/arm-altera-eabi/6.2.0/../../../../arm-altera-eabi/lib\libc.a(lib_a-printf.o)
                0x0202e8f4                _printf_r
                0x0202e928                printf
 .text          0x0202e960      0x12c c:/intelfpga/18.1/embedded/host_tools/mentor/gnu/arm/baremetal/bin/../lib/gcc/arm-altera-eabi/6.2.0/../../../../arm-altera-eabi/lib\libc.a(lib_a-puts.o)
                0x0202e960                _puts_r
                0x0202ea74                puts
 .text          0x0202ea8c      0x258 c:/intelfpga/18.1/embedded/host_tools/mentor/gnu/arm/baremetal/bin/../lib/gcc/arm-altera-eabi/6.2.0/../../../../arm-altera-eabi/lib\libc.a(lib_a-setvbuf.o)
                0x0202ea8c                setvbuf
 .text          0x0202ece4       0x74 c:/intelfpga/18.1/embedded/host_tools/mentor/gnu/arm/baremetal/bin/../lib/gcc/arm-altera-eabi/6.2.0/../../../../arm-altera-eabi/lib\libc.a(lib_a-stpcpy.o)
                0x0202ece4                stpcpy
 .text          0x0202ed58       0x70 c:/intelfpga/18.1/embedded/host_tools/mentor/gnu/arm/baremetal/bin/../lib/gcc/arm-altera-eabi/6.2.0/../../../../arm-altera-eabi/lib\libc.a(lib_a-strcasecmp.o)
                0x0202ed58                strcasecmp
 .text          0x0202edc8      0x224 c:/intelfpga/18.1/embedded/host_tools/mentor/gnu/arm/baremetal/bin/../lib/gcc/arm-altera-eabi/6.2.0/../../../../arm-altera-eabi/lib\libc.a(lib_a-strcmp.o)
                0x0202edc8                strcmp
 .text          0x0202efec       0xf0 c:/intelfpga/18.1/embedded/host_tools/mentor/gnu/arm/baremetal/bin/../lib/gcc/arm-altera-eabi/6.2.0/../../../../arm-altera-eabi/lib\libc.a(lib_a-strcpy.o)
                0x0202efec                strcpy
 .text          0x0202f0dc       0x60 c:/intelfpga/18.1/embedded/host_tools/mentor/gnu/arm/baremetal/bin/../lib/gcc/arm-altera-eabi/6.2.0/../../../../arm-altera-eabi/lib\libc.a(lib_a-strlen-stub.o)
                0x0202f0dc                strlen
 .text          0x0202f13c       0x94 c:/intelfpga/18.1/embedded/host_tools/mentor/gnu/arm/baremetal/bin/../lib/gcc/arm-altera-eabi/6.2.0/../../../../arm-altera-eabi/lib\libc.a(lib_a-strncasecmp.o)
                0x0202f13c                strncasecmp
 .text          0x0202f1d0       0xa0 c:/intelfpga/18.1/embedded/host_tools/mentor/gnu/arm/baremetal/bin/../lib/gcc/arm-altera-eabi/6.2.0/../../../../arm-altera-eabi/lib\libc.a(lib_a-strncat.o)
                0x0202f1d0                strncat
 .text          0x0202f270      0x110 c:/intelfpga/18.1/embedded/host_tools/mentor/gnu/arm/baremetal/bin/../lib/gcc/arm-altera-eabi/6.2.0/../../../../arm-altera-eabi/lib\libc.a(lib_a-strncmp.o)
                0x0202f270                strncmp
 .text          0x0202f380       0xdc c:/intelfpga/18.1/embedded/host_tools/mentor/gnu/arm/baremetal/bin/../lib/gcc/arm-altera-eabi/6.2.0/../../../../arm-altera-eabi/lib\libc.a(lib_a-strncpy.o)
                0x0202f380                strncpy
 .text          0x0202f45c       0x54 c:/intelfpga/18.1/embedded/host_tools/mentor/gnu/arm/baremetal/bin/../lib/gcc/arm-altera-eabi/6.2.0/../../../../arm-altera-eabi/lib\libc.a(lib_a-strrchr.o)
                0x0202f45c                strrchr
 .text          0x0202f4b0      0x834 c:/intelfpga/18.1/embedded/host_tools/mentor/gnu/arm/baremetal/bin/../lib/gcc/arm-altera-eabi/6.2.0/../../../../arm-altera-eabi/lib\libc.a(lib_a-strstr.o)
                0x0202f96c                strstr
 .text          0x0202fce4      0x308 c:/intelfpga/18.1/embedded/host_tools/mentor/gnu/arm/baremetal/bin/../lib/gcc/arm-altera-eabi/6.2.0/../../../../arm-altera-eabi/lib\libc.a(lib_a-strtol.o)
                0x0202ff04                _strtol_r
                0x0202ff58                strtol_l
                0x0202ff94                strtol
 .text          0x0202ffec      0x3c8 c:/intelfpga/18.1/embedded/host_tools/mentor/gnu/arm/baremetal/bin/../lib/gcc/arm-altera-eabi/6.2.0/../../../../arm-altera-eabi/lib\libc.a(lib_a-strtoll.o)
                0x020302cc                _strtoll_r
                0x02030320                strtoll_l
                0x0203035c                strtoll
 .text          0x020303b4      0x2d0 c:/intelfpga/18.1/embedded/host_tools/mentor/gnu/arm/baremetal/bin/../lib/gcc/arm-altera-eabi/6.2.0/../../../../arm-altera-eabi/lib\libc.a(lib_a-strtoul.o)
                0x0203059c                _strtoul_r
                0x020305f0                strtoul_l
                0x0203062c                strtoul
 *fill*         0x02030684        0x4 
 .text          0x02030688      0x360 c:/intelfpga/18.1/embedded/host_tools/mentor/gnu/arm/baremetal/bin/../lib/gcc/arm-altera-eabi/6.2.0/../../../../arm-altera-eabi/lib\libc.a(lib_a-strtoull.o)
                0x02030900                _strtoull_r
                0x02030954                strtoull_l
                0x02030990                strtoull
 .text          0x020309e8       0x1c c:/intelfpga/18.1/embedded/host_tools/mentor/gnu/arm/baremetal/bin/../lib/gcc/arm-altera-eabi/6.2.0/../../../../arm-altera-eabi/lib\libc.a(lib_a-sysclose.o)
                0x020309e8                close
 .text          0x02030a04       0x40 c:/intelfpga/18.1/embedded/host_tools/mentor/gnu/arm/baremetal/bin/../lib/gcc/arm-altera-eabi/6.2.0/../../../../arm-altera-eabi/lib\libc.a(lib_a-sysopen.o)
                0x02030a04                open
 .text          0x02030a44       0x2c c:/intelfpga/18.1/embedded/host_tools/mentor/gnu/arm/baremetal/bin/../lib/gcc/arm-altera-eabi/6.2.0/../../../../arm-altera-eabi/lib\libc.a(lib_a-sysread.o)
                0x02030a44                read
 .text          0x02030a70       0x24 c:/intelfpga/18.1/embedded/host_tools/mentor/gnu/arm/baremetal/bin/../lib/gcc/arm-altera-eabi/6.2.0/../../../../arm-altera-eabi/lib\libc.a(lib_a-sysstat.o)
                0x02030a70                stat
 .text          0x02030a94      0x238 c:/intelfpga/18.1/embedded/host_tools/mentor/gnu/arm/baremetal/bin/../lib/gcc/arm-altera-eabi/6.2.0/../../../../arm-altera-eabi/lib\libc.a(lib_a-tzcalc_limits.o)
                0x02030a94                __tzcalc_limits
 .text          0x02030ccc       0x30 c:/intelfpga/18.1/embedded/host_tools/mentor/gnu/arm/baremetal/bin/../lib/gcc/arm-altera-eabi/6.2.0/../../../../arm-altera-eabi/lib\libc.a(lib_a-tzlock.o)
                0x02030ccc                __tz_lock
                0x02030ce4                __tz_unlock
 .text.startup  0x02030cfc       0x18 c:/intelfpga/18.1/embedded/host_tools/mentor/gnu/arm/baremetal/bin/../lib/gcc/arm-altera-eabi/6.2.0/../../../../arm-altera-eabi/lib\libc.a(lib_a-tzlock.o)
 .text          0x02030d14       0x30 c:/intelfpga/18.1/embedded/host_tools/mentor/gnu/arm/baremetal/bin/../lib/gcc/arm-altera-eabi/6.2.0/../../../../arm-altera-eabi/lib\libc.a(lib_a-tzset.o)
                0x02030d14                _tzset_unlocked
                0x02030d28                tzset
 .text          0x02030d44      0x4b4 c:/intelfpga/18.1/embedded/host_tools/mentor/gnu/arm/baremetal/bin/../lib/gcc/arm-altera-eabi/6.2.0/../../../../arm-altera-eabi/lib\libc.a(lib_a-tzset_r.o)
                0x02030d44                _tzset_unlocked_r
                0x020311d8                _tzset_r
 .text          0x020311f8     0x22ec c:/intelfpga/18.1/embedded/host_tools/mentor/gnu/arm/baremetal/bin/../lib/gcc/arm-altera-eabi/6.2.0/../../../../arm-altera-eabi/lib\libc.a(lib_a-vfprintf.o)
                0x020311f8                _vfprintf_r
                0x020333ec                vfprintf
 .text          0x020334e4      0x154 c:/intelfpga/18.1/embedded/host_tools/mentor/gnu/arm/baremetal/bin/../lib/gcc/arm-altera-eabi/6.2.0/../../../../arm-altera-eabi/lib\libc.a(lib_a-wbuf.o)
                0x020334e4                __swbuf_r
                0x02033618                __swbuf
 .text          0x02033638       0x74 c:/intelfpga/18.1/embedded/host_tools/mentor/gnu/arm/baremetal/bin/../lib/gcc/arm-altera-eabi/6.2.0/../../../../arm-altera-eabi/lib\libc.a(lib_a-wctomb_r.o)
                0x02033638                _wctomb_r
                0x02033684                __ascii_wctomb
 .text          0x020336ac      0x158 c:/intelfpga/18.1/embedded/host_tools/mentor/gnu/arm/baremetal/bin/../lib/gcc/arm-altera-eabi/6.2.0/../../../../arm-altera-eabi/lib\libc.a(lib_a-wsetup.o)
                0x020336ac                __swsetup_r
 .text          0x02033804       0x64 c:/intelfpga/18.1/embedded/host_tools/mentor/gnu/arm/baremetal/bin/../lib/gcc/arm-altera-eabi/6.2.0/../../../../arm-altera-eabi/lib\libc.a(lib_a-div.o)
                0x02033804                div
 .text          0x02033868     0x181c c:/intelfpga/18.1/embedded/host_tools/mentor/gnu/arm/baremetal/bin/../lib/gcc/arm-altera-eabi/6.2.0/../../../../arm-altera-eabi/lib\libc.a(lib_a-dtoa.o)
                0x02033a48                _dtoa_r
 .text          0x02035084      0x314 c:/intelfpga/18.1/embedded/host_tools/mentor/gnu/arm/baremetal/bin/../lib/gcc/arm-altera-eabi/6.2.0/../../../../arm-altera-eabi/lib\libc.a(lib_a-fflush.o)
                0x02035084                __sflush_r
                0x020352c0                _fflush_r
                0x0203535c                fflush
 .text          0x02035398      0x3e4 c:/intelfpga/18.1/embedded/host_tools/mentor/gnu/arm/baremetal/bin/../lib/gcc/arm-altera-eabi/6.2.0/../../../../arm-altera-eabi/lib\libc.a(lib_a-findfp.o)
                0x02035398                _cleanup_r
                0x020354a4                __sfmoreglue
                0x020354f4                _cleanup
                0x02035518                __sinit
                0x020355ac                __sfp
                0x020356cc                __sfp_lock_acquire
                0x020356e4                __sfp_lock_release
                0x020356fc                __sinit_lock_acquire
                0x02035714                __sinit_lock_release
                0x0203572c                __fp_lock_all
                0x02035754                __fp_unlock_all
 .text.startup  0x0203577c       0x30 c:/intelfpga/18.1/embedded/host_tools/mentor/gnu/arm/baremetal/bin/../lib/gcc/arm-altera-eabi/6.2.0/../../../../arm-altera-eabi/lib\libc.a(lib_a-findfp.o)
 .text          0x020357ac      0x3e0 c:/intelfpga/18.1/embedded/host_tools/mentor/gnu/arm/baremetal/bin/../lib/gcc/arm-altera-eabi/6.2.0/../../../../arm-altera-eabi/lib\libc.a(lib_a-freer.o)
                0x020357ac                _malloc_trim_r
                0x020358ac                _free_r
 .text          0x02035b8c      0x4dc c:/intelfpga/18.1/embedded/host_tools/mentor/gnu/arm/baremetal/bin/../lib/gcc/arm-altera-eabi/6.2.0/../../../../arm-altera-eabi/lib\libc.a(lib_a-fvwrite.o)
                0x02035b8c                __sfvwrite_r
 .text          0x02036068      0x110 c:/intelfpga/18.1/embedded/host_tools/mentor/gnu/arm/baremetal/bin/../lib/gcc/arm-altera-eabi/6.2.0/../../../../arm-altera-eabi/lib\libc.a(lib_a-fwalk.o)
                0x02036068                _fwalk
                0x020360ec                _fwalk_reent
 .text          0x02036178       0xec c:/intelfpga/18.1/embedded/host_tools/mentor/gnu/arm/baremetal/bin/../lib/gcc/arm-altera-eabi/6.2.0/../../../../arm-altera-eabi/lib\libc.a(lib_a-getenv_r.o)
                0x02036178                _findenv_r
                0x02036248                _getenv_r
 .text          0x02036264        0xc c:/intelfpga/18.1/embedded/host_tools/mentor/gnu/arm/baremetal/bin/../lib/gcc/arm-altera-eabi/6.2.0/../../../../arm-altera-eabi/lib\libc.a(lib_a-gettzinfo.o)
                0x02036264                __gettzinfo
 .text          0x02036270      0x260 c:/intelfpga/18.1/embedded/host_tools/mentor/gnu/arm/baremetal/bin/../lib/gcc/arm-altera-eabi/6.2.0/../../../../arm-altera-eabi/lib\libc.a(lib_a-gmtime_r.o)
                0x02036270                gmtime_r
 .text          0x020364d0       0x58 c:/intelfpga/18.1/embedded/host_tools/mentor/gnu/arm/baremetal/bin/../lib/gcc/arm-altera-eabi/6.2.0/../../../../arm-altera-eabi/lib\libc.a(lib_a-localeconv.o)
                0x020364d0                __localeconv_l
                0x020364d8                _localeconv_r
                0x02036500                localeconv
 .text          0x02036528      0x18c c:/intelfpga/18.1/embedded/host_tools/mentor/gnu/arm/baremetal/bin/../lib/gcc/arm-altera-eabi/6.2.0/../../../../arm-altera-eabi/lib\libc.a(lib_a-makebuf.o)
                0x02036528                __swhatbuf_r
                0x020365c8                __smakebuf_r
 .text          0x020366b4      0x110 c:/intelfpga/18.1/embedded/host_tools/mentor/gnu/arm/baremetal/bin/../lib/gcc/arm-altera-eabi/6.2.0/../../../../arm-altera-eabi/lib\libc.a(lib_a-memchr-stub.o)
                0x020366b4                memchr
 .text          0x020367c4       0xf0 c:/intelfpga/18.1/embedded/host_tools/mentor/gnu/arm/baremetal/bin/../lib/gcc/arm-altera-eabi/6.2.0/../../../../arm-altera-eabi/lib\libc.a(lib_a-memcmp.o)
                0x020367c4                memcmp
 .text          0x020368b4      0xd98 c:/intelfpga/18.1/embedded/host_tools/mentor/gnu/arm/baremetal/bin/../lib/gcc/arm-altera-eabi/6.2.0/../../../../arm-altera-eabi/lib\libc.a(lib_a-mprec.o)
                0x020368b4                _Balloc
                0x02036940                _Bfree
                0x0203695c                __multadd
                0x02036a38                __s2b
                0x02036b28                __hi0bits
                0x02036b80                __lo0bits
                0x02036c20                __i2b
                0x02036c44                __multiply
                0x02036e14                __pow5mult
                0x02036f18                __lshift
                0x02037000                __mcmp
                0x02037060                __mdiff
                0x02037208                __ulp
                0x02037270                __b2d
                0x0203735c                __d2b
                0x0203746c                __ratio
                0x020374fc                _mprec_log10
                0x0203755c                __copybits
                0x020375cc                __any_on
 .text          0x0203764c      0x4d4 c:/intelfpga/18.1/embedded/host_tools/mentor/gnu/arm/baremetal/bin/../lib/gcc/arm-altera-eabi/6.2.0/../../../../arm-altera-eabi/lib\libc.a(lib_a-reallocr.o)
                0x0203764c                _realloc_r
 .text          0x02037b20       0xf4 c:/intelfpga/18.1/embedded/host_tools/mentor/gnu/arm/baremetal/bin/../lib/gcc/arm-altera-eabi/6.2.0/../../../../arm-altera-eabi/lib\libc.a(lib_a-siscanf.o)
                0x02037b20                siscanf
                0x02037b94                _siscanf_r
 .text          0x02037c14       0xd8 c:/intelfpga/18.1/embedded/host_tools/mentor/gnu/arm/baremetal/bin/../lib/gcc/arm-altera-eabi/6.2.0/../../../../arm-altera-eabi/lib\libc.a(lib_a-stdio.o)
                0x02037c14                __sread
                0x02037c48                __seofread
                0x02037c50                __swrite
                0x02037ca8                __sseek
                0x02037cd8                __sclose
 .text          0x02037cec      0x1ac c:/intelfpga/18.1/embedded/host_tools/mentor/gnu/arm/baremetal/bin/../lib/gcc/arm-altera-eabi/6.2.0/../../../../arm-altera-eabi/lib\libc.a(lib_a-strchr.o)
                0x02037cec                strchr
 .text          0x02037e98     0x11ac c:/intelfpga/18.1/embedded/host_tools/mentor/gnu/arm/baremetal/bin/../lib/gcc/arm-altera-eabi/6.2.0/../../../../arm-altera-eabi/lib\libc.a(lib_a-svfiscanf.o)
                0x02037e98                _sungetc_r
                0x02037f88                __ssrefill_r
                0x02037ff4                _sfread_r
                0x020380c4                __ssvfiscanf_r
 .text          0x02039044      0x2f0 c:/intelfpga/18.1/embedded/host_tools/mentor/gnu/arm/baremetal/bin/../lib/gcc/arm-altera-eabi/6.2.0/../../../../arm-altera-eabi/lib\libc.a(lib_a-ungetc.o)
                0x02039044                __submore
                0x020390f4                _ungetc_r
                0x02039314                ungetc
 .text          0x02039334     0x14c4 c:/intelfpga/18.1/embedded/host_tools/mentor/gnu/arm/baremetal/bin/../lib/gcc/arm-altera-eabi/6.2.0/../../../../arm-altera-eabi/lib\libc.a(lib_a-vfiprintf.o)
                0x020393e4                __sprint_r
                0x020393fc                _vfiprintf_r
                0x0203a700                vfiprintf
 .text          0x0203a7f8       0x30 c:/intelfpga/18.1/embedded/host_tools/mentor/gnu/arm/baremetal/bin/../lib/gcc/arm-altera-eabi/6.2.0/../../../../arm-altera-eabi/lib\libc.a(lib_a-envlock.o)
                0x0203a7f8                __env_lock
                0x0203a810                __env_unlock
 .text.startup  0x0203a828       0x18 c:/intelfpga/18.1/embedded/host_tools/mentor/gnu/arm/baremetal/bin/../lib/gcc/arm-altera-eabi/6.2.0/../../../../arm-altera-eabi/lib\libc.a(lib_a-envlock.o)
 .text          0x0203a840      0x180 c:/intelfpga/18.1/embedded/host_tools/mentor/gnu/arm/baremetal/bin/../lib/gcc/arm-altera-eabi/6.2.0/../../../../arm-altera-eabi/lib\libc.a(lib_a-fclose.o)
                0x0203a840                _fclose_r
                0x0203a9a8                fclose
 .text          0x0203a9c0      0x204 c:/intelfpga/18.1/embedded/host_tools/mentor/gnu/arm/baremetal/bin/../lib/gcc/arm-altera-eabi/6.2.0/../../../../arm-altera-eabi/lib\libc.a(lib_a-fputwc.o)
                0x0203a9c0                __fputwc
                0x0203aad0                _fputwc_r
                0x0203ab8c                fputwc
 .text          0x0203abc4       0x30 c:/intelfpga/18.1/embedded/host_tools/mentor/gnu/arm/baremetal/bin/../lib/gcc/arm-altera-eabi/6.2.0/../../../../arm-altera-eabi/lib\libc.a(lib_a-iswspace.o)
                0x0203abc4                iswspace
 .text          0x0203abf4      0x170 c:/intelfpga/18.1/embedded/host_tools/mentor/gnu/arm/baremetal/bin/../lib/gcc/arm-altera-eabi/6.2.0/../../../../arm-altera-eabi/lib\libc.a(lib_a-mbrtowc.o)
                0x0203abf4                _mbrtowc_r
                0x0203aca8                mbrtowc
 .text          0x0203ad64       0xd0 c:/intelfpga/18.1/embedded/host_tools/mentor/gnu/arm/baremetal/bin/../lib/gcc/arm-altera-eabi/6.2.0/../../../../arm-altera-eabi/lib\libc.a(lib_a-sccl.o)
                0x0203ad64                __sccl
 .text          0x0203ae34      0x150 c:/intelfpga/18.1/embedded/host_tools/mentor/gnu/arm/baremetal/bin/../lib/gcc/arm-altera-eabi/6.2.0/../../../../arm-altera-eabi/lib\libc.a(lib_a-wcrtomb.o)
                0x0203ae34                _wcrtomb_r
                0x0203aed8                wcrtomb
 .text          0x0203af84      0x41c c:/intelfpga/18.1/embedded/host_tools/mentor/gnu/arm/baremetal/bin/../lib/gcc/arm-altera-eabi/6.2.0\libgcc.a(_arm_addsubdf3.o)
                0x0203af84                __aeabi_drsub
                0x0203af8c                __aeabi_dsub
                0x0203af8c                __subdf3
                0x0203af90                __aeabi_dadd
                0x0203af90                __adddf3
                0x0203b2a0                __floatunsidf
                0x0203b2a0                __aeabi_ui2d
                0x0203b2c4                __floatsidf
                0x0203b2c4                __aeabi_i2d
                0x0203b2ec                __aeabi_f2d
                0x0203b2ec                __extendsfdf2
                0x0203b32c                __floatundidf
                0x0203b32c                __aeabi_ul2d
                0x0203b340                __floatdidf
                0x0203b340                __aeabi_l2d
 .text          0x0203b3a0      0x49c c:/intelfpga/18.1/embedded/host_tools/mentor/gnu/arm/baremetal/bin/../lib/gcc/arm-altera-eabi/6.2.0\libgcc.a(_arm_muldivdf3.o)
                0x0203b3a0                __aeabi_dmul
                0x0203b3a0                __muldf3
                0x0203b630                __divdf3
                0x0203b630                __aeabi_ddiv
 .text          0x0203b83c      0x144 c:/intelfpga/18.1/embedded/host_tools/mentor/gnu/arm/baremetal/bin/../lib/gcc/arm-altera-eabi/6.2.0\libgcc.a(_arm_cmpdf2.o)
                0x0203b83c                __gtdf2
                0x0203b83c                __gedf2
                0x0203b844                __ltdf2
                0x0203b844                __ledf2
                0x0203b84c                __nedf2
                0x0203b84c                __eqdf2
                0x0203b84c                __cmpdf2
                0x0203b8d4                __aeabi_cdrcmple
                0x0203b8f0                __aeabi_cdcmpeq
                0x0203b8f0                __aeabi_cdcmple
                0x0203b908                __aeabi_dcmpeq
                0x0203b920                __aeabi_dcmplt
                0x0203b938                __aeabi_dcmple
                0x0203b950                __aeabi_dcmpge
                0x0203b968                __aeabi_dcmpgt
 .text          0x0203b980       0x38 c:/intelfpga/18.1/embedded/host_tools/mentor/gnu/arm/baremetal/bin/../lib/gcc/arm-altera-eabi/6.2.0\libgcc.a(_arm_unorddf2.o)
                0x0203b980                __unorddf2
                0x0203b980                __aeabi_dcmpun
 .text          0x0203b9b8       0x5c c:/intelfpga/18.1/embedded/host_tools/mentor/gnu/arm/baremetal/bin/../lib/gcc/arm-altera-eabi/6.2.0\libgcc.a(_arm_fixdfsi.o)
                0x0203b9b8                __aeabi_d2iz
                0x0203b9b8                __fixdfsi
 .text          0x0203ba14       0x58 c:/intelfpga/18.1/embedded/host_tools/mentor/gnu/arm/baremetal/bin/../lib/gcc/arm-altera-eabi/6.2.0\libgcc.a(gthr-generic.o)
                0x0203ba14                __generic_gxx_active_p
                0x0203ba1c                __generic_gxx_key_create
                0x0203ba24                __generic_gxx_once
                0x0203ba28                __generic_gxx_key_delete
                0x0203ba30                __generic_gxx_getspecific
                0x0203ba38                __generic_gxx_setspecific
                0x0203ba40                __generic_gxx_recursive_mutex_init_function
                0x0203ba44                __generic_gxx_mutex_init_function
                0x0203ba48                __generic_gxx_recursive_mutex_destroy
                0x0203ba50                __generic_gxx_recursive_mutex_unlock
                0x0203ba54                __generic_gxx_recursive_mutex_trylock
                0x0203ba58                __generic_gxx_recursive_mutex_lock
                0x0203ba5c                __generic_gxx_mutex_unlock
                0x0203ba60                __generic_gxx_mutex_trylock
                0x0203ba64                __generic_gxx_mutex_lock
                0x0203ba68                __generic_gxx_mutex_destroy
 *(.plt)
 *(.gnu.warning)
 *(.glue_7t)
 .glue_7t       0x0203ba6c        0x0 linker stubs
 *(.glue_7)
 .glue_7        0x0203ba6c        0x0 linker stubs
 *(.vfp11_veneer)
 .vfp11_veneer  0x0203ba6c        0x0 linker stubs
 *(.ARM.extab* .gnu.linkonce.armextab.*)
 *(.gcc_except_table)

.v4_bx          0x0203ba6c        0x0
 .v4_bx         0x0203ba6c        0x0 linker stubs

.iplt           0x0203ba6c        0x0
 .iplt          0x0203ba6c        0x0 c:/intelfpga/18.1/embedded/host_tools/mentor/gnu/arm/baremetal/bin/../lib/gcc/arm-altera-eabi/6.2.0/crtbegin.o

.eh_frame_hdr
 *(.eh_frame_hdr)
 *(.eh_frame_entry .eh_frame_entry.*)

.eh_frame       0x0203ba6c        0x4
 *(.eh_frame)
 .eh_frame      0x0203ba6c        0x0 c:/intelfpga/18.1/embedded/host_tools/mentor/gnu/arm/baremetal/bin/../lib/gcc/arm-altera-eabi/6.2.0/crtbegin.o
 .eh_frame      0x0203ba6c        0x4 c:/intelfpga/18.1/embedded/host_tools/mentor/gnu/arm/baremetal/bin/../lib/gcc/arm-altera-eabi/6.2.0/crtend.o
 *(.eh_frame.*)
                [!provide]                PROVIDE (__exidx_start, .)

.ARM.exidx      0x0203ba70        0x8
 *(.ARM.exidx* .gnu.linkonce.armexidx.*)
 .ARM.exidx     0x0203ba70        0x8 c:/intelfpga/18.1/embedded/host_tools/mentor/gnu/arm/baremetal/bin/../lib/gcc/arm-altera-eabi/6.2.0\libgcc.a(_udivmoddi4.o)
                [!provide]                PROVIDE (__exidx_end, .)

.rel.dyn        0x0203ba78        0x0
 .rel.iplt      0x0203ba78        0x0 c:/intelfpga/18.1/embedded/host_tools/mentor/gnu/arm/baremetal/bin/../lib/gcc/arm-altera-eabi/6.2.0/crtbegin.o

.rodata         0x0203ba78     0xc580
 *(.rodata .rodata.* .gnu.linkonce.r.*)
 .rodata.main.str1.4
                0x0203ba78       0x5a Main_mAbassi.o
 *fill*         0x0203bad2        0x2 
 .rodata        0x0203bad4        0xc MyApp_MTL2.o
 .rodata.Task_FPGA_Button.str1.4
                0x0203bae0       0x4e MyApp_MTL2.o
 *fill*         0x0203bb2e        0x2 
 .rodata.Task_HPS_Led.str1.4
                0x0203bb30       0x5d MyApp_MTL2.o
 *fill*         0x0203bb8d        0x3 
 .rodata.Task_MTL2.str1.4
                0x0203bb90       0x92 MyApp_MTL2.o
                                 0x96 (size before relaxing)
 *fill*         0x0203bc22        0x2 
 .rodata.button_CallbackInterrupt.str1.4
                0x0203bc24       0x1e MyApp_MTL2.o
 *fill*         0x0203bc42        0x2 
 .rodata.cmd_ls.str1.4
                0x0203bc44       0x94 MyApp_MTL2.o
 .rodata.delay_us.str1.4
                0x0203bcd8       0x2d MyApp_MTL2.o
 *fill*         0x0203bd05        0x3 
 .rodata.spi_CallbackInterrupt.str1.4
                0x0203bd08       0xbd MyApp_MTL2.o
 *fill*         0x0203bdc5        0x3 
 .rodata.theFileName.9979
                0x0203bdc8        0x7 MyApp_MTL2.o
 *fill*         0x0203bdcf        0x1 
 .rodata.dma_init.str1.4
                0x0203bdd0        0x4 arm_pl330.o
 *fill*         0x0203bdd4        0x4 
 .rodata.g_DmaNames
                0x0203bdd8        0x5 arm_pl330.o
 *fill*         0x0203bddd        0x3 
 .rodata.g_SemNames
                0x0203bde0       0x38 arm_pl330.o
 .rodata.g_DMAchan
                0x0203be18       0x20 dw_i2c.o
 .rodata.g_DevReMap
                0x0203be38       0x10 dw_i2c.o
 .rodata.g_HWaddr
                0x0203be48       0x10 dw_i2c.o
 .rodata.g_MuxIO
                0x0203be58       0xc0 dw_i2c.o
 .rodata.g_Names
                0x0203bf18       0x40 dw_i2c.o
 .rodata.BSecho.7309
                0x0203bf58        0x2 dw_uart.o
 *fill*         0x0203bf5a        0x6 
 .rodata.g_DevReMap
                0x0203bf60        0x8 dw_uart.o
 .rodata.g_HWaddr
                0x0203bf68        0x8 dw_uart.o
 .rodata.g_Names
                0x0203bf70       0x40 dw_uart.o
 .rodata.MEDIAinfo.str1.4
                0x0203bfb0       0x10 MediaIF.o
 .rodata.MEDIAinit.str1.4
                0x0203bfc0       0x7b MediaIF.o
 *fill*         0x0203c03b        0x1 
 .rodata.MEDIAread.str1.4
                0x0203c03c       0x8b MediaIF.o
 *fill*         0x0203c0c7        0x1 
 .rodata.MEDIAwrite.str1.4
                0x0203c0c8       0x90 MediaIF.o
 .rodata.SDprepData.isra.1.constprop.6.str1.4
                0x0203c158       0x9e dw_sdmmc.o
 *fill*         0x0203c1f6        0x2 
 .rodata.g_FreqBase
                0x0203c1f8       0x10 dw_sdmmc.o
 .rodata.g_Names
                0x0203c208        0x8 dw_sdmmc.o
 .rodata.g_SpeedMult
                0x0203c210       0x40 dw_sdmmc.o
 .rodata.mmc_init.str1.4
                0x0203c250      0x53e dw_sdmmc.o
 *fill*         0x0203c78e        0x2 
 .rodata.mmc_sendcmd.constprop.3.str1.4
                0x0203c790       0x8f dw_sdmmc.o
 *fill*         0x0203c81f        0x1 
 .rodata.mmc_sendcmd.constprop.5.str1.4
                0x0203c820      0x159 dw_sdmmc.o
 *fill*         0x0203c979        0x3 
 .rodata.mmc_sendstatus.str1.4
                0x0203c97c       0x67 dw_sdmmc.o
 *fill*         0x0203c9e3        0x5 
 .rodata.ExCvt  0x0203c9e8       0x80 ff.o
 .rodata.LfnOfs
                0x0203ca68        0xd ff.o
 *fill*         0x0203ca75        0x3 
 .rodata.follow_path.str1.4
                0x0203ca78       0x13 ff.o
 *fill*         0x0203ca8b        0x5 
 .rodata.cvt1.7491
                0x0203ca90      0x1f2 ffunicode.o
 *fill*         0x0203cc82        0x6 
 .rodata.cvt2.7492
                0x0203cc88       0xbc ffunicode.o
 *fill*         0x0203cd44        0x4 
 .rodata.uc437  0x0203cd48      0x100 ffunicode.o
 .rodata.g_Names
                0x0203ce48       0x10 Abassi_FatFS.o
 .rodata.disk_status.str1.4
                0x0203ce58       0x13 Media_FatFS.o
                                  0x6 (size before relaxing)
 .rodata.LogPath.str1.4
                0x0203ce58        0x4 SysCall_FatFS.o
                                  0x8 (size before relaxing)
 .rodata.RealPath.str1.4
                0x0203ce5c       0x15 SysCall_FatFS.o
 *fill*         0x0203ce71        0x3 
 .rodata.SysCallInit.str1.4
                0x0203ce74       0x27 SysCall_FatFS.o
 *fill*         0x0203ce9b        0x1 
 .rodata.fstatfs.str1.4
                0x0203ce9c       0x1e SysCall_FatFS.o
                                 0x25 (size before relaxing)
 *fill*         0x0203ceba        0x2 
 .rodata.getcwd.str1.4
                0x0203cebc        0x2 SysCall_FatFS.o
 *fill*         0x0203cebe        0x2 
 .rodata.tahomabold_20_100
                0x0203cec0      0x152 tahomabold_20.o
 *fill*         0x0203d012        0x6 
 .rodata.tahomabold_20_101
                0x0203d018      0x138 tahomabold_20.o
 .rodata.tahomabold_20_102
                0x0203d150       0xd0 tahomabold_20.o
 .rodata.tahomabold_20_103
                0x0203d220      0x152 tahomabold_20.o
 *fill*         0x0203d372        0x6 
 .rodata.tahomabold_20_104
                0x0203d378      0x152 tahomabold_20.o
 *fill*         0x0203d4ca        0x6 
 .rodata.tahomabold_20_105
                0x0203d4d0       0x9c tahomabold_20.o
 *fill*         0x0203d56c        0x4 
 .rodata.tahomabold_20_106
                0x0203d570       0xea tahomabold_20.o
 *fill*         0x0203d65a        0x6 
 .rodata.tahomabold_20_107
                0x0203d660      0x138 tahomabold_20.o
 .rodata.tahomabold_20_108
                0x0203d798       0x9c tahomabold_20.o
 *fill*         0x0203d834        0x4 
 .rodata.tahomabold_20_109
                0x0203d838      0x1ee tahomabold_20.o
 *fill*         0x0203da26        0x2 
 .rodata.tahomabold_20_110
                0x0203da28      0x152 tahomabold_20.o
 *fill*         0x0203db7a        0x6 
 .rodata.tahomabold_20_111
                0x0203db80      0x138 tahomabold_20.o
 .rodata.tahomabold_20_112
                0x0203dcb8      0x152 tahomabold_20.o
 *fill*         0x0203de0a        0x6 
 .rodata.tahomabold_20_113
                0x0203de10      0x152 tahomabold_20.o
 *fill*         0x0203df62        0x6 
 .rodata.tahomabold_20_114
                0x0203df68       0xea tahomabold_20.o
 *fill*         0x0203e052        0x6 
 .rodata.tahomabold_20_115
                0x0203e058      0x104 tahomabold_20.o
 *fill*         0x0203e15c        0x4 
 .rodata.tahomabold_20_116
                0x0203e160       0xd0 tahomabold_20.o
 .rodata.tahomabold_20_117
                0x0203e230      0x152 tahomabold_20.o
 *fill*         0x0203e382        0x6 
 .rodata.tahomabold_20_118
                0x0203e388      0x138 tahomabold_20.o
 .rodata.tahomabold_20_119
                0x0203e4c0      0x1d4 tahomabold_20.o
 *fill*         0x0203e694        0x4 
 .rodata.tahomabold_20_120
                0x0203e698      0x138 tahomabold_20.o
 .rodata.tahomabold_20_121
                0x0203e7d0      0x138 tahomabold_20.o
 .rodata.tahomabold_20_122
                0x0203e908      0x11e tahomabold_20.o
 *fill*         0x0203ea26        0x2 
 .rodata.tahomabold_20_123
                0x0203ea28      0x138 tahomabold_20.o
 .rodata.tahomabold_20_124
                0x0203eb60      0x152 tahomabold_20.o
 *fill*         0x0203ecb2        0x6 
 .rodata.tahomabold_20_125
                0x0203ecb8      0x138 tahomabold_20.o
 .rodata.tahomabold_20_126
                0x0203edf0      0x1a0 tahomabold_20.o
 .rodata.tahomabold_20_33
                0x0203ef90       0xb6 tahomabold_20.o
 *fill*         0x0203f046        0x2 
 .rodata.tahomabold_20_34
                0x0203f048      0x104 tahomabold_20.o
 *fill*         0x0203f14c        0x4 
 .rodata.tahomabold_20_35
                0x0203f150      0x1a0 tahomabold_20.o
 .rodata.tahomabold_20_36
                0x0203f2f0      0x152 tahomabold_20.o
 *fill*         0x0203f442        0x6 
 .rodata.tahomabold_20_37
                0x0203f448      0x270 tahomabold_20.o
 .rodata.tahomabold_20_38
                0x0203f6b8      0x1ba tahomabold_20.o
 *fill*         0x0203f872        0x6 
 .rodata.tahomabold_20_39
                0x0203f878       0x9c tahomabold_20.o
 *fill*         0x0203f914        0x4 
 .rodata.tahomabold_20_40
                0x0203f918       0xea tahomabold_20.o
 *fill*         0x0203fa02        0x6 
 .rodata.tahomabold_20_41
                0x0203fa08       0xea tahomabold_20.o
 *fill*         0x0203faf2        0x6 
 .rodata.tahomabold_20_42
                0x0203faf8      0x152 tahomabold_20.o
 *fill*         0x0203fc4a        0x6 
 .rodata.tahomabold_20_43
                0x0203fc50      0x1a0 tahomabold_20.o
 .rodata.tahomabold_20_44
                0x0203fdf0       0x9c tahomabold_20.o
 *fill*         0x0203fe8c        0x4 
 .rodata.tahomabold_20_45
                0x0203fe90       0xea tahomabold_20.o
 *fill*         0x0203ff7a        0x6 
 .rodata.tahomabold_20_46
                0x0203ff80       0x9c tahomabold_20.o
 *fill*         0x0204001c        0x4 
 .rodata.tahomabold_20_47
                0x02040020      0x138 tahomabold_20.o
 .rodata.tahomabold_20_48
                0x02040158      0x152 tahomabold_20.o
 *fill*         0x020402aa        0x6 
 .rodata.tahomabold_20_49
                0x020402b0      0x152 tahomabold_20.o
 *fill*         0x02040402        0x6 
 .rodata.tahomabold_20_50
                0x02040408      0x152 tahomabold_20.o
 *fill*         0x0204055a        0x6 
 .rodata.tahomabold_20_51
                0x02040560      0x152 tahomabold_20.o
 *fill*         0x020406b2        0x6 
 .rodata.tahomabold_20_52
                0x020406b8      0x152 tahomabold_20.o
 *fill*         0x0204080a        0x6 
 .rodata.tahomabold_20_53
                0x02040810      0x152 tahomabold_20.o
 *fill*         0x02040962        0x6 
 .rodata.tahomabold_20_54
                0x02040968      0x152 tahomabold_20.o
 *fill*         0x02040aba        0x6 
 .rodata.tahomabold_20_55
                0x02040ac0      0x152 tahomabold_20.o
 *fill*         0x02040c12        0x6 
 .rodata.tahomabold_20_56
                0x02040c18      0x152 tahomabold_20.o
 *fill*         0x02040d6a        0x6 
 .rodata.tahomabold_20_57
                0x02040d70      0x152 tahomabold_20.o
 *fill*         0x02040ec2        0x6 
 .rodata.tahomabold_20_58
                0x02040ec8       0xb6 tahomabold_20.o
 *fill*         0x02040f7e        0x2 
 .rodata.tahomabold_20_59
                0x02040f80       0xb6 tahomabold_20.o
 *fill*         0x02041036        0x2 
 .rodata.tahomabold_20_60
                0x02041038      0x1a0 tahomabold_20.o
 .rodata.tahomabold_20_61
                0x020411d8      0x1a0 tahomabold_20.o
 .rodata.tahomabold_20_62
                0x02041378      0x1a0 tahomabold_20.o
 .rodata.tahomabold_20_63
                0x02041518      0x11e tahomabold_20.o
 *fill*         0x02041636        0x2 
 .rodata.tahomabold_20_64
                0x02041638      0x1d4 tahomabold_20.o
 *fill*         0x0204180c        0x4 
 .rodata.tahomabold_20_65
                0x02041810      0x16c tahomabold_20.o
 *fill*         0x0204197c        0x4 
 .rodata.tahomabold_20_66
                0x02041980      0x16c tahomabold_20.o
 *fill*         0x02041aec        0x4 
 .rodata.tahomabold_20_67
                0x02041af0      0x152 tahomabold_20.o
 *fill*         0x02041c42        0x6 
 .rodata.tahomabold_20_68
                0x02041c48      0x186 tahomabold_20.o
 *fill*         0x02041dce        0x2 
 .rodata.tahomabold_20_69
                0x02041dd0      0x138 tahomabold_20.o
 .rodata.tahomabold_20_70
                0x02041f08      0x138 tahomabold_20.o
 .rodata.tahomabold_20_71
                0x02042040      0x186 tahomabold_20.o
 *fill*         0x020421c6        0x2 
 .rodata.tahomabold_20_72
                0x020421c8      0x186 tahomabold_20.o
 *fill*         0x0204234e        0x2 
 .rodata.tahomabold_20_73
                0x02042350      0x104 tahomabold_20.o
 *fill*         0x02042454        0x4 
 .rodata.tahomabold_20_74
                0x02042458      0x104 tahomabold_20.o
 *fill*         0x0204255c        0x4 
 .rodata.tahomabold_20_75
                0x02042560      0x16c tahomabold_20.o
 *fill*         0x020426cc        0x4 
 .rodata.tahomabold_20_76
                0x020426d0      0x11e tahomabold_20.o
 *fill*         0x020427ee        0x2 
 .rodata.tahomabold_20_77
                0x020427f0      0x1d4 tahomabold_20.o
 *fill*         0x020429c4        0x4 
 .rodata.tahomabold_20_78
                0x020429c8      0x186 tahomabold_20.o
 *fill*         0x02042b4e        0x2 
 .rodata.tahomabold_20_79
                0x02042b50      0x186 tahomabold_20.o
 *fill*         0x02042cd6        0x2 
 .rodata.tahomabold_20_80
                0x02042cd8      0x152 tahomabold_20.o
 *fill*         0x02042e2a        0x6 
 .rodata.tahomabold_20_81
                0x02042e30      0x186 tahomabold_20.o
 *fill*         0x02042fb6        0x2 
 .rodata.tahomabold_20_82
                0x02042fb8      0x186 tahomabold_20.o
 *fill*         0x0204313e        0x2 
 .rodata.tahomabold_20_83
                0x02043140      0x152 tahomabold_20.o
 *fill*         0x02043292        0x6 
 .rodata.tahomabold_20_84
                0x02043298      0x138 tahomabold_20.o
 .rodata.tahomabold_20_85
                0x020433d0      0x186 tahomabold_20.o
 *fill*         0x02043556        0x2 
 .rodata.tahomabold_20_86
                0x02043558      0x16c tahomabold_20.o
 *fill*         0x020436c4        0x4 
 .rodata.tahomabold_20_87
                0x020436c8      0x222 tahomabold_20.o
 *fill*         0x020438ea        0x6 
 .rodata.tahomabold_20_88
                0x020438f0      0x16c tahomabold_20.o
 *fill*         0x02043a5c        0x4 
 .rodata.tahomabold_20_89
                0x02043a60      0x16c tahomabold_20.o
 *fill*         0x02043bcc        0x4 
 .rodata.tahomabold_20_90
                0x02043bd0      0x138 tahomabold_20.o
 .rodata.tahomabold_20_91
                0x02043d08       0xea tahomabold_20.o
 *fill*         0x02043df2        0x6 
 .rodata.tahomabold_20_92
                0x02043df8      0x138 tahomabold_20.o
 .rodata.tahomabold_20_93
                0x02043f30       0xea tahomabold_20.o
 *fill*         0x0204401a        0x6 
 .rodata.tahomabold_20_94
                0x02044020      0x1a0 tahomabold_20.o
 .rodata.tahomabold_20_95
                0x020441c0      0x152 tahomabold_20.o
 *fill*         0x02044312        0x6 
 .rodata.tahomabold_20_96
                0x02044318      0x11e tahomabold_20.o
 *fill*         0x02044436        0x2 
 .rodata.tahomabold_20_97
                0x02044438      0x138 tahomabold_20.o
 .rodata.tahomabold_20_98
                0x02044570      0x152 tahomabold_20.o
 *fill*         0x020446c2        0x6 
 .rodata.tahomabold_20_99
                0x020446c8      0x11e tahomabold_20.o
 *fill*         0x020447e6        0x2 
 .rodata.GUI.str1.4
                0x020447e8      0x130 gui.o
                                0x148 (size before relaxing)
 .rodata.GUI_DeskDraw.str1.4
                0x02044918       0x5c gui.o
 .rodata.GUI_checkNDraw.str1.4
                0x02044974        0x8 gui.o
 .rodata.incrCoordinate.str1.4
                0x0204497c       0x55 gui.o
 *fill*         0x020449d1        0x3 
 .rodata.vid_draw_box.str1.4
                0x020449d4       0x1e simple_graphics.o
 *fill*         0x020449f2        0x2 
 .rodata.OC_I2C_Read.str1.4
                0x020449f4       0x5f I2C_core.o
 *fill*         0x02044a53        0x1 
 .rodata.oc_i2c_init.str1.4
                0x02044a54       0x34 I2C_core.o
 .rodata.success.str1.4
                0x02044a88       0x12 game.o
 *fill*         0x02044a9a        0x2 
 .rodata.G_ABORTstackSize
                0x02044a9c        0x4 mAbassiCfgA9.o
                0x02044a9c                G_ABORTstackSize
 .rodata.G_FIQstackSize
                0x02044aa0        0x4 mAbassiCfgA9.o
                0x02044aa0                G_FIQstackSize
 .rodata.G_IRQstackSize
                0x02044aa4        0x4 mAbassiCfgA9.o
                0x02044aa4                G_IRQstackSize
 .rodata.G_MMUnonCachedTbl
                0x02044aa8        0xc mAbassiCfgA9.o
                0x02044aa8                G_MMUnonCachedTbl
 *fill*         0x02044ab4        0x4 
 .rodata.G_MMUnonCprivTbl
                0x02044ab8       0x10 mAbassiCfgA9.o
                0x02044ab8                G_MMUnonCprivTbl
 .rodata.G_MMUprivateTbl
                0x02044ac8       0x10 mAbassiCfgA9.o
                0x02044ac8                G_MMUprivateTbl
 .rodata.G_MMUsharedTbl
                0x02044ad8        0xc mAbassiCfgA9.o
                0x02044ad8                G_MMUsharedTbl
 .rodata.G_SUPERstackSize
                0x02044ae4        0x4 mAbassiCfgA9.o
                0x02044ae4                G_SUPERstackSize
 .rodata.G_UNDEFstackSize
                0x02044ae8        0x4 mAbassiCfgA9.o
                0x02044ae8                G_UNDEFstackSize
 .rodata.CmdEdit.str1.4
                0x02044aec      0x1a9 Shell.o
 *fill*         0x02044c95        0x3 
 .rodata.CmdEvt.str1.4
                0x02044c98       0xf2 Shell.o
                                 0xf8 (size before relaxing)
 *fill*         0x02044d8a        0x2 
 .rodata.CmdGrp.str1.4
                0x02044d8c      0x38d Shell.o
                                0x391 (size before relaxing)
 *fill*         0x02045119        0x3 
 .rodata.CmdHelp.str1.4
                0x0204511c      0x1ec Shell.o
 .rodata.CmdLog.str1.4
                0x02045308       0x36 Shell.o
 *fill*         0x0204533e        0x2 
 .rodata.CmdMblk.str1.4
                0x02045340       0xc2 Shell.o
 *fill*         0x02045402        0x2 
 .rodata.CmdMbx.str1.4
                0x02045404      0x50f Shell.o
                                0x514 (size before relaxing)
 *fill*         0x02045913        0x1 
 .rodata.CmdMem.str1.4
                0x02045914      0x188 Shell.o
 .rodata.CmdMtx.str1.4
                0x02045a9c      0x4e6 Shell.o
                                0x50a (size before relaxing)
 *fill*         0x02045f82        0x2 
 .rodata.CmdSem.str1.4
                0x02045f84      0x431 Shell.o
 *fill*         0x020463b5        0x3 
 .rodata.CmdSys.str1.4
                0x020463b8      0x11c Shell.o
                                0x120 (size before relaxing)
 .rodata.CmdTask.str1.4
                0x020464d4      0xc82 Shell.o
                                0xc9a (size before relaxing)
 *fill*         0x02047156        0x2 
 .rodata.CmdTim.str1.4
                0x02047158      0x785 Shell.o
                                0x78d (size before relaxing)
 *fill*         0x020478dd        0x3 
 .rodata.CommandLst
                0x020478e0       0x70 Shell.o
 .rodata.OSshell.str1.4
                0x02047950       0x55 Shell.o
 *fill*         0x020479a5        0x3 
 .rodata.PrtResult.str1.4
                0x020479a8      0x1b1 Shell.o
 *fill*         0x02047b59        0x7 
 .rodata.G_OSnoName
                0x02047b60        0x4 ../../mAbassi/Platform/lib\lib_mAbassi_EVAL_GCC_AR5_CY5.a(mAbassi_EVAL_A9_GCC_2_NR.o)
                0x02047b60                G_OSnoName
 *fill*         0x02047b64        0x4 
 .rodata.G_OSprivName
                0x02047b68        0x5 ../../mAbassi/Platform/lib\lib_mAbassi_EVAL_GCC_AR5_CY5.a(mAbassi_EVAL_A9_GCC_2_NR.o)
                0x02047b68                G_OSprivName
 *fill*         0x02047b6d        0x3 
 .rodata.OSstart.str1.4
                0x02047b70       0x14 ../../mAbassi/Platform/lib\lib_mAbassi_EVAL_GCC_AR5_CY5.a(mAbassi_EVAL_A9_GCC_2_NR.o)
 *fill*         0x02047b84        0x4 
 .rodata.g_OSMutexName
                0x02047b88        0x6 ../../mAbassi/Platform/lib\lib_mAbassi_EVAL_GCC_AR5_CY5.a(mAbassi_EVAL_A9_GCC_2_NR.o)
                0x02047b88                g_OSMutexName
 *fill*         0x02047b8e        0x2 
 .rodata        0x02047b90        0x4 c:/intelfpga/18.1/embedded/host_tools/mentor/gnu/arm/baremetal/bin/../lib/gcc/arm-altera-eabi/6.2.0/../../../../arm-altera-eabi/lib\libc.a(lib_a-impure.o)
                0x02047b90                _global_impure_ptr
 .rodata.str1.4
                0x02047b94        0xa c:/intelfpga/18.1/embedded/host_tools/mentor/gnu/arm/baremetal/bin/../lib/gcc/arm-altera-eabi/6.2.0/../../../../arm-altera-eabi/lib\libc.a(lib_a-locale.o)
                                 0x12 (size before relaxing)
 *fill*         0x02047b9e        0x2 
 .rodata        0x02047ba0       0x60 c:/intelfpga/18.1/embedded/host_tools/mentor/gnu/arm/baremetal/bin/../lib/gcc/arm-altera-eabi/6.2.0/../../../../arm-altera-eabi/lib\libc.a(lib_a-mktime.o)
 .rodata        0x02047c00       0x60 c:/intelfpga/18.1/embedded/host_tools/mentor/gnu/arm/baremetal/bin/../lib/gcc/arm-altera-eabi/6.2.0/../../../../arm-altera-eabi/lib\libc.a(lib_a-month_lengths.o)
                0x02047c00                __month_lengths
 .rodata.str1.4
                0x02047c60        0xa c:/intelfpga/18.1/embedded/host_tools/mentor/gnu/arm/baremetal/bin/../lib/gcc/arm-altera-eabi/6.2.0/../../../../arm-altera-eabi/lib\libc.a(lib_a-puts.o)
                                  0x2 (size before relaxing)
 .rodata.str1.4
                0x02047c60       0x53 c:/intelfpga/18.1/embedded/host_tools/mentor/gnu/arm/baremetal/bin/../lib/gcc/arm-altera-eabi/6.2.0/../../../../arm-altera-eabi/lib\libc.a(lib_a-tzset_r.o)
 .rodata.str1.4
                0x02047cb3        0x4 c:/intelfpga/18.1/embedded/host_tools/mentor/gnu/arm/baremetal/bin/../lib/gcc/arm-altera-eabi/6.2.0/../../../../arm-altera-eabi/lib\libc.a(lib_a-tzvars.o)
 *fill*         0x02047cb3        0x1 
 .rodata        0x02047cb4       0x20 c:/intelfpga/18.1/embedded/host_tools/mentor/gnu/arm/baremetal/bin/../lib/gcc/arm-altera-eabi/6.2.0/../../../../arm-altera-eabi/lib\libc.a(lib_a-vfprintf.o)
 .rodata.str1.4
                0x02047cd4       0x3f c:/intelfpga/18.1/embedded/host_tools/mentor/gnu/arm/baremetal/bin/../lib/gcc/arm-altera-eabi/6.2.0/../../../../arm-altera-eabi/lib\libc.a(lib_a-vfprintf.o)
                                 0x42 (size before relaxing)
 *fill*         0x02047d13        0x1 
 .rodata        0x02047d14      0x101 c:/intelfpga/18.1/embedded/host_tools/mentor/gnu/arm/baremetal/bin/../lib/gcc/arm-altera-eabi/6.2.0/../../../../arm-altera-eabi/lib\libc.a(lib_a-ctype_.o)
                0x02047d14                _ctype_
 *fill*         0x02047e15        0x3 
 .rodata.str1.4
                0x02047e18       0x10 c:/intelfpga/18.1/embedded/host_tools/mentor/gnu/arm/baremetal/bin/../lib/gcc/arm-altera-eabi/6.2.0/../../../../arm-altera-eabi/lib\libc.a(lib_a-dtoa.o)
                                 0x12 (size before relaxing)
 .rodata        0x02047e28      0x128 c:/intelfpga/18.1/embedded/host_tools/mentor/gnu/arm/baremetal/bin/../lib/gcc/arm-altera-eabi/6.2.0/../../../../arm-altera-eabi/lib\libc.a(lib_a-mprec.o)
                0x02047e38                __mprec_tens
                0x02047f00                __mprec_tinytens
                0x02047f28                __mprec_bigtens
 .rodata        0x02047f50       0x22 c:/intelfpga/18.1/embedded/host_tools/mentor/gnu/arm/baremetal/bin/../lib/gcc/arm-altera-eabi/6.2.0/../../../../arm-altera-eabi/lib\libc.a(lib_a-svfiscanf.o)
 *fill*         0x02047f72        0x2 
 .rodata        0x02047f74       0x20 c:/intelfpga/18.1/embedded/host_tools/mentor/gnu/arm/baremetal/bin/../lib/gcc/arm-altera-eabi/6.2.0/../../../../arm-altera-eabi/lib\libc.a(lib_a-vfiprintf.o)
 .rodata.str1.4
                0x02047f94       0x2f c:/intelfpga/18.1/embedded/host_tools/mentor/gnu/arm/baremetal/bin/../lib/gcc/arm-altera-eabi/6.2.0/../../../../arm-altera-eabi/lib\libc.a(lib_a-vfiprintf.o)
 .rodata.str1.4
                0x02047f94        0x1 c:/intelfpga/18.1/embedded/host_tools/mentor/gnu/arm/baremetal/bin/../lib/gcc/arm-altera-eabi/6.2.0/../../../../arm-altera-eabi/lib\libc.a(lib_a-mbrtowc.o)
                0x02047fc4                . = ALIGN (0x4)
 *(.init)
 .init          0x02047f94        0xc c:/intelfpga/18.1/embedded/host_tools/mentor/gnu/arm/baremetal/bin/../lib/gcc/arm-altera-eabi/6.2.0/crti.o
                0x02047f94                _init
 .init          0x02047fa0        0xc c:/intelfpga/18.1/embedded/host_tools/mentor/gnu/arm/baremetal/bin/../lib/gcc/arm-altera-eabi/6.2.0/crtn.o
                0x02047fc4                . = ALIGN (0x4)
                0x02047fc4                __preinit_array_start = .
 *(.preinit_array)
                0x02047fc4                __preinit_array_end = .
                0x02047fc4                . = ALIGN (0x4)
                0x02047fc4                __init_array_start = .
 *(SORT(.init_array.*))
 .init_array.00000
                0x02047fac        0x4 c:/intelfpga/18.1/embedded/host_tools/mentor/gnu/arm/baremetal/bin/../lib/gcc/arm-altera-eabi/6.2.0/../../../../arm-altera-eabi/lib\libc.a(lib_a-mlock.o)
 .init_array.00000
                0x02047fb0        0x4 c:/intelfpga/18.1/embedded/host_tools/mentor/gnu/arm/baremetal/bin/../lib/gcc/arm-altera-eabi/6.2.0/../../../../arm-altera-eabi/lib\libc.a(lib_a-tzlock.o)
 .init_array.00000
                0x02047fb4        0x8 c:/intelfpga/18.1/embedded/host_tools/mentor/gnu/arm/baremetal/bin/../lib/gcc/arm-altera-eabi/6.2.0/../../../../arm-altera-eabi/lib\libc.a(lib_a-findfp.o)
 .init_array.00000
                0x02047fbc        0x4 c:/intelfpga/18.1/embedded/host_tools/mentor/gnu/arm/baremetal/bin/../lib/gcc/arm-altera-eabi/6.2.0/../../../../arm-altera-eabi/lib\libc.a(lib_a-envlock.o)
 *(.init_array)
 .init_array    0x02047fc0        0x4 c:/intelfpga/18.1/embedded/host_tools/mentor/gnu/arm/baremetal/bin/../lib/gcc/arm-altera-eabi/6.2.0/crtbegin.o
                0x02047fc4                __init_array_end = .
                0x02047fc4                . = ALIGN (0x4)
 *(.fini)
 .fini          0x02047fc4        0xc c:/intelfpga/18.1/embedded/host_tools/mentor/gnu/arm/baremetal/bin/../lib/gcc/arm-altera-eabi/6.2.0/crti.o
                0x02047fc4                _fini
 .fini          0x02047fd0        0xc c:/intelfpga/18.1/embedded/host_tools/mentor/gnu/arm/baremetal/bin/../lib/gcc/arm-altera-eabi/6.2.0/crtn.o
                0x02047fdc                . = ALIGN (0x4)
                0x02047fdc                __fini_array_start = .
 *(.fini_array)
 .fini_array    0x02047fdc        0x4 c:/intelfpga/18.1/embedded/host_tools/mentor/gnu/arm/baremetal/bin/../lib/gcc/arm-altera-eabi/6.2.0/crtbegin.o
 *(SORT(.fini_array.*))
                0x02047fe0                __fini_array_end = .
                0x02047fe0                . = ALIGN (0x4)
 *crtbegin.o(.ctors)
 *crtbegin?.o(.ctors)
 *(EXCLUDE_FILE(*crtend.o) .ctors)
 *(SORT(.ctors.*))
 *crtend.o(.ctors)
 *(.ctors)
                0x02047fe0                . = ALIGN (0x4)
 *crtbegin.o(.dtors)
 *crtbegin?.o(.dtors)
 *(EXCLUDE_FILE(*crtend.o) .dtors)
 *(SORT(.dtors.*))
 *crtend.o(.dtors)
 *(.dtors)
                0x02047fe0                . = ALIGN (0x4)
                0x02047fe0                __cs3_regions = .
                0x02047fe0        0x4 LONG 0x0
                0x02047fe4        0x4 LONG 0x2000000 __cs3_region_init_ram
                0x02047fe8        0x4 LONG 0x2000000 __cs3_region_start_ram
                0x02047fec        0x4 LONG 0x496c8 __cs3_region_init_size_ram
                0x02047ff0        0x4 LONG 0x1003cab0 __cs3_region_zero_size_ram
                0x02047ff4                __cs3_regions_end = .
                0x02047ff8                . = ALIGN (0x8)
 *fill*         0x02047ff4        0x4 
                0x02047ff8                _etext = .
                0x00000001                ASSERT (! ((__cs3_region_init_ram & 0x7)), __cs3_region_init_ram not aligned)
                0x00000001                ASSERT (! ((__cs3_region_start_ram & 0x7)), __cs3_region_start_ram not aligned)
                0x00000001                ASSERT (! ((__cs3_region_init_size_ram & 0x7)), __cs3_region_init_size_ram not aligned)
                0x00000001                ASSERT (! ((__cs3_region_zero_size_ram & 0x7)), __cs3_region_zero_size_ram not aligned)
                0x02047ff8                __etext = .

.data           0x02047ff8     0x16d0
                0x02047ff8                _fdata = .
                0x02047ff8                __data_start__ = .
 *(vtable)
 *(.data*)
 .data.fpga_buttons
                0x02047ff8        0x4 MyApp_MTL2.o
                0x02047ff8                fpga_buttons
 .data.fpga_i2c
                0x02047ffc        0x4 MyApp_MTL2.o
                0x02047ffc                fpga_i2c
 .data.fpga_leds
                0x02048000        0x4 MyApp_MTL2.o
                0x02048000                fpga_leds
 .data.fpga_mtc2
                0x02048004        0x4 MyApp_MTL2.o
                0x02048004                fpga_mtc2
 .data.fpga_spi
                0x02048008        0x4 MyApp_MTL2.o
                0x02048008                fpga_spi
 .data.tahomabold_20
                0x0204800c      0xbc0 tahomabold_20.o
                0x0204800c                tahomabold_20
 .data.InitFlag.8747
                0x02048bcc        0x4 gui.o
 .data.XR.8753  0x02048bd0        0x2 gui.o
 .data.YR.8754  0x02048bd2        0x2 gui.o
 .data.alt_ext_clk_paramblok
                0x02048bd4       0x40 alt_clock_manager.o
 .data.alt_pll_clk_paramblok
                0x02048c14       0x60 alt_clock_manager.o
 *fill*         0x02048c74        0x4 
 .data.ExpiryCnt.7521
                0x02048c78        0x8 ../../mAbassi/Platform/lib\lib_mAbassi_EVAL_GCC_AR5_CY5.a(mAbassi_EVAL_A9_GCC_2_NR.o)
 .data.ExpiryPrv.7522
                0x02048c80        0x8 ../../mAbassi/Platform/lib\lib_mAbassi_EVAL_GCC_AR5_CY5.a(mAbassi_EVAL_A9_GCC_2_NR.o)
 .data          0x02048c88       0x3c ../../mAbassi/Platform/lib\lib_mAbassi_EVAL_GCC_AR5_CY5.a(mAbassi_EVAL_GCC_AR5_CY5_NR.o)
                0x02048c8c                DATAabort_Handler
                0x02048c8c                __cs3_isr_dabort
                0x02048ca0                FIQ_Handler
                0x02048ca0                __cs3_isr_fiq
                0x02048ca4                __cs3_isr_pabort
                0x02048ca4                PFabort_Handler
                0x02048cb4                __cs3_isr_undef
                0x02048cb4                Undef_Handler
 *fill*         0x02048cc4        0x4 
 .data          0x02048cc8      0x430 c:/intelfpga/18.1/embedded/host_tools/mentor/gnu/arm/baremetal/bin/../lib/gcc/arm-altera-eabi/6.2.0/../../../../arm-altera-eabi/lib\libc.a(lib_a-impure.o)
                0x02048cc8                _impure_ptr
 .data          0x020490f8      0x16c c:/intelfpga/18.1/embedded/host_tools/mentor/gnu/arm/baremetal/bin/../lib/gcc/arm-altera-eabi/6.2.0/../../../../arm-altera-eabi/lib\libc.a(lib_a-locale.o)
                0x020490f8                __global_locale
 .data          0x02049264      0x410 c:/intelfpga/18.1/embedded/host_tools/mentor/gnu/arm/baremetal/bin/../lib/gcc/arm-altera-eabi/6.2.0/../../../../arm-altera-eabi/lib\libc.a(lib_a-mallocr.o)
                0x02049264                __malloc_av_
                0x0204966c                __malloc_sbrk_base
                0x02049670                __malloc_trim_threshold
 .data          0x02049674        0x8 c:/intelfpga/18.1/embedded/host_tools/mentor/gnu/arm/baremetal/bin/../lib/gcc/arm-altera-eabi/6.2.0/../../../../arm-altera-eabi/lib\libc.a(lib_a-tzvars.o)
                0x02049674                _tzname
 .data          0x0204967c       0x40 c:/intelfpga/18.1/embedded/host_tools/mentor/gnu/arm/baremetal/bin/../lib/gcc/arm-altera-eabi/6.2.0/../../../../arm-altera-eabi/lib\libc.a(lib_a-gettzinfo.o)
 .data          0x020496bc        0x4 c:/intelfpga/18.1/embedded/host_tools/mentor/gnu/arm/baremetal/bin/../lib/gcc/arm-altera-eabi/6.2.0/../../../../arm-altera-eabi/lib\libc.a(lib_a-environ.o)
                0x020496bc                environ
 *(.jcr*)
 .jcr           0x020496c0        0x0 c:/intelfpga/18.1/embedded/host_tools/mentor/gnu/arm/baremetal/bin/../lib/gcc/arm-altera-eabi/6.2.0/crtbegin.o
 .jcr           0x020496c0        0x4 c:/intelfpga/18.1/embedded/host_tools/mentor/gnu/arm/baremetal/bin/../lib/gcc/arm-altera-eabi/6.2.0/crtend.o
                0x020496c8                . = ALIGN (0x8)